Archive member included to satisfy reference by file (symbol)

d:/program files/stm32cubeide_1.12.1/stm32cubeide/plugins/com.st.stm32cube.ide.mcu.externaltools.gnu-tools-for-stm32.10.3-2021.10.win32_1.0.200.202301161003/tools/bin/../lib/gcc/arm-none-eabi/10.3.1/../../../../arm-none-eabi/lib/thumb/v7e-m+fp/hard\libc_nano.a(lib_a-errno.o)
                              ./Core/Src/syscalls.o (__errno)
d:/program files/stm32cubeide_1.12.1/stm32cubeide/plugins/com.st.stm32cube.ide.mcu.externaltools.gnu-tools-for-stm32.10.3-2021.10.win32_1.0.200.202301161003/tools/bin/../lib/gcc/arm-none-eabi/10.3.1/../../../../arm-none-eabi/lib/thumb/v7e-m+fp/hard\libc_nano.a(lib_a-exit.o)
                              d:/program files/stm32cubeide_1.12.1/stm32cubeide/plugins/com.st.stm32cube.ide.mcu.externaltools.gnu-tools-for-stm32.10.3-2021.10.win32_1.0.200.202301161003/tools/bin/../lib/gcc/arm-none-eabi/10.3.1/../../../../arm-none-eabi/lib/thumb/v7e-m+fp/hard/crt0.o (exit)
d:/program files/stm32cubeide_1.12.1/stm32cubeide/plugins/com.st.stm32cube.ide.mcu.externaltools.gnu-tools-for-stm32.10.3-2021.10.win32_1.0.200.202301161003/tools/bin/../lib/gcc/arm-none-eabi/10.3.1/../../../../arm-none-eabi/lib/thumb/v7e-m+fp/hard\libc_nano.a(lib_a-impure.o)
                              d:/program files/stm32cubeide_1.12.1/stm32cubeide/plugins/com.st.stm32cube.ide.mcu.externaltools.gnu-tools-for-stm32.10.3-2021.10.win32_1.0.200.202301161003/tools/bin/../lib/gcc/arm-none-eabi/10.3.1/../../../../arm-none-eabi/lib/thumb/v7e-m+fp/hard\libc_nano.a(lib_a-exit.o) (_global_impure_ptr)
d:/program files/stm32cubeide_1.12.1/stm32cubeide/plugins/com.st.stm32cube.ide.mcu.externaltools.gnu-tools-for-stm32.10.3-2021.10.win32_1.0.200.202301161003/tools/bin/../lib/gcc/arm-none-eabi/10.3.1/../../../../arm-none-eabi/lib/thumb/v7e-m+fp/hard\libc_nano.a(lib_a-init.o)
                              d:/program files/stm32cubeide_1.12.1/stm32cubeide/plugins/com.st.stm32cube.ide.mcu.externaltools.gnu-tools-for-stm32.10.3-2021.10.win32_1.0.200.202301161003/tools/bin/../lib/gcc/arm-none-eabi/10.3.1/../../../../arm-none-eabi/lib/thumb/v7e-m+fp/hard/crt0.o (__libc_init_array)
d:/program files/stm32cubeide_1.12.1/stm32cubeide/plugins/com.st.stm32cube.ide.mcu.externaltools.gnu-tools-for-stm32.10.3-2021.10.win32_1.0.200.202301161003/tools/bin/../lib/gcc/arm-none-eabi/10.3.1/../../../../arm-none-eabi/lib/thumb/v7e-m+fp/hard\libc_nano.a(lib_a-memset.o)
                              d:/program files/stm32cubeide_1.12.1/stm32cubeide/plugins/com.st.stm32cube.ide.mcu.externaltools.gnu-tools-for-stm32.10.3-2021.10.win32_1.0.200.202301161003/tools/bin/../lib/gcc/arm-none-eabi/10.3.1/../../../../arm-none-eabi/lib/thumb/v7e-m+fp/hard/crt0.o (memset)
d:/program files/stm32cubeide_1.12.1/stm32cubeide/plugins/com.st.stm32cube.ide.mcu.externaltools.gnu-tools-for-stm32.10.3-2021.10.win32_1.0.200.202301161003/tools/bin/../lib/gcc/arm-none-eabi/10.3.1/thumb/v7e-m+fp/hard\libgcc.a(_aeabi_uldivmod.o)
                              ./Drivers/STM32G4xx_HAL_Driver/Src/stm32g4xx_ll_lpuart.o (__aeabi_uldivmod)
d:/program files/stm32cubeide_1.12.1/stm32cubeide/plugins/com.st.stm32cube.ide.mcu.externaltools.gnu-tools-for-stm32.10.3-2021.10.win32_1.0.200.202301161003/tools/bin/../lib/gcc/arm-none-eabi/10.3.1/thumb/v7e-m+fp/hard\libgcc.a(_udivmoddi4.o)
                              d:/program files/stm32cubeide_1.12.1/stm32cubeide/plugins/com.st.stm32cube.ide.mcu.externaltools.gnu-tools-for-stm32.10.3-2021.10.win32_1.0.200.202301161003/tools/bin/../lib/gcc/arm-none-eabi/10.3.1/thumb/v7e-m+fp/hard\libgcc.a(_aeabi_uldivmod.o) (__udivmoddi4)
d:/program files/stm32cubeide_1.12.1/stm32cubeide/plugins/com.st.stm32cube.ide.mcu.externaltools.gnu-tools-for-stm32.10.3-2021.10.win32_1.0.200.202301161003/tools/bin/../lib/gcc/arm-none-eabi/10.3.1/thumb/v7e-m+fp/hard\libgcc.a(_dvmd_tls.o)
                              d:/program files/stm32cubeide_1.12.1/stm32cubeide/plugins/com.st.stm32cube.ide.mcu.externaltools.gnu-tools-for-stm32.10.3-2021.10.win32_1.0.200.202301161003/tools/bin/../lib/gcc/arm-none-eabi/10.3.1/thumb/v7e-m+fp/hard\libgcc.a(_aeabi_uldivmod.o) (__aeabi_ldiv0)

Discarded input sections

 .text          0x0000000000000000        0x0 d:/program files/stm32cubeide_1.12.1/stm32cubeide/plugins/com.st.stm32cube.ide.mcu.externaltools.gnu-tools-for-stm32.10.3-2021.10.win32_1.0.200.202301161003/tools/bin/../lib/gcc/arm-none-eabi/10.3.1/thumb/v7e-m+fp/hard/crti.o
 .data          0x0000000000000000        0x0 d:/program files/stm32cubeide_1.12.1/stm32cubeide/plugins/com.st.stm32cube.ide.mcu.externaltools.gnu-tools-for-stm32.10.3-2021.10.win32_1.0.200.202301161003/tools/bin/../lib/gcc/arm-none-eabi/10.3.1/thumb/v7e-m+fp/hard/crti.o
 .bss           0x0000000000000000        0x0 d:/program files/stm32cubeide_1.12.1/stm32cubeide/plugins/com.st.stm32cube.ide.mcu.externaltools.gnu-tools-for-stm32.10.3-2021.10.win32_1.0.200.202301161003/tools/bin/../lib/gcc/arm-none-eabi/10.3.1/thumb/v7e-m+fp/hard/crti.o
[...]
Memory Configuration

Name             Origin             Length             Attributes
RAM              0x0000000020000000 0x000000000001c000 xrw
FLASH            0x0000000008000000 0x0000000000080000 xr
*default*        0x0000000000000000 0xffffffffffffffff

Linker script and memory map

LOAD d:/program files/stm32cubeide_1.12.1/stm32cubeide/plugins/com.st.stm32cube.ide.mcu.externaltools.gnu-tools-for-stm32.10.3-2021.10.win32_1.0.200.202301161003/tools/bin/../lib/gcc/arm-none-eabi/10.3.1/thumb/v7e-m+fp/hard/crti.o
LOAD d:/program files/stm32cubeide_1.12.1/stm32cubeide/plugins/com.st.stm32cube.ide.mcu.externaltools.gnu-tools-for-stm32.10.3-2021.10.win32_1.0.200.202301161003/tools/bin/../lib/gcc/arm-none-eabi/10.3.1/thumb/v7e-m+fp/hard/crtbegin.o
LOAD d:/program files/stm32cubeide_1.12.1/stm32cubeide/plugins/com.st.stm32cube.ide.mcu.externaltools.gnu-tools-for-stm32.10.3-2021.10.win32_1.0.200.202301161003/tools/bin/../lib/gcc/arm-none-eabi/10.3.1/../../../../arm-none-eabi/lib/thumb/v7e-m+fp/hard/crt0.o
LOAD ./Core/Src/LoRa.o
LOAD ./Core/Src/gpio.o
LOAD ./Core/Src/main.o
LOAD ./Core/Src/spi.o
LOAD ./Core/Src/stm32g4xx_hal_msp.o
LOAD ./Core/Src/stm32g4xx_it.o
LOAD ./Core/Src/syscalls.o
LOAD ./Core/Src/sysmem.o
LOAD ./Core/Src/system_stm32g4xx.o
LOAD ./Core/Src/tim.o
LOAD ./Core/Src/usart.o
LOAD ./Core/Startup/startup_stm32g491retx.o
LOAD ./Drivers/STM32G4xx_HAL_Driver/Src/stm32g4xx_hal.o
LOAD ./Drivers/STM32G4xx_HAL_Driver/Src/stm32g4xx_hal_cortex.o
LOAD ./Drivers/STM32G4xx_HAL_Driver/Src/stm32g4xx_hal_dma.o
LOAD ./Drivers/STM32G4xx_HAL_Driver/Src/stm32g4xx_hal_dma_ex.o
LOAD ./Drivers/STM32G4xx_HAL_Driver/Src/stm32g4xx_hal_exti.o
LOAD ./Drivers/STM32G4xx_HAL_Driver/Src/stm32g4xx_hal_flash.o
LOAD ./Drivers/STM32G4xx_HAL_Driver/Src/stm32g4xx_hal_flash_ex.o
LOAD ./Drivers/STM32G4xx_HAL_Driver/Src/stm32g4xx_hal_flash_ramfunc.o
LOAD ./Drivers/STM32G4xx_HAL_Driver/Src/stm32g4xx_hal_gpio.o
LOAD ./Drivers/STM32G4xx_HAL_Driver/Src/stm32g4xx_hal_pwr.o
LOAD ./Drivers/STM32G4xx_HAL_Driver/Src/stm32g4xx_hal_pwr_ex.o
LOAD ./Drivers/STM32G4xx_HAL_Driver/Src/stm32g4xx_hal_rcc.o
LOAD ./Drivers/STM32G4xx_HAL_Driver/Src/stm32g4xx_hal_rcc_ex.o
LOAD ./Drivers/STM32G4xx_HAL_Driver/Src/stm32g4xx_hal_tim.o
LOAD ./Drivers/STM32G4xx_HAL_Driver/Src/stm32g4xx_hal_tim_ex.o
LOAD ./Drivers/STM32G4xx_HAL_Driver/Src/stm32g4xx_ll_dma.o
LOAD ./Drivers/STM32G4xx_HAL_Driver/Src/stm32g4xx_ll_exti.o
LOAD ./Drivers/STM32G4xx_HAL_Driver/Src/stm32g4xx_ll_gpio.o
LOAD ./Drivers/STM32G4xx_HAL_Driver/Src/stm32g4xx_ll_lpuart.o
LOAD ./Drivers/STM32G4xx_HAL_Driver/Src/stm32g4xx_ll_rcc.o
LOAD ./Drivers/STM32G4xx_HAL_Driver/Src/stm32g4xx_ll_spi.o
LOAD ./Drivers/STM32G4xx_HAL_Driver/Src/stm32g4xx_ll_utils.o
START GROUP
LOAD d:/program files/stm32cubeide_1.12.1/stm32cubeide/plugins/com.st.stm32cube.ide.mcu.externaltools.gnu-tools-for-stm32.10.3-2021.10.win32_1.0.200.202301161003/tools/bin/../lib/gcc/arm-none-eabi/10.3.1/../../../../arm-none-eabi/lib/thumb/v7e-m+fp/hard\libc_nano.a
LOAD d:/program files/stm32cubeide_1.12.1/stm32cubeide/plugins/com.st.stm32cube.ide.mcu.externaltools.gnu-tools-for-stm32.10.3-2021.10.win32_1.0.200.202301161003/tools/bin/../lib/gcc/arm-none-eabi/10.3.1/../../../../arm-none-eabi/lib/thumb/v7e-m+fp/hard\libm.a
END GROUP
START GROUP
LOAD d:/program files/stm32cubeide_1.12.1/stm32cubeide/plugins/com.st.stm32cube.ide.mcu.externaltools.gnu-tools-for-stm32.10.3-2021.10.win32_1.0.200.202301161003/tools/bin/../lib/gcc/arm-none-eabi/10.3.1/thumb/v7e-m+fp/hard\libgcc.a
LOAD d:/program files/stm32cubeide_1.12.1/stm32cubeide/plugins/com.st.stm32cube.ide.mcu.externaltools.gnu-tools-for-stm32.10.3-2021.10.win32_1.0.200.202301161003/tools/bin/../lib/gcc/arm-none-eabi/10.3.1/../../../../arm-none-eabi/lib/thumb/v7e-m+fp/hard\libc_nano.a
END GROUP
START GROUP
LOAD d:/program files/stm32cubeide_1.12.1/stm32cubeide/plugins/com.st.stm32cube.ide.mcu.externaltools.gnu-tools-for-stm32.10.3-2021.10.win32_1.0.200.202301161003/tools/bin/../lib/gcc/arm-none-eabi/10.3.1/thumb/v7e-m+fp/hard\libgcc.a
LOAD d:/program files/stm32cubeide_1.12.1/stm32cubeide/plugins/com.st.stm32cube.ide.mcu.externaltools.gnu-tools-for-stm32.10.3-2021.10.win32_1.0.200.202301161003/tools/bin/../lib/gcc/arm-none-eabi/10.3.1/../../../../arm-none-eabi/lib/thumb/v7e-m+fp/hard\libc_nano.a
LOAD d:/program files/stm32cubeide_1.12.1/stm32cubeide/plugins/com.st.stm32cube.ide.mcu.externaltools.gnu-tools-for-stm32.10.3-2021.10.win32_1.0.200.202301161003/tools/bin/../lib/gcc/arm-none-eabi/10.3.1/../../../../arm-none-eabi/lib/thumb/v7e-m+fp/hard\libnosys.a
END GROUP
START GROUP
LOAD d:/program files/stm32cubeide_1.12.1/stm32cubeide/plugins/com.st.stm32cube.ide.mcu.externaltools.gnu-tools-for-stm32.10.3-2021.10.win32_1.0.200.202301161003/tools/bin/../lib/gcc/arm-none-eabi/10.3.1/thumb/v7e-m+fp/hard\libgcc.a
LOAD d:/program files/stm32cubeide_1.12.1/stm32cubeide/plugins/com.st.stm32cube.ide.mcu.externaltools.gnu-tools-for-stm32.10.3-2021.10.win32_1.0.200.202301161003/tools/bin/../lib/gcc/arm-none-eabi/10.3.1/../../../../arm-none-eabi/lib/thumb/v7e-m+fp/hard\libc_nano.a
LOAD d:/program files/stm32cubeide_1.12.1/stm32cubeide/plugins/com.st.stm32cube.ide.mcu.externaltools.gnu-tools-for-stm32.10.3-2021.10.win32_1.0.200.202301161003/tools/bin/../lib/gcc/arm-none-eabi/10.3.1/../../../../arm-none-eabi/lib/thumb/v7e-m+fp/hard\libnosys.a
END GROUP
LOAD d:/program files/stm32cubeide_1.12.1/stm32cubeide/plugins/com.st.stm32cube.ide.mcu.externaltools.gnu-tools-for-stm32.10.3-2021.10.win32_1.0.200.202301161003/tools/bin/../lib/gcc/arm-none-eabi/10.3.1/thumb/v7e-m+fp/hard/crtend.o
LOAD d:/program files/stm32cubeide_1.12.1/stm32cubeide/plugins/com.st.stm32cube.ide.mcu.externaltools.gnu-tools-for-stm32.10.3-2021.10.win32_1.0.200.202301161003/tools/bin/../lib/gcc/arm-none-eabi/10.3.1/thumb/v7e-m+fp/hard/crtn.o
                0x000000002001c000                _estack = (ORIGIN (RAM) + LENGTH (RAM))
                0x0000000000000200                _Min_Heap_Size = 0x200
                0x0000000000000400                _Min_Stack_Size = 0x400

.isr_vector     0x0000000008000000      0x1d8
                0x0000000008000000                . = ALIGN (0x4)
 *(.isr_vector)
 .isr_vector    0x0000000008000000      0x1d8 ./Core/Startup/startup_stm32g491retx.o
                0x0000000008000000                g_pfnVectors
                0x00000000080001d8                . = ALIGN (0x4)

.text           0x00000000080001d8     0x3918
                0x00000000080001d8                . = ALIGN (0x4)
 *(.text)
 .text          0x00000000080001d8       0x40 d:/program files/stm32cubeide_1.12.1/stm32cubeide/plugins/com.st.stm32cube.ide.mcu.externaltools.gnu-tools-for-stm32.10.3-2021.10.win32_1.0.200.202301161003/tools/bin/../lib/gcc/arm-none-eabi/10.3.1/thumb/v7e-m+fp/hard/crtbegin.o
 .text          0x0000000008000218       0x30 d:/program files/stm32cubeide_1.12.1/stm32cubeide/plugins/com.st.stm32cube.ide.mcu.externaltools.gnu-tools-for-stm32.10.3-2021.10.win32_1.0.200.202301161003/tools/bin/../lib/gcc/arm-none-eabi/10.3.1/thumb/v7e-m+fp/hard\libgcc.a(_aeabi_uldivmod.o)
                0x0000000008000218                __aeabi_uldivmod
 .text          0x0000000008000248      0x2d0 d:/program files/stm32cubeide_1.12.1/stm32cubeide/plugins/com.st.stm32cube.ide.mcu.externaltools.gnu-tools-for-stm32.10.3-2021.10.win32_1.0.200.202301161003/tools/bin/../lib/gcc/arm-none-eabi/10.3.1/thumb/v7e-m+fp/hard\libgcc.a(_udivmoddi4.o)
                0x0000000008000248                __udivmoddi4
 .text          0x0000000008000518        0x4 d:/program files/stm32cubeide_1.12.1/stm32cubeide/plugins/com.st.stm32cube.ide.mcu.externaltools.gnu-tools-for-stm32.10.3-2021.10.win32_1.0.200.202301161003/tools/bin/../lib/gcc/arm-none-eabi/10.3.1/thumb/v7e-m+fp/hard\libgcc.a(_dvmd_tls.o)
                0x0000000008000518                __aeabi_idiv0
                0x0000000008000518                __aeabi_ldiv0
 *(.text*)
 .text.LL_SPI_IsActiveFlag_TXE
                0x000000000800051c       0x26 ./Core/Src/LoRa.o
 .text.LL_SPI_IsActiveFlag_BSY
                0x0000000008000542       0x26 ./Core/Src/LoRa.o
 .text.LL_SPI_GetRxFIFOLevel
                0x0000000008000568       0x1c ./Core/Src/LoRa.o
 .text.LL_SPI_GetTxFIFOLevel
                0x0000000008000584       0x1c ./Core/Src/LoRa.o
 .text.LL_SPI_ReceiveData8
                0x00000000080005a0       0x1c ./Core/Src/LoRa.o
 .text.LL_SPI_TransmitData8
                0x00000000080005bc       0x24 ./Core/Src/LoRa.o
 .text.LL_GPIO_SetOutputPin
                0x00000000080005e0       0x1c ./Core/Src/LoRa.o
 .text.LL_GPIO_ResetOutputPin
                0x00000000080005fc       0x1c ./Core/Src/LoRa.o
 .text.SPI_Write_8
                0x0000000008000618       0x60 ./Core/Src/LoRa.o
 .text.SPI_Read_8
                0x0000000008000678       0x70 ./Core/Src/LoRa.o
 .text.LoRa_Write
                0x00000000080006e8       0x4c ./Core/Src/LoRa.o
                0x00000000080006e8                LoRa_Write
 .text.LoRa_Read
                0x0000000008000734       0x48 ./Core/Src/LoRa.o
                0x0000000008000734                LoRa_Read
 .text.LoRa_Mode
                0x000000000800077c       0x3a ./Core/Src/LoRa.o
                0x000000000800077c                LoRa_Mode
 .text.lora_set_bandwidth
                0x00000000080007b6       0x42 ./Core/Src/LoRa.o
                0x00000000080007b6                lora_set_bandwidth
 .text.lora_set_spreading_factor
                0x00000000080007f8       0x42 ./Core/Src/LoRa.o
                0x00000000080007f8                lora_set_spreading_factor
 .text.LoRa_Init
                0x000000000800083a       0x32 ./Core/Src/LoRa.o
                0x000000000800083a                LoRa_Init
 .text.__NVIC_GetPriorityGrouping
                0x000000000800086c       0x1c ./Core/Src/gpio.o
 .text.__NVIC_EnableIRQ
                0x0000000008000888       0x3c ./Core/Src/gpio.o
 .text.__NVIC_SetPriority
                0x00000000080008c4       0x54 ./Core/Src/gpio.o
 .text.NVIC_EncodePriority
                0x0000000008000918       0x66 ./Core/Src/gpio.o
 *fill*         0x000000000800097e        0x2 
 .text.LL_AHB2_GRP1_EnableClock
                0x0000000008000980       0x30 ./Core/Src/gpio.o
 .text.LL_SYSCFG_SetEXTISource
                0x00000000080009b0       0x70 ./Core/Src/gpio.o
 .text.LL_GPIO_SetPinMode
                0x0000000008000a20       0x7a ./Core/Src/gpio.o
 .text.LL_GPIO_SetPinPull
                0x0000000008000a9a       0x7a ./Core/Src/gpio.o
 .text.LL_GPIO_SetOutputPin
                0x0000000008000b14       0x1c ./Core/Src/gpio.o
 .text.LL_GPIO_ResetOutputPin
                0x0000000008000b30       0x1c ./Core/Src/gpio.o
 .text.MX_GPIO_Init
                0x0000000008000b4c      0x160 ./Core/Src/gpio.o
                0x0000000008000b4c                MX_GPIO_Init
 .text.LL_RCC_HSI_Enable
                0x0000000008000cac       0x20 ./Core/Src/main.o
 .text.LL_RCC_HSI_IsReady
                0x0000000008000ccc       0x28 ./Core/Src/main.o
 .text.LL_RCC_HSI_SetCalibTrimming
                0x0000000008000cf4       0x2c ./Core/Src/main.o
 .text.LL_RCC_SetSysClkSource
                0x0000000008000d20       0x28 ./Core/Src/main.o
 .text.LL_RCC_GetSysClkSource
                0x0000000008000d48       0x1c ./Core/Src/main.o
 .text.LL_RCC_SetAHBPrescaler
                0x0000000008000d64       0x28 ./Core/Src/main.o
 .text.LL_RCC_SetAPB1Prescaler
                0x0000000008000d8c       0x28 ./Core/Src/main.o
 .text.LL_RCC_SetAPB2Prescaler
                0x0000000008000db4       0x28 ./Core/Src/main.o
 .text.LL_RCC_PLL_Enable
                0x0000000008000ddc       0x20 ./Core/Src/main.o
 .text.LL_RCC_PLL_IsReady
                0x0000000008000dfc       0x28 ./Core/Src/main.o
 .text.LL_RCC_PLL_ConfigDomain_SYS
                0x0000000008000e24       0x40 ./Core/Src/main.o
 .text.LL_RCC_PLL_EnableDomain_SYS
                0x0000000008000e64       0x20 ./Core/Src/main.o
 .text.LL_FLASH_SetLatency
                0x0000000008000e84       0x28 ./Core/Src/main.o
 .text.LL_FLASH_GetLatency
                0x0000000008000eac       0x1c ./Core/Src/main.o
 .text.LL_PWR_SetRegulVoltageScaling
                0x0000000008000ec8       0x28 ./Core/Src/main.o
 .text.main     0x0000000008000ef0       0x22 ./Core/Src/main.o
                0x0000000008000ef0                main
 *fill*         0x0000000008000f12        0x2 
 .text.SystemClock_Config
                0x0000000008000f14       0x98 ./Core/Src/main.o
                0x0000000008000f14                SystemClock_Config
 .text.Error_Handler
                0x0000000008000fac        0xa ./Core/Src/main.o
                0x0000000008000fac                Error_Handler
 *fill*         0x0000000008000fb6        0x2 
 .text.LL_AHB2_GRP1_EnableClock
                0x0000000008000fb8       0x30 ./Core/Src/spi.o
 .text.LL_APB1_GRP1_EnableClock
                0x0000000008000fe8       0x30 ./Core/Src/spi.o
 .text.LL_SPI_Enable
                0x0000000008001018       0x20 ./Core/Src/spi.o
 .text.LL_SPI_Disable
                0x0000000008001038       0x20 ./Core/Src/spi.o
 .text.LL_SPI_SetStandard
                0x0000000008001058       0x26 ./Core/Src/spi.o
 .text.LL_SPI_DisableNSSPulseMgt
                0x000000000800107e       0x20 ./Core/Src/spi.o
 *fill*         0x000000000800109e        0x2 
 .text.MX_SPI3_Init
                0x00000000080010a0      0x104 ./Core/Src/spi.o
                0x00000000080010a0                MX_SPI3_Init
 .text.HAL_MspInit
                0x00000000080011a4       0x48 ./Core/Src/stm32g4xx_hal_msp.o
                0x00000000080011a4                HAL_MspInit
 .text.LL_EXTI_IsActiveFlag_0_31
                0x00000000080011ec       0x2c ./Core/Src/stm32g4xx_it.o
 .text.LL_EXTI_ClearFlag_0_31
                0x0000000008001218       0x20 ./Core/Src/stm32g4xx_it.o
 .text.NMI_Handler
                0x0000000008001238        0x6 ./Core/Src/stm32g4xx_it.o
                0x0000000008001238                NMI_Handler
 .text.HardFault_Handler
                0x000000000800123e        0x6 ./Core/Src/stm32g4xx_it.o
                0x000000000800123e                HardFault_Handler
 .text.MemManage_Handler
                0x0000000008001244        0x6 ./Core/Src/stm32g4xx_it.o
                0x0000000008001244                MemManage_Handler
 .text.BusFault_Handler
                0x000000000800124a        0x6 ./Core/Src/stm32g4xx_it.o
                0x000000000800124a                BusFault_Handler
 .text.UsageFault_Handler
                0x0000000008001250        0x6 ./Core/Src/stm32g4xx_it.o
                0x0000000008001250                UsageFault_Handler
 .text.SVC_Handler
                0x0000000008001256        0xe ./Core/Src/stm32g4xx_it.o
                0x0000000008001256                SVC_Handler
 .text.DebugMon_Handler
                0x0000000008001264        0xe ./Core/Src/stm32g4xx_it.o
                0x0000000008001264                DebugMon_Handler
 .text.PendSV_Handler
                0x0000000008001272        0xe ./Core/Src/stm32g4xx_it.o
                0x0000000008001272                PendSV_Handler
 .text.SysTick_Handler
                0x0000000008001280        0xc ./Core/Src/stm32g4xx_it.o
                0x0000000008001280                SysTick_Handler
 .text.EXTI9_5_IRQHandler
                0x000000000800128c       0x1a ./Core/Src/stm32g4xx_it.o
                0x000000000800128c                EXTI9_5_IRQHandler
 .text.EXTI15_10_IRQHandler
                0x00000000080012a6       0x1e ./Core/Src/stm32g4xx_it.o
                0x00000000080012a6                EXTI15_10_IRQHandler
 .text.SystemInit
                0x00000000080012c4       0x24 ./Core/Src/system_stm32g4xx.o
                0x00000000080012c4                SystemInit
 .text.MX_TIM2_Init
                0x00000000080012e8      0x100 ./Core/Src/tim.o
                0x00000000080012e8                MX_TIM2_Init
 .text.HAL_TIM_Base_MspInit
                0x00000000080013e8       0x3c ./Core/Src/tim.o
                0x00000000080013e8                HAL_TIM_Base_MspInit
 .text.HAL_TIM_MspPostInit
                0x0000000008001424       0x68 ./Core/Src/tim.o
                0x0000000008001424                HAL_TIM_MspPostInit
 .text.LL_LPUART_Enable
                0x000000000800148c       0x20 ./Core/Src/usart.o
 .text.LL_LPUART_DisableFIFO
                0x00000000080014ac       0x20 ./Core/Src/usart.o
 .text.LL_LPUART_SetTXFIFOThreshold
                0x00000000080014cc       0x4e ./Core/Src/usart.o
 .text.LL_LPUART_SetRXFIFOThreshold
                0x000000000800151a       0x4e ./Core/Src/usart.o
 .text.LL_LPUART_IsActiveFlag_TEACK
                0x0000000008001568       0x28 ./Core/Src/usart.o
 .text.LL_LPUART_IsActiveFlag_REACK
                0x0000000008001590       0x28 ./Core/Src/usart.o
 .text.LL_RCC_SetLPUARTClockSource
                0x00000000080015b8       0x2c ./Core/Src/usart.o
 .text.LL_AHB2_GRP1_EnableClock
                0x00000000080015e4       0x30 ./Core/Src/usart.o
 .text.LL_APB1_GRP2_EnableClock
                0x0000000008001614       0x30 ./Core/Src/usart.o
 .text.MX_LPUART1_UART_Init
                0x0000000008001644       0xf4 ./Core/Src/usart.o
                0x0000000008001644                MX_LPUART1_UART_Init
 .text.Reset_Handler
                0x0000000008001738       0x50 ./Core/Startup/startup_stm32g491retx.o
                0x0000000008001738                Reset_Handler
 .text.Default_Handler
                0x0000000008001788        0x2 ./Core/Startup/startup_stm32g491retx.o
                0x0000000008001788                RTC_Alarm_IRQHandler
                0x0000000008001788                EXTI2_IRQHandler
                0x0000000008001788                TIM8_TRG_COM_IRQHandler
                0x0000000008001788                TIM8_CC_IRQHandler
                0x0000000008001788                TIM1_CC_IRQHandler
                0x0000000008001788                USB_HP_IRQHandler
                0x0000000008001788                CORDIC_IRQHandler
                0x0000000008001788                DMA2_Channel8_IRQHandler
                0x0000000008001788                EXTI3_IRQHandler
                0x0000000008001788                I2C3_ER_IRQHandler
                0x0000000008001788                EXTI0_IRQHandler
                0x0000000008001788                I2C2_EV_IRQHandler
                0x0000000008001788                FPU_IRQHandler
                0x0000000008001788                FDCAN1_IT1_IRQHandler
                0x0000000008001788                TIM1_UP_TIM16_IRQHandler
                0x0000000008001788                ADC1_2_IRQHandler
                0x0000000008001788                SPI1_IRQHandler
                0x0000000008001788                TIM6_DAC_IRQHandler
                0x0000000008001788                TIM8_UP_IRQHandler
                0x0000000008001788                DMA2_Channel2_IRQHandler
                0x0000000008001788                DMA1_Channel4_IRQHandler
                0x0000000008001788                TIM20_TRG_COM_IRQHandler
                0x0000000008001788                USART3_IRQHandler
                0x0000000008001788                DMA1_Channel7_IRQHandler
                0x0000000008001788                UART5_IRQHandler
                0x0000000008001788                ADC3_IRQHandler
                0x0000000008001788                TIM4_IRQHandler
                0x0000000008001788                DMA2_Channel1_IRQHandler
                0x0000000008001788                QUADSPI_IRQHandler
                0x0000000008001788                I2C1_EV_IRQHandler
                0x0000000008001788                DMA1_Channel6_IRQHandler
                0x0000000008001788                UART4_IRQHandler
                0x0000000008001788                DMA2_Channel4_IRQHandler
                0x0000000008001788                TIM3_IRQHandler
                0x0000000008001788                RCC_IRQHandler
                0x0000000008001788                TIM20_UP_IRQHandler
                0x0000000008001788                DMA1_Channel1_IRQHandler
                0x0000000008001788                Default_Handler
                0x0000000008001788                DMA2_Channel7_IRQHandler
                0x0000000008001788                RTC_TAMP_LSECSS_IRQHandler
                0x0000000008001788                FMAC_IRQHandler
                0x0000000008001788                DMA1_Channel8_IRQHandler
                0x0000000008001788                TIM7_IRQHandler
                0x0000000008001788                UCPD1_IRQHandler
                0x0000000008001788                I2C3_EV_IRQHandler
                0x0000000008001788                RTC_WKUP_IRQHandler
                0x0000000008001788                PVD_PVM_IRQHandler
                0x0000000008001788                SPI2_IRQHandler
                0x0000000008001788                DMA2_Channel5_IRQHandler
                0x0000000008001788                CRS_IRQHandler
                0x0000000008001788                DMA1_Channel5_IRQHandler
                0x0000000008001788                USB_LP_IRQHandler
                0x0000000008001788                EXTI4_IRQHandler
                0x0000000008001788                RNG_IRQHandler
                0x0000000008001788                TIM1_TRG_COM_TIM17_IRQHandler
                0x0000000008001788                FDCAN2_IT1_IRQHandler
                0x0000000008001788                DMA1_Channel3_IRQHandler
                0x0000000008001788                WWDG_IRQHandler
                0x0000000008001788                FDCAN2_IT0_IRQHandler
                0x0000000008001788                LPUART1_IRQHandler
                0x0000000008001788                DMA2_Channel6_IRQHandler
                0x0000000008001788                FDCAN1_IT0_IRQHandler
                0x0000000008001788                TIM2_IRQHandler
                0x0000000008001788                COMP1_2_3_IRQHandler
                0x0000000008001788                EXTI1_IRQHandler
                0x0000000008001788                USART2_IRQHandler
                0x0000000008001788                TIM20_BRK_IRQHandler
                0x0000000008001788                I2C2_ER_IRQHandler
                0x0000000008001788                DMA1_Channel2_IRQHandler
                0x0000000008001788                TIM8_BRK_IRQHandler
                0x0000000008001788                FLASH_IRQHandler
                0x0000000008001788                TIM20_CC_IRQHandler
                0x0000000008001788                USART1_IRQHandler
                0x0000000008001788                SPI3_IRQHandler
                0x0000000008001788                I2C1_ER_IRQHandler
                0x0000000008001788                LPTIM1_IRQHandler
                0x0000000008001788                DMAMUX_OVR_IRQHandler
                0x0000000008001788                USBWakeUp_IRQHandler
                0x0000000008001788                SAI1_IRQHandler
                0x0000000008001788                DMA2_Channel3_IRQHandler
                0x0000000008001788                COMP4_IRQHandler
                0x0000000008001788                TIM1_BRK_TIM15_IRQHandler
 .text.HAL_Init
                0x000000000800178a       0x30 ./Drivers/STM32G4xx_HAL_Driver/Src/stm32g4xx_hal.o
                0x000000000800178a                HAL_Init
 *fill*         0x00000000080017ba        0x2 
 .text.HAL_InitTick
                0x00000000080017bc       0x74 ./Drivers/STM32G4xx_HAL_Driver/Src/stm32g4xx_hal.o
                0x00000000080017bc                HAL_InitTick
 .text.HAL_IncTick
                0x0000000008001830       0x24 ./Drivers/STM32G4xx_HAL_Driver/Src/stm32g4xx_hal.o
                0x0000000008001830                HAL_IncTick
 .text.__NVIC_SetPriorityGrouping
                0x0000000008001854       0x48 ./Drivers/STM32G4xx_HAL_Driver/Src/stm32g4xx_hal_cortex.o
 .text.__NVIC_GetPriorityGrouping
                0x000000000800189c       0x1c ./Drivers/STM32G4xx_HAL_Driver/Src/stm32g4xx_hal_cortex.o
 .text.__NVIC_SetPriority
                0x00000000080018b8       0x54 ./Drivers/STM32G4xx_HAL_Driver/Src/stm32g4xx_hal_cortex.o
 .text.NVIC_EncodePriority
                0x000000000800190c       0x66 ./Drivers/STM32G4xx_HAL_Driver/Src/stm32g4xx_hal_cortex.o
 *fill*         0x0000000008001972        0x2 
 .text.SysTick_Config
                0x0000000008001974       0x44 ./Drivers/STM32G4xx_HAL_Driver/Src/stm32g4xx_hal_cortex.o
 .text.HAL_NVIC_SetPriorityGrouping
                0x00000000080019b8       0x16 ./Drivers/STM32G4xx_HAL_Driver/Src/stm32g4xx_hal_cortex.o
                0x00000000080019b8                HAL_NVIC_SetPriorityGrouping
 .text.HAL_NVIC_SetPriority
                0x00000000080019ce       0x34 ./Drivers/STM32G4xx_HAL_Driver/Src/stm32g4xx_hal_cortex.o
                0x00000000080019ce                HAL_NVIC_SetPriority
 .text.HAL_SYSTICK_Config
                0x0000000008001a02       0x18 ./Drivers/STM32G4xx_HAL_Driver/Src/stm32g4xx_hal_cortex.o
                0x0000000008001a02                HAL_SYSTICK_Config
 *fill*         0x0000000008001a1a        0x2 
 .text.HAL_GPIO_Init
                0x0000000008001a1c      0x304 ./Drivers/STM32G4xx_HAL_Driver/Src/stm32g4xx_hal_gpio.o
                0x0000000008001a1c                HAL_GPIO_Init
 .text.HAL_PWREx_DisableUCPDDeadBattery
                0x0000000008001d20       0x20 ./Drivers/STM32G4xx_HAL_Driver/Src/stm32g4xx_hal_pwr_ex.o
                0x0000000008001d20                HAL_PWREx_DisableUCPDDeadBattery
 .text.HAL_TIM_Base_Init
                0x0000000008001d40       0xae ./Drivers/STM32G4xx_HAL_Driver/Src/stm32g4xx_hal_tim.o
                0x0000000008001d40                HAL_TIM_Base_Init
 .text.HAL_TIM_PWM_Init
                0x0000000008001dee       0xae ./Drivers/STM32G4xx_HAL_Driver/Src/stm32g4xx_hal_tim.o
                0x0000000008001dee                HAL_TIM_PWM_Init
 .text.HAL_TIM_PWM_MspInit
                0x0000000008001e9c       0x14 ./Drivers/STM32G4xx_HAL_Driver/Src/stm32g4xx_hal_tim.o
                0x0000000008001e9c                HAL_TIM_PWM_MspInit
 .text.HAL_TIM_PWM_ConfigChannel
                0x0000000008001eb0      0x228 ./Drivers/STM32G4xx_HAL_Driver/Src/stm32g4xx_hal_tim.o
                0x0000000008001eb0                HAL_TIM_PWM_ConfigChannel
 .text.HAL_TIM_ConfigClockSource
                0x00000000080020d8      0x208 ./Drivers/STM32G4xx_HAL_Driver/Src/stm32g4xx_hal_tim.o
                0x00000000080020d8                HAL_TIM_ConfigClockSource
 .text.TIM_Base_SetConfig
                0x00000000080022e0      0x154 ./Drivers/STM32G4xx_HAL_Driver/Src/stm32g4xx_hal_tim.o
                0x00000000080022e0                TIM_Base_SetConfig
 .text.TIM_OC1_SetConfig
                0x0000000008002434      0x134 ./Drivers/STM32G4xx_HAL_Driver/Src/stm32g4xx_hal_tim.o
 .text.TIM_OC2_SetConfig
                0x0000000008002568      0x128 ./Drivers/STM32G4xx_HAL_Driver/Src/stm32g4xx_hal_tim.o
                0x0000000008002568                TIM_OC2_SetConfig
 .text.TIM_OC3_SetConfig
                0x0000000008002690      0x124 ./Drivers/STM32G4xx_HAL_Driver/Src/stm32g4xx_hal_tim.o
 .text.TIM_OC4_SetConfig
                0x00000000080027b4      0x128 ./Drivers/STM32G4xx_HAL_Driver/Src/stm32g4xx_hal_tim.o
 .text.TIM_OC5_SetConfig
                0x00000000080028dc       0xd4 ./Drivers/STM32G4xx_HAL_Driver/Src/stm32g4xx_hal_tim.o
 .text.TIM_OC6_SetConfig
                0x00000000080029b0       0xd8 ./Drivers/STM32G4xx_HAL_Driver/Src/stm32g4xx_hal_tim.o
 .text.TIM_TI1_ConfigInputStage
                0x0000000008002a88       0x5e ./Drivers/STM32G4xx_HAL_Driver/Src/stm32g4xx_hal_tim.o
 .text.TIM_TI2_ConfigInputStage
                0x0000000008002ae6       0x60 ./Drivers/STM32G4xx_HAL_Driver/Src/stm32g4xx_hal_tim.o
 .text.TIM_ITRx_SetConfig
                0x0000000008002b46       0x3a ./Drivers/STM32G4xx_HAL_Driver/Src/stm32g4xx_hal_tim.o
 .text.TIM_ETR_SetConfig
                0x0000000008002b80       0x40 ./Drivers/STM32G4xx_HAL_Driver/Src/stm32g4xx_hal_tim.o
                0x0000000008002b80                TIM_ETR_SetConfig
 .text.HAL_TIMEx_MasterConfigSynchronization
                0x0000000008002bc0      0x11c ./Drivers/STM32G4xx_HAL_Driver/Src/stm32g4xx_hal_tim_ex.o
                0x0000000008002bc0                HAL_TIMEx_MasterConfigSynchronization
 .text.LL_EXTI_EnableIT_0_31
                0x0000000008002cdc       0x24 ./Drivers/STM32G4xx_HAL_Driver/Src/stm32g4xx_ll_exti.o
 .text.LL_EXTI_EnableIT_32_63
                0x0000000008002d00       0x24 ./Drivers/STM32G4xx_HAL_Driver/Src/stm32g4xx_ll_exti.o
 .text.LL_EXTI_DisableIT_0_31
                0x0000000008002d24       0x28 ./Drivers/STM32G4xx_HAL_Driver/Src/stm32g4xx_ll_exti.o
 .text.LL_EXTI_DisableIT_32_63
                0x0000000008002d4c       0x28 ./Drivers/STM32G4xx_HAL_Driver/Src/stm32g4xx_ll_exti.o
 .text.LL_EXTI_EnableEvent_0_31
                0x0000000008002d74       0x24 ./Drivers/STM32G4xx_HAL_Driver/Src/stm32g4xx_ll_exti.o
 .text.LL_EXTI_EnableEvent_32_63
                0x0000000008002d98       0x24 ./Drivers/STM32G4xx_HAL_Driver/Src/stm32g4xx_ll_exti.o
 .text.LL_EXTI_DisableEvent_0_31
                0x0000000008002dbc       0x28 ./Drivers/STM32G4xx_HAL_Driver/Src/stm32g4xx_ll_exti.o
 .text.LL_EXTI_DisableEvent_32_63
                0x0000000008002de4       0x28 ./Drivers/STM32G4xx_HAL_Driver/Src/stm32g4xx_ll_exti.o
 .text.LL_EXTI_EnableRisingTrig_0_31
                0x0000000008002e0c       0x24 ./Drivers/STM32G4xx_HAL_Driver/Src/stm32g4xx_ll_exti.o
 .text.LL_EXTI_EnableRisingTrig_32_63
                0x0000000008002e30       0x24 ./Drivers/STM32G4xx_HAL_Driver/Src/stm32g4xx_ll_exti.o
 .text.LL_EXTI_DisableRisingTrig_0_31
                0x0000000008002e54       0x28 ./Drivers/STM32G4xx_HAL_Driver/Src/stm32g4xx_ll_exti.o
 .text.LL_EXTI_DisableRisingTrig_32_63
                0x0000000008002e7c       0x28 ./Drivers/STM32G4xx_HAL_Driver/Src/stm32g4xx_ll_exti.o
 .text.LL_EXTI_EnableFallingTrig_0_31
                0x0000000008002ea4       0x24 ./Drivers/STM32G4xx_HAL_Driver/Src/stm32g4xx_ll_exti.o
 .text.LL_EXTI_EnableFallingTrig_32_63
                0x0000000008002ec8       0x24 ./Drivers/STM32G4xx_HAL_Driver/Src/stm32g4xx_ll_exti.o
 .text.LL_EXTI_DisableFallingTrig_0_31
                0x0000000008002eec       0x28 ./Drivers/STM32G4xx_HAL_Driver/Src/stm32g4xx_ll_exti.o
 .text.LL_EXTI_DisableFallingTrig_32_63
                0x0000000008002f14       0x28 ./Drivers/STM32G4xx_HAL_Driver/Src/stm32g4xx_ll_exti.o
 .text.LL_EXTI_Init
                0x0000000008002f3c      0x1f2 ./Drivers/STM32G4xx_HAL_Driver/Src/stm32g4xx_ll_exti.o
                0x0000000008002f3c                LL_EXTI_Init
 .text.LL_GPIO_SetPinMode
                0x000000000800312e       0x7a ./Drivers/STM32G4xx_HAL_Driver/Src/stm32g4xx_ll_gpio.o
 .text.LL_GPIO_SetPinOutputType
                0x00000000080031a8       0x30 ./Drivers/STM32G4xx_HAL_Driver/Src/stm32g4xx_ll_gpio.o
 .text.LL_GPIO_SetPinSpeed
                0x00000000080031d8       0x7a ./Drivers/STM32G4xx_HAL_Driver/Src/stm32g4xx_ll_gpio.o
 .text.LL_GPIO_SetPinPull
                0x0000000008003252       0x7a ./Drivers/STM32G4xx_HAL_Driver/Src/stm32g4xx_ll_gpio.o
 .text.LL_GPIO_SetAFPin_0_7
                0x00000000080032cc       0x7a ./Drivers/STM32G4xx_HAL_Driver/Src/stm32g4xx_ll_gpio.o
 .text.LL_GPIO_SetAFPin_8_15
                0x0000000008003346       0x7e ./Drivers/STM32G4xx_HAL_Driver/Src/stm32g4xx_ll_gpio.o
 .text.LL_GPIO_Init
                0x00000000080033c4       0xdc ./Drivers/STM32G4xx_HAL_Driver/Src/stm32g4xx_ll_gpio.o
                0x00000000080033c4                LL_GPIO_Init
 .text.LL_LPUART_IsEnabled
                0x00000000080034a0       0x26 ./Drivers/STM32G4xx_HAL_Driver/Src/stm32g4xx_ll_lpuart.o
 .text.LL_LPUART_SetPrescaler
                0x00000000080034c6       0x28 ./Drivers/STM32G4xx_HAL_Driver/Src/stm32g4xx_ll_lpuart.o
 .text.LL_LPUART_SetStopBitsLength
                0x00000000080034ee       0x26 ./Drivers/STM32G4xx_HAL_Driver/Src/stm32g4xx_ll_lpuart.o
 .text.LL_LPUART_SetHWFlowCtrl
                0x0000000008003514       0x26 ./Drivers/STM32G4xx_HAL_Driver/Src/stm32g4xx_ll_lpuart.o
 *fill*         0x000000000800353a        0x2 
 .text.LL_LPUART_SetBaudRate
                0x000000000800353c       0x98 ./Drivers/STM32G4xx_HAL_Driver/Src/stm32g4xx_ll_lpuart.o
 .text.LL_LPUART_Init
                0x00000000080035d4       0x98 ./Drivers/STM32G4xx_HAL_Driver/Src/stm32g4xx_ll_lpuart.o
                0x00000000080035d4                LL_LPUART_Init
 .text.LL_RCC_HSI_IsReady
                0x000000000800366c       0x28 ./Drivers/STM32G4xx_HAL_Driver/Src/stm32g4xx_ll_rcc.o
 .text.LL_RCC_LSE_IsReady
                0x0000000008003694       0x28 ./Drivers/STM32G4xx_HAL_Driver/Src/stm32g4xx_ll_rcc.o
 .text.LL_RCC_GetSysClkSource
                0x00000000080036bc       0x1c ./Drivers/STM32G4xx_HAL_Driver/Src/stm32g4xx_ll_rcc.o
 .text.LL_RCC_GetAHBPrescaler
                0x00000000080036d8       0x1c ./Drivers/STM32G4xx_HAL_Driver/Src/stm32g4xx_ll_rcc.o
 .text.LL_RCC_GetAPB1Prescaler
                0x00000000080036f4       0x1c ./Drivers/STM32G4xx_HAL_Driver/Src/stm32g4xx_ll_rcc.o
 .text.LL_RCC_GetLPUARTClockSource
                0x0000000008003710       0x24 ./Drivers/STM32G4xx_HAL_Driver/Src/stm32g4xx_ll_rcc.o
 .text.LL_RCC_PLL_GetMainSource
                0x0000000008003734       0x1c ./Drivers/STM32G4xx_HAL_Driver/Src/stm32g4xx_ll_rcc.o
 .text.LL_RCC_PLL_GetN
                0x0000000008003750       0x1c ./Drivers/STM32G4xx_HAL_Driver/Src/stm32g4xx_ll_rcc.o
 .text.LL_RCC_PLL_GetR
                0x000000000800376c       0x1c ./Drivers/STM32G4xx_HAL_Driver/Src/stm32g4xx_ll_rcc.o
 .text.LL_RCC_PLL_GetDivider
                0x0000000008003788       0x1c ./Drivers/STM32G4xx_HAL_Driver/Src/stm32g4xx_ll_rcc.o
 .text.LL_RCC_GetLPUARTClockFreq
                0x00000000080037a4       0x84 ./Drivers/STM32G4xx_HAL_Driver/Src/stm32g4xx_ll_rcc.o
                0x00000000080037a4                LL_RCC_GetLPUARTClockFreq
 .text.RCC_GetSystemClockFreq
                0x0000000008003828       0x4c ./Drivers/STM32G4xx_HAL_Driver/Src/stm32g4xx_ll_rcc.o
 .text.RCC_GetHCLKClockFreq
                0x0000000008003874       0x30 ./Drivers/STM32G4xx_HAL_Driver/Src/stm32g4xx_ll_rcc.o
 .text.RCC_GetPCLK1ClockFreq
                0x00000000080038a4       0x2c ./Drivers/STM32G4xx_HAL_Driver/Src/stm32g4xx_ll_rcc.o
 .text.RCC_PLL_GetFreqDomain_SYS
                0x00000000080038d0       0x68 ./Drivers/STM32G4xx_HAL_Driver/Src/stm32g4xx_ll_rcc.o
 .text.LL_SPI_IsEnabled
                0x0000000008003938       0x26 ./Drivers/STM32G4xx_HAL_Driver/Src/stm32g4xx_ll_spi.o
 .text.LL_SPI_SetRxFIFOThreshold
                0x000000000800395e       0x26 ./Drivers/STM32G4xx_HAL_Driver/Src/stm32g4xx_ll_spi.o
 .text.LL_SPI_SetCRCPolynomial
                0x0000000008003984       0x20 ./Drivers/STM32G4xx_HAL_Driver/Src/stm32g4xx_ll_spi.o
 .text.LL_SPI_Init
                0x00000000080039a4       0xbc ./Drivers/STM32G4xx_HAL_Driver/Src/stm32g4xx_ll_spi.o
                0x00000000080039a4                LL_SPI_Init
 .text.LL_SetSystemCoreClock
                0x0000000008003a60       0x20 ./Drivers/STM32G4xx_HAL_Driver/Src/stm32g4xx_ll_utils.o
                0x0000000008003a60                LL_SetSystemCoreClock
 .text.__libc_init_array
                0x0000000008003a80       0x48 d:/program files/stm32cubeide_1.12.1/stm32cubeide/plugins/com.st.stm32cube.ide.mcu.externaltools.gnu-tools-for-stm32.10.3-2021.10.win32_1.0.200.202301161003/tools/bin/../lib/gcc/arm-none-eabi/10.3.1/../../../../arm-none-eabi/lib/thumb/v7e-m+fp/hard\libc_nano.a(lib_a-init.o)
                0x0000000008003a80                __libc_init_array
 .text.memset   0x0000000008003ac8       0x10 d:/program files/stm32cubeide_1.12.1/stm32cubeide/plugins/com.st.stm32cube.ide.mcu.externaltools.gnu-tools-for-stm32.10.3-2021.10.win32_1.0.200.202301161003/tools/bin/../lib/gcc/arm-none-eabi/10.3.1/../../../../arm-none-eabi/lib/thumb/v7e-m+fp/hard\libc_nano.a(lib_a-memset.o)
                0x0000000008003ac8                memset
 *(.glue_7)
 .glue_7        0x0000000008003ad8        0x0 linker stubs
 *(.glue_7t)
 .glue_7t       0x0000000008003ad8        0x0 linker stubs
 *(.eh_frame)
 .eh_frame      0x0000000008003ad8        0x0 d:/program files/stm32cubeide_1.12.1/stm32cubeide/plugins/com.st.stm32cube.ide.mcu.externaltools.gnu-tools-for-stm32.10.3-2021.10.win32_1.0.200.202301161003/tools/bin/../lib/gcc/arm-none-eabi/10.3.1/thumb/v7e-m+fp/hard/crtbegin.o
 *(.init)
 .init          0x0000000008003ad8        0x4 d:/program files/stm32cubeide_1.12.1/stm32cubeide/plugins/com.st.stm32cube.ide.mcu.externaltools.gnu-tools-for-stm32.10.3-2021.10.win32_1.0.200.202301161003/tools/bin/../lib/gcc/arm-none-eabi/10.3.1/thumb/v7e-m+fp/hard/crti.o
                0x0000000008003ad8                _init
 .init          0x0000000008003adc        0x8 d:/program files/stm32cubeide_1.12.1/stm32cubeide/plugins/com.st.stm32cube.ide.mcu.externaltools.gnu-tools-for-stm32.10.3-2021.10.win32_1.0.200.202301161003/tools/bin/../lib/gcc/arm-none-eabi/10.3.1/thumb/v7e-m+fp/hard/crtn.o
 *(.fini)
 .fini          0x0000000008003ae4        0x4 d:/program files/stm32cubeide_1.12.1/stm32cubeide/plugins/com.st.stm32cube.ide.mcu.externaltools.gnu-tools-for-stm32.10.3-2021.10.win32_1.0.200.202301161003/tools/bin/../lib/gcc/arm-none-eabi/10.3.1/thumb/v7e-m+fp/hard/crti.o
                0x0000000008003ae4                _fini
 .fini          0x0000000008003ae8        0x8 d:/program files/stm32cubeide_1.12.1/stm32cubeide/plugins/com.st.stm32cube.ide.mcu.externaltools.gnu-tools-for-stm32.10.3-2021.10.win32_1.0.200.202301161003/tools/bin/../lib/gcc/arm-none-eabi/10.3.1/thumb/v7e-m+fp/hard/crtn.o
                0x0000000008003af0                . = ALIGN (0x4)
                0x0000000008003af0                _etext = .

.vfp11_veneer   0x0000000008003af0        0x0
 .vfp11_veneer  0x0000000008003af0        0x0 linker stubs

.v4_bx          0x0000000008003af0        0x0
 .v4_bx         0x0000000008003af0        0x0 linker stubs

.iplt           0x0000000008003af0        0x0
 .iplt          0x0000000008003af0        0x0 d:/program files/stm32cubeide_1.12.1/stm32cubeide/plugins/com.st.stm32cube.ide.mcu.externaltools.gnu-tools-for-stm32.10.3-2021.10.win32_1.0.200.202301161003/tools/bin/../lib/gcc/arm-none-eabi/10.3.1/thumb/v7e-m+fp/hard/crtbegin.o

.rodata         0x0000000008003af0       0x30
                0x0000000008003af0                . = ALIGN (0x4)
 *(.rodata)
 *(.rodata*)
 .rodata.AHBPrescTable
                0x0000000008003af0       0x10 ./Core/Src/system_stm32g4xx.o
                0x0000000008003af0                AHBPrescTable
 .rodata.APBPrescTable
                0x0000000008003b00        0x8 ./Core/Src/system_stm32g4xx.o
                0x0000000008003b00                APBPrescTable
 .rodata.LPUART_PRESCALER_TAB
                0x0000000008003b08       0x18 ./Drivers/STM32G4xx_HAL_Driver/Src/stm32g4xx_ll_lpuart.o
                0x0000000008003b20                . = ALIGN (0x4)

.ARM.extab      0x0000000008003b20        0x0
                0x0000000008003b20                . = ALIGN (0x4)
 *(.ARM.extab* .gnu.linkonce.armextab.*)
                0x0000000008003b20                . = ALIGN (0x4)

.ARM            0x0000000008003b20        0x8
                0x0000000008003b20                . = ALIGN (0x4)
                0x0000000008003b20                __exidx_start = .
 *(.ARM.exidx*)
 .ARM.exidx     0x0000000008003b20        0x8 d:/program files/stm32cubeide_1.12.1/stm32cubeide/plugins/com.st.stm32cube.ide.mcu.externaltools.gnu-tools-for-stm32.10.3-2021.10.win32_1.0.200.202301161003/tools/bin/../lib/gcc/arm-none-eabi/10.3.1/thumb/v7e-m+fp/hard\libgcc.a(_udivmoddi4.o)
                0x0000000008003b28                __exidx_end = .
                0x0000000008003b28                . = ALIGN (0x4)

.rel.dyn        0x0000000008003b28        0x0
 .rel.iplt      0x0000000008003b28        0x0 d:/program files/stm32cubeide_1.12.1/stm32cubeide/plugins/com.st.stm32cube.ide.mcu.externaltools.gnu-tools-for-stm32.10.3-2021.10.win32_1.0.200.202301161003/tools/bin/../lib/gcc/arm-none-eabi/10.3.1/thumb/v7e-m+fp/hard/crtbegin.o

.preinit_array  0x0000000008003b28        0x0
                0x0000000008003b28                . = ALIGN (0x4)
                0x0000000008003b28                PROVIDE (__preinit_array_start = .)
 *(.preinit_array*)
                0x0000000008003b28                PROVIDE (__preinit_array_end = .)
                0x0000000008003b28                . = ALIGN (0x4)

.init_array     0x0000000008003b28        0x4
                0x0000000008003b28                . = ALIGN (0x4)
                0x0000000008003b28                PROVIDE (__init_array_start = .)
 *(SORT_BY_NAME(.init_array.*))
 *(.init_array*)
 .init_array    0x0000000008003b28        0x4 d:/program files/stm32cubeide_1.12.1/stm32cubeide/plugins/com.st.stm32cube.ide.mcu.externaltools.gnu-tools-for-stm32.10.3-2021.10.win32_1.0.200.202301161003/tools/bin/../lib/gcc/arm-none-eabi/10.3.1/thumb/v7e-m+fp/hard/crtbegin.o
                0x0000000008003b2c                PROVIDE (__init_array_end = .)
                0x0000000008003b2c                . = ALIGN (0x4)

.fini_array     0x0000000008003b2c        0x4
                0x0000000008003b2c                . = ALIGN (0x4)
                [!provide]                        PROVIDE (__fini_array_start = .)
 *(SORT_BY_NAME(.fini_array.*))
 *(.fini_array*)
 .fini_array    0x0000000008003b2c        0x4 d:/program files/stm32cubeide_1.12.1/stm32cubeide/plugins/com.st.stm32cube.ide.mcu.externaltools.gnu-tools-for-stm32.10.3-2021.10.win32_1.0.200.202301161003/tools/bin/../lib/gcc/arm-none-eabi/10.3.1/thumb/v7e-m+fp/hard/crtbegin.o
                [!provide]                        PROVIDE (__fini_array_end = .)
                0x0000000008003b30                . = ALIGN (0x4)
                0x0000000008003b30                _sidata = LOADADDR (.data)

.data           0x0000000020000000        0xc load address 0x0000000008003b30
                0x0000000020000000                . = ALIGN (0x4)
                0x0000000020000000                _sdata = .
 *(.data)
 *(.data*)
 .data.SystemCoreClock
                0x0000000020000000        0x4 ./Core/Src/system_stm32g4xx.o
                0x0000000020000000                SystemCoreClock
 .data.uwTickPrio
                0x0000000020000004        0x4 ./Drivers/STM32G4xx_HAL_Driver/Src/stm32g4xx_hal.o
                0x0000000020000004                uwTickPrio
 .data.uwTickFreq
                0x0000000020000008        0x4 ./Drivers/STM32G4xx_HAL_Driver/Src/stm32g4xx_hal.o
                0x0000000020000008                uwTickFreq
 *(.RamFunc)
 *(.RamFunc*)
                0x000000002000000c                . = ALIGN (0x4)
                0x000000002000000c                _edata = .

.igot.plt       0x000000002000000c        0x0 load address 0x0000000008003b3c
 .igot.plt      0x000000002000000c        0x0 d:/program files/stm32cubeide_1.12.1/stm32cubeide/plugins/com.st.stm32cube.ide.mcu.externaltools.gnu-tools-for-stm32.10.3-2021.10.win32_1.0.200.202301161003/tools/bin/../lib/gcc/arm-none-eabi/10.3.1/thumb/v7e-m+fp/hard/crtbegin.o
                0x000000002000000c                . = ALIGN (0x4)

.bss            0x000000002000000c       0x6c load address 0x0000000008003b3c
                0x000000002000000c                _sbss = .
                0x000000002000000c                __bss_start__ = _sbss
 *(.bss)
 .bss           0x000000002000000c       0x1c d:/program files/stm32cubeide_1.12.1/stm32cubeide/plugins/com.st.stm32cube.ide.mcu.externaltools.gnu-tools-for-stm32.10.3-2021.10.win32_1.0.200.202301161003/tools/bin/../lib/gcc/arm-none-eabi/10.3.1/thumb/v7e-m+fp/hard/crtbegin.o
 *(.bss*)
 .bss.htim2     0x0000000020000028       0x4c ./Core/Src/tim.o
                0x0000000020000028                htim2
 .bss.uwTick    0x0000000020000074        0x4 ./Drivers/STM32G4xx_HAL_Driver/Src/stm32g4xx_hal.o
                0x0000000020000074                uwTick
 *(COMMON)
                0x0000000020000078                . = ALIGN (0x4)
                0x0000000020000078                _ebss = .
                0x0000000020000078                __bss_end__ = _ebss

._user_heap_stack
                0x0000000020000078      0x600 load address 0x0000000008003b3c
                0x0000000020000078                . = ALIGN (0x8)
                [!provide]                        PROVIDE (end = .)
                0x0000000020000078                PROVIDE (_end = .)
                0x0000000020000278                . = (. + _Min_Heap_Size)
 *fill*         0x0000000020000078      0x200 
                0x0000000020000678                . = (. + _Min_Stack_Size)
 *fill*         0x0000000020000278      0x400 
                0x0000000020000678                . = ALIGN (0x8)

/DISCARD/
 libc.a(*)
 libm.a(*)
 libgcc.a(*)

.ARM.attributes
                0x0000000000000000       0x30
 *(.ARM.attributes)
 .ARM.attributes
                0x0000000000000000       0x1e d:/program files/stm32cubeide_1.12.1/stm32cubeide/plugins/com.st.stm32cube.ide.mcu.externaltools.gnu-tools-for-stm32.10.3-2021.10.win32_1.0.200.202301161003/tools/bin/../lib/gcc/arm-none-eabi/10.3.1/thumb/v7e-m+fp/hard/crti.o
 .ARM.attributes
                0x000000000000001e       0x34 d:/program files/stm32cubeide_1.12.1/stm32cubeide/plugins/com.st.stm32cube.ide.mcu.externaltools.gnu-tools-for-stm32.10.3-2021.10.win32_1.0.200.202301161003/tools/bin/../lib/gcc/arm-none-eabi/10.3.1/thumb/v7e-m+fp/hard/crtbegin.o
 .ARM.attributes
                0x0000000000000052       0x34 ./Core/Src/LoRa.o
 .ARM.attributes
                0x0000000000000086       0x34 ./Core/Src/gpio.o
 .ARM.attributes
                0x00000000000000ba       0x34 ./Core/Src/main.o
 .ARM.attributes
                0x00000000000000ee       0x34 ./Core/Src/spi.o
 .ARM.attributes
                0x0000000000000122       0x34 ./Core/Src/stm32g4xx_hal_msp.o
 .ARM.attributes
                0x0000000000000156       0x34 ./Core/Src/stm32g4xx_it.o
 .ARM.attributes
                0x000000000000018a       0x34 ./Core/Src/system_stm32g4xx.o
 .ARM.attributes
                0x00000000000001be       0x34 ./Core/Src/tim.o
 .ARM.attributes
                0x00000000000001f2       0x34 ./Core/Src/usart.o
 .ARM.attributes
                0x0000000000000226       0x21 ./Core/Startup/startup_stm32g491retx.o
 .ARM.attributes
                0x0000000000000247       0x34 ./Drivers/STM32G4xx_HAL_Driver/Src/stm32g4xx_hal.o
 .ARM.attributes
                0x000000000000027b       0x34 ./Drivers/STM32G4xx_HAL_Driver/Src/stm32g4xx_hal_cortex.o
 .ARM.attributes
                0x00000000000002af       0x34 ./Drivers/STM32G4xx_HAL_Driver/Src/stm32g4xx_hal_gpio.o
 .ARM.attributes
                0x00000000000002e3       0x34 ./Drivers/STM32G4xx_HAL_Driver/Src/stm32g4xx_hal_pwr_ex.o
 .ARM.attributes
                0x0000000000000317       0x34 ./Drivers/STM32G4xx_HAL_Driver/Src/stm32g4xx_hal_tim.o
 .ARM.attributes
                0x000000000000034b       0x34 ./Drivers/STM32G4xx_HAL_Driver/Src/stm32g4xx_hal_tim_ex.o
 .ARM.attributes
                0x000000000000037f       0x34 ./Drivers/STM32G4xx_HAL_Driver/Src/stm32g4xx_ll_exti.o
 .ARM.attributes
                0x00000000000003b3       0x34 ./Drivers/STM32G4xx_HAL_Driver/Src/stm32g4xx_ll_gpio.o
 .ARM.attributes
                0x00000000000003e7       0x34 ./Drivers/STM32G4xx_HAL_Driver/Src/stm32g4xx_ll_lpuart.o
 .ARM.attributes
                0x000000000000041b       0x34 ./Drivers/STM32G4xx_HAL_Driver/Src/stm32g4xx_ll_rcc.o
 .ARM.attributes
                0x000000000000044f       0x34 ./Drivers/STM32G4xx_HAL_Driver/Src/stm32g4xx_ll_spi.o
 .ARM.attributes
                0x0000000000000483       0x34 ./Drivers/STM32G4xx_HAL_Driver/Src/stm32g4xx_ll_utils.o
 .ARM.attributes
                0x00000000000004b7       0x34 d:/program files/stm32cubeide_1.12.1/stm32cubeide/plugins/com.st.stm32cube.ide.mcu.externaltools.gnu-tools-for-stm32.10.3-2021.10.win32_1.0.200.202301161003/tools/bin/../lib/gcc/arm-none-eabi/10.3.1/../../../../arm-none-eabi/lib/thumb/v7e-m+fp/hard\libc_nano.a(lib_a-init.o)
 .ARM.attributes
                0x00000000000004eb       0x34 d:/program files/stm32cubeide_1.12.1/stm32cubeide/plugins/com.st.stm32cube.ide.mcu.externaltools.gnu-tools-for-stm32.10.3-2021.10.win32_1.0.200.202301161003/tools/bin/../lib/gcc/arm-none-eabi/10.3.1/../../../../arm-none-eabi/lib/thumb/v7e-m+fp/hard\libc_nano.a(lib_a-memset.o)
 .ARM.attributes
                0x000000000000051f       0x1e d:/program files/stm32cubeide_1.12.1/stm32cubeide/plugins/com.st.stm32cube.ide.mcu.externaltools.gnu-tools-for-stm32.10.3-2021.10.win32_1.0.200.202301161003/tools/bin/../lib/gcc/arm-none-eabi/10.3.1/thumb/v7e-m+fp/hard\libgcc.a(_aeabi_uldivmod.o)
 .ARM.attributes
                0x000000000000053d       0x34 d:/program files/stm32cubeide_1.12.1/stm32cubeide/plugins/com.st.stm32cube.ide.mcu.externaltools.gnu-tools-for-stm32.10.3-2021.10.win32_1.0.200.202301161003/tools/bin/../lib/gcc/arm-none-eabi/10.3.1/thumb/v7e-m+fp/hard\libgcc.a(_udivmoddi4.o)
 .ARM.attributes
                0x0000000000000571       0x1e d:/program files/stm32cubeide_1.12.1/stm32cubeide/plugins/com.st.stm32cube.ide.mcu.externaltools.gnu-tools-for-stm32.10.3-2021.10.win32_1.0.200.202301161003/tools/bin/../lib/gcc/arm-none-eabi/10.3.1/thumb/v7e-m+fp/hard\libgcc.a(_dvmd_tls.o)
 .ARM.attributes
                0x000000000000058f       0x1e d:/program files/stm32cubeide_1.12.1/stm32cubeide/plugins/com.st.stm32cube.ide.mcu.externaltools.gnu-tools-for-stm32.10.3-2021.10.win32_1.0.200.202301161003/tools/bin/../lib/gcc/arm-none-eabi/10.3.1/thumb/v7e-m+fp/hard/crtn.o
OUTPUT(Car.elf elf32-littlearm)
LOAD linker stubs
LOAD d:/program files/stm32cubeide_1.12.1/stm32cubeide/plugins/com.st.stm32cube.ide.mcu.externaltools.gnu-tools-for-stm32.10.3-2021.10.win32_1.0.200.202301161003/tools/bin/../lib/gcc/arm-none-eabi/10.3.1/../../../../arm-none-eabi/lib/thumb/v7e-m+fp/hard\libc.a
LOAD d:/program files/stm32cubeide_1.12.1/stm32cubeide/plugins/com.st.stm32cube.ide.mcu.externaltools.gnu-tools-for-stm32.10.3-2021.10.win32_1.0.200.202301161003/tools/bin/../lib/gcc/arm-none-eabi/10.3.1/../../../../arm-none-eabi/lib/thumb/v7e-m+fp/hard\libm.a
LOAD d:/program files/stm32cubeide_1.12.1/stm32cubeide/plugins/com.st.stm32cube.ide.mcu.externaltools.gnu-tools-for-stm32.10.3-2021.10.win32_1.0.200.202301161003/tools/bin/../lib/gcc/arm-none-eabi/10.3.1/thumb/v7e-m+fp/hard\libgcc.a

.debug_info     0x0000000000000000     0xfbdc
 .debug_info    0x0000000000000000      0x7a6 ./Core/Src/LoRa.o
 .debug_info    0x00000000000007a6      0xf6a ./Core/Src/gpio.o
 .debug_info    0x0000000000001710      0x8da ./Core/Src/main.o
 .debug_info    0x0000000000001fea      0x775 ./Core/Src/spi.o
 .debug_info    0x000000000000275f      0x3b5 ./Core/Src/stm32g4xx_hal_msp.o
 .debug_info    0x0000000000002b14      0x332 ./Core/Src/stm32g4xx_it.o
 .debug_info    0x0000000000002e46      0x59f ./Core/Src/system_stm32g4xx.o
 .debug_info    0x00000000000033e5      0xed8 ./Core/Src/tim.o
 .debug_info    0x00000000000042bd      0x95a ./Core/Src/usart.o
 .debug_info    0x0000000000004c17       0x22 ./Core/Startup/startup_stm32g491retx.o
 .debug_info    0x0000000000004c39      0xb76 ./Drivers/STM32G4xx_HAL_Driver/Src/stm32g4xx_hal.o
 .debug_info    0x00000000000057af      0xe12 ./Drivers/STM32G4xx_HAL_Driver/Src/stm32g4xx_hal_cortex.o
 .debug_info    0x00000000000065c1      0x82f ./Drivers/STM32G4xx_HAL_Driver/Src/stm32g4xx_hal_gpio.o
 .debug_info    0x0000000000006df0      0x983 ./Drivers/STM32G4xx_HAL_Driver/Src/stm32g4xx_hal_pwr_ex.o
 .debug_info    0x0000000000007773     0x2edc ./Drivers/STM32G4xx_HAL_Driver/Src/stm32g4xx_hal_tim.o
 .debug_info    0x000000000000a64f     0x1f1e ./Drivers/STM32G4xx_HAL_Driver/Src/stm32g4xx_hal_tim_ex.o
 .debug_info    0x000000000000c56d      0x4ff ./Drivers/STM32G4xx_HAL_Driver/Src/stm32g4xx_ll_exti.o
 .debug_info    0x000000000000ca6c      0xa14 ./Drivers/STM32G4xx_HAL_Driver/Src/stm32g4xx_ll_gpio.o
 .debug_info    0x000000000000d480      0x6f6 ./Drivers/STM32G4xx_HAL_Driver/Src/stm32g4xx_ll_lpuart.o
 .debug_info    0x000000000000db76      0xc49 ./Drivers/STM32G4xx_HAL_Driver/Src/stm32g4xx_ll_rcc.o
 .debug_info    0x000000000000e7bf      0x820 ./Drivers/STM32G4xx_HAL_Driver/Src/stm32g4xx_ll_spi.o
 .debug_info    0x000000000000efdf      0xbfd ./Drivers/STM32G4xx_HAL_Driver/Src/stm32g4xx_ll_utils.o

.debug_abbrev   0x0000000000000000     0x2a8f
 .debug_abbrev  0x0000000000000000      0x213 ./Core/Src/LoRa.o
 .debug_abbrev  0x0000000000000213      0x27f ./Core/Src/gpio.o
 .debug_abbrev  0x0000000000000492      0x220 ./Core/Src/main.o
 .debug_abbrev  0x00000000000006b2      0x191 ./Core/Src/spi.o
 .debug_abbrev  0x0000000000000843       0xee ./Core/Src/stm32g4xx_hal_msp.o
 .debug_abbrev  0x0000000000000931      0x15e ./Core/Src/stm32g4xx_it.o
 .debug_abbrev  0x0000000000000a8f      0x116 ./Core/Src/system_stm32g4xx.o
 .debug_abbrev  0x0000000000000ba5      0x23c ./Core/Src/tim.o
 .debug_abbrev  0x0000000000000de1      0x22b ./Core/Src/usart.o
 .debug_abbrev  0x000000000000100c       0x12 ./Core/Startup/startup_stm32g491retx.o
 .debug_abbrev  0x000000000000101e      0x269 ./Drivers/STM32G4xx_HAL_Driver/Src/stm32g4xx_hal.o
 .debug_abbrev  0x0000000000001287      0x30d ./Drivers/STM32G4xx_HAL_Driver/Src/stm32g4xx_hal_cortex.o
 .debug_abbrev  0x0000000000001594      0x1bb ./Drivers/STM32G4xx_HAL_Driver/Src/stm32g4xx_hal_gpio.o
 .debug_abbrev  0x000000000000174f      0x229 ./Drivers/STM32G4xx_HAL_Driver/Src/stm32g4xx_hal_pwr_ex.o
 .debug_abbrev  0x0000000000001978      0x295 ./Drivers/STM32G4xx_HAL_Driver/Src/stm32g4xx_hal_tim.o
 .debug_abbrev  0x0000000000001c0d      0x2b2 ./Drivers/STM32G4xx_HAL_Driver/Src/stm32g4xx_hal_tim_ex.o
 .debug_abbrev  0x0000000000001ebf      0x183 ./Drivers/STM32G4xx_HAL_Driver/Src/stm32g4xx_ll_exti.o
 .debug_abbrev  0x0000000000002042      0x223 ./Drivers/STM32G4xx_HAL_Driver/Src/stm32g4xx_ll_gpio.o
 .debug_abbrev  0x0000000000002265      0x1ba ./Drivers/STM32G4xx_HAL_Driver/Src/stm32g4xx_ll_lpuart.o
 .debug_abbrev  0x000000000000241f      0x225 ./Drivers/STM32G4xx_HAL_Driver/Src/stm32g4xx_ll_rcc.o
 .debug_abbrev  0x0000000000002644      0x1f4 ./Drivers/STM32G4xx_HAL_Driver/Src/stm32g4xx_ll_spi.o
 .debug_abbrev  0x0000000000002838      0x257 ./Drivers/STM32G4xx_HAL_Driver/Src/stm32g4xx_ll_utils.o

.debug_aranges  0x0000000000000000     0x12a8
 .debug_aranges
                0x0000000000000000       0xb8 ./Core/Src/LoRa.o
 .debug_aranges
                0x00000000000000b8       0x70 ./Core/Src/gpio.o
 .debug_aranges
                0x0000000000000128       0xa8 ./Core/Src/main.o
 .debug_aranges
                0x00000000000001d0       0x50 ./Core/Src/spi.o
 .debug_aranges
                0x0000000000000220       0x20 ./Core/Src/stm32g4xx_hal_msp.o
 .debug_aranges
                0x0000000000000240       0x80 ./Core/Src/stm32g4xx_it.o
 .debug_aranges
                0x00000000000002c0       0x28 ./Core/Src/system_stm32g4xx.o
 .debug_aranges
                0x00000000000002e8       0x38 ./Core/Src/tim.o
 .debug_aranges
                0x0000000000000320       0x68 ./Core/Src/usart.o
 .debug_aranges
                0x0000000000000388       0x28 ./Core/Startup/startup_stm32g491retx.o
 .debug_aranges
                0x00000000000003b0      0x148 ./Drivers/STM32G4xx_HAL_Driver/Src/stm32g4xx_hal.o
 .debug_aranges
                0x00000000000004f8      0x118 ./Drivers/STM32G4xx_HAL_Driver/Src/stm32g4xx_hal_cortex.o
 .debug_aranges
                0x0000000000000610       0x58 ./Drivers/STM32G4xx_HAL_Driver/Src/stm32g4xx_hal_gpio.o
 .debug_aranges
                0x0000000000000668      0x140 ./Drivers/STM32G4xx_HAL_Driver/Src/stm32g4xx_hal_pwr_ex.o
 .debug_aranges
                0x00000000000007a8      0x3e0 ./Drivers/STM32G4xx_HAL_Driver/Src/stm32g4xx_hal_tim.o
 .debug_aranges
                0x0000000000000b88      0x240 ./Drivers/STM32G4xx_HAL_Driver/Src/stm32g4xx_hal_tim_ex.o
 .debug_aranges
                0x0000000000000dc8       0xb0 ./Drivers/STM32G4xx_HAL_Driver/Src/stm32g4xx_ll_exti.o
 .debug_aranges
                0x0000000000000e78       0x70 ./Drivers/STM32G4xx_HAL_Driver/Src/stm32g4xx_ll_gpio.o
 .debug_aranges
                0x0000000000000ee8       0x68 ./Drivers/STM32G4xx_HAL_Driver/Src/stm32g4xx_ll_lpuart.o
 .debug_aranges
                0x0000000000000f50      0x1c8 ./Drivers/STM32G4xx_HAL_Driver/Src/stm32g4xx_ll_rcc.o
 .debug_aranges
                0x0000000000001118       0x90 ./Drivers/STM32G4xx_HAL_Driver/Src/stm32g4xx_ll_spi.o
 .debug_aranges
                0x00000000000011a8      0x100 ./Drivers/STM32G4xx_HAL_Driver/Src/stm32g4xx_ll_utils.o

.debug_ranges   0x0000000000000000     0x1150
 .debug_ranges  0x0000000000000000       0xa8 ./Core/Src/LoRa.o
 .debug_ranges  0x00000000000000a8       0x60 ./Core/Src/gpio.o
 .debug_ranges  0x0000000000000108       0x98 ./Core/Src/main.o
 .debug_ranges  0x00000000000001a0       0x40 ./Core/Src/spi.o
 .debug_ranges  0x00000000000001e0       0x10 ./Core/Src/stm32g4xx_hal_msp.o
 .debug_ranges  0x00000000000001f0       0x70 ./Core/Src/stm32g4xx_it.o
 .debug_ranges  0x0000000000000260       0x18 ./Core/Src/system_stm32g4xx.o
 .debug_ranges  0x0000000000000278       0x28 ./Core/Src/tim.o
 .debug_ranges  0x00000000000002a0       0x58 ./Core/Src/usart.o
 .debug_ranges  0x00000000000002f8       0x20 ./Core/Startup/startup_stm32g491retx.o
 .debug_ranges  0x0000000000000318      0x138 ./Drivers/STM32G4xx_HAL_Driver/Src/stm32g4xx_hal.o
 .debug_ranges  0x0000000000000450      0x108 ./Drivers/STM32G4xx_HAL_Driver/Src/stm32g4xx_hal_cortex.o
 .debug_ranges  0x0000000000000558       0x48 ./Drivers/STM32G4xx_HAL_Driver/Src/stm32g4xx_hal_gpio.o
 .debug_ranges  0x00000000000005a0      0x130 ./Drivers/STM32G4xx_HAL_Driver/Src/stm32g4xx_hal_pwr_ex.o
 .debug_ranges  0x00000000000006d0      0x3d0 ./Drivers/STM32G4xx_HAL_Driver/Src/stm32g4xx_hal_tim.o
 .debug_ranges  0x0000000000000aa0      0x230 ./Drivers/STM32G4xx_HAL_Driver/Src/stm32g4xx_hal_tim_ex.o
 .debug_ranges  0x0000000000000cd0       0xa0 ./Drivers/STM32G4xx_HAL_Driver/Src/stm32g4xx_ll_exti.o
 .debug_ranges  0x0000000000000d70       0x60 ./Drivers/STM32G4xx_HAL_Driver/Src/stm32g4xx_ll_gpio.o
 .debug_ranges  0x0000000000000dd0       0x58 ./Drivers/STM32G4xx_HAL_Driver/Src/stm32g4xx_ll_lpuart.o
 .debug_ranges  0x0000000000000e28      0x1b8 ./Drivers/STM32G4xx_HAL_Driver/Src/stm32g4xx_ll_rcc.o
 .debug_ranges  0x0000000000000fe0       0x80 ./Drivers/STM32G4xx_HAL_Driver/Src/stm32g4xx_ll_spi.o
 .debug_ranges  0x0000000000001060       0xf0 ./Drivers/STM32G4xx_HAL_Driver/Src/stm32g4xx_ll_utils.o

.debug_macro    0x0000000000000000    0x2206d
 .debug_macro   0x0000000000000000      0x24d ./Core/Src/LoRa.o
 .debug_macro   0x000000000000024d      0xa7e ./Core/Src/LoRa.o
 .debug_macro   0x0000000000000ccb       0x22 ./Core/Src/LoRa.o
 .debug_macro   0x0000000000000ced       0x8e ./Core/Src/LoRa.o
 .debug_macro   0x0000000000000d7b       0x51 ./Core/Src/LoRa.o
 .debug_macro   0x0000000000000dcc      0x103 ./Core/Src/LoRa.o
 .debug_macro   0x0000000000000ecf       0x6a ./Core/Src/LoRa.o
 .debug_macro   0x0000000000000f39      0x1df ./Core/Src/LoRa.o
 .debug_macro   0x0000000000001118      0x155 ./Core/Src/LoRa.o
 .debug_macro   0x000000000000126d       0x2e ./Core/Src/LoRa.o
 .debug_macro   0x000000000000129b       0x28 ./Core/Src/LoRa.o
 .debug_macro   0x00000000000012c3       0x1c ./Core/Src/LoRa.o
 .debug_macro   0x00000000000012df       0x22 ./Core/Src/LoRa.o
 .debug_macro   0x0000000000001301       0xfb ./Core/Src/LoRa.o
 .debug_macro   0x00000000000013fc     0x1011 ./Core/Src/LoRa.o
 .debug_macro   0x000000000000240d      0x11f ./Core/Src/LoRa.o
 .debug_macro   0x000000000000252c    0x11e40 ./Core/Src/LoRa.o
 .debug_macro   0x000000000001436c       0x6d ./Core/Src/LoRa.o
 .debug_macro   0x00000000000143d9     0x354d ./Core/Src/LoRa.o
 .debug_macro   0x0000000000017926      0x174 ./Core/Src/LoRa.o
 .debug_macro   0x0000000000017a9a       0x5c ./Core/Src/LoRa.o
 .debug_macro   0x0000000000017af6     0x1535 ./Core/Src/LoRa.o
 .debug_macro   0x000000000001902b      0x5cf ./Core/Src/LoRa.o
 .debug_macro   0x00000000000195fa      0x1b6 ./Core/Src/LoRa.o
 .debug_macro   0x00000000000197b0      0x2d0 ./Core/Src/LoRa.o
 .debug_macro   0x0000000000019a80      0x4a2 ./Core/Src/LoRa.o
 .debug_macro   0x0000000000019f22      0x18b ./Core/Src/LoRa.o
 .debug_macro   0x000000000001a0ad       0x43 ./Core/Src/LoRa.o
 .debug_macro   0x000000000001a0f0      0x23d ./Core/Src/LoRa.o
 .debug_macro   0x000000000001a32d      0x211 ./Core/Src/LoRa.o
 .debug_macro   0x000000000001a53e      0x416 ./Core/Src/LoRa.o
 .debug_macro   0x000000000001a954      0x10e ./Core/Src/LoRa.o
 .debug_macro   0x000000000001aa62      0x122 ./Core/Src/LoRa.o
 .debug_macro   0x000000000001ab84      0x3d1 ./Core/Src/LoRa.o
 .debug_macro   0x000000000001af55      0xbe8 ./Core/Src/LoRa.o
 .debug_macro   0x000000000001bb3d      0x4ee ./Core/Src/LoRa.o
 .debug_macro   0x000000000001c02b      0x321 ./Core/Src/LoRa.o
 .debug_macro   0x000000000001c34c      0x317 ./Core/Src/LoRa.o
 .debug_macro   0x000000000001c663      0x636 ./Core/Src/LoRa.o
 .debug_macro   0x000000000001cc99      0x1a2 ./Core/Src/LoRa.o
 .debug_macro   0x000000000001ce3b       0xd0 ./Core/Src/LoRa.o
 .debug_macro   0x000000000001cf0b      0x32d ./Core/Src/LoRa.o
 .debug_macro   0x000000000001d238      0x15c ./Core/Src/LoRa.o
 .debug_macro   0x000000000001d394      0x1a6 ./Core/Src/LoRa.o
 .debug_macro   0x000000000001d53a       0xa0 ./Core/Src/LoRa.o
 .debug_macro   0x000000000001d5da      0x231 ./Core/Src/LoRa.o
 .debug_macro   0x000000000001d80b      0x63e ./Core/Src/LoRa.o
 .debug_macro   0x000000000001de49      0x2cc ./Core/Src/LoRa.o
 .debug_macro   0x000000000001e115      0x2ea ./Core/Src/LoRa.o
 .debug_macro   0x000000000001e3ff      0x169 ./Core/Src/LoRa.o
 .debug_macro   0x000000000001e568       0x7c ./Core/Src/LoRa.o
 .debug_macro   0x000000000001e5e4       0xfd ./Core/Src/LoRa.o
 .debug_macro   0x000000000001e6e1      0x24e ./Core/Src/gpio.o
 .debug_macro   0x000000000001e92f      0x279 ./Core/Src/main.o
 .debug_macro   0x000000000001eba8      0x24e ./Core/Src/spi.o
 .debug_macro   0x000000000001edf6      0x244 ./Core/Src/stm32g4xx_hal_msp.o
 .debug_macro   0x000000000001f03a      0x24e ./Core/Src/stm32g4xx_it.o
 .debug_macro   0x000000000001f288      0x1ba ./Core/Src/system_stm32g4xx.o
 .debug_macro   0x000000000001f442      0x24e ./Core/Src/tim.o
 .debug_macro   0x000000000001f690      0x24e ./Core/Src/usart.o
 .debug_macro   0x000000000001f8de      0x208 ./Drivers/STM32G4xx_HAL_Driver/Src/stm32g4xx_hal.o
 .debug_macro   0x000000000001fae6      0x1ba ./Drivers/STM32G4xx_HAL_Driver/Src/stm32g4xx_hal_cortex.o
 .debug_macro   0x000000000001fca0      0x1c1 ./Drivers/STM32G4xx_HAL_Driver/Src/stm32g4xx_hal_gpio.o
 .debug_macro   0x000000000001fe61      0x1e4 ./Drivers/STM32G4xx_HAL_Driver/Src/stm32g4xx_hal_pwr_ex.o
 .debug_macro   0x0000000000020045      0x1c2 ./Drivers/STM32G4xx_HAL_Driver/Src/stm32g4xx_hal_tim.o
 .debug_macro   0x0000000000020207      0x1c0 ./Drivers/STM32G4xx_HAL_Driver/Src/stm32g4xx_hal_tim_ex.o
 .debug_macro   0x00000000000203c7      0x1e7 ./Drivers/STM32G4xx_HAL_Driver/Src/stm32g4xx_ll_exti.o
 .debug_macro   0x00000000000205ae      0x156 ./Drivers/STM32G4xx_HAL_Driver/Src/stm32g4xx_ll_exti.o
 .debug_macro   0x0000000000020704      0x1fc ./Drivers/STM32G4xx_HAL_Driver/Src/stm32g4xx_ll_gpio.o
 .debug_macro   0x0000000000020900      0x163 ./Drivers/STM32G4xx_HAL_Driver/Src/stm32g4xx_ll_gpio.o
 .debug_macro   0x0000000000020a63      0x21d ./Drivers/STM32G4xx_HAL_Driver/Src/stm32g4xx_ll_lpuart.o
 .debug_macro   0x0000000000020c80      0x311 ./Drivers/STM32G4xx_HAL_Driver/Src/stm32g4xx_ll_lpuart.o
 .debug_macro   0x0000000000020f91      0x217 ./Drivers/STM32G4xx_HAL_Driver/Src/stm32g4xx_ll_rcc.o
 .debug_macro   0x00000000000211a8      0x630 ./Drivers/STM32G4xx_HAL_Driver/Src/stm32g4xx_ll_rcc.o
 .debug_macro   0x00000000000217d8      0x269 ./Drivers/STM32G4xx_HAL_Driver/Src/stm32g4xx_ll_spi.o
 .debug_macro   0x0000000000021a41      0x2e4 ./Drivers/STM32G4xx_HAL_Driver/Src/stm32g4xx_ll_spi.o
 .debug_macro   0x0000000000021d25      0x2ae ./Drivers/STM32G4xx_HAL_Driver/Src/stm32g4xx_ll_utils.o
 .debug_macro   0x0000000000021fd3       0x9a ./Drivers/STM32G4xx_HAL_Driver/Src/stm32g4xx_ll_utils.o

.debug_line     0x0000000000000000    0x12707
 .debug_line    0x0000000000000000      0xb44 ./Core/Src/LoRa.o
 .debug_line    0x0000000000000b44      0xa7b ./Core/Src/gpio.o
 .debug_line    0x00000000000015bf      0xa74 ./Core/Src/main.o
 .debug_line    0x0000000000002033      0x916 ./Core/Src/spi.o
 .debug_line    0x0000000000002949      0x806 ./Core/Src/stm32g4xx_hal_msp.o
 .debug_line    0x000000000000314f      0x95d ./Core/Src/stm32g4xx_it.o
 .debug_line    0x0000000000003aac      0x741 ./Core/Src/system_stm32g4xx.o
 .debug_line    0x00000000000041ed      0x8ca ./Core/Src/tim.o
 .debug_line    0x0000000000004ab7      0xa0c ./Core/Src/usart.o
 .debug_line    0x00000000000054c3       0x89 ./Core/Startup/startup_stm32g491retx.o
 .debug_line    0x000000000000554c      0xb00 ./Drivers/STM32G4xx_HAL_Driver/Src/stm32g4xx_hal.o
 .debug_line    0x000000000000604c      0xc6b ./Drivers/STM32G4xx_HAL_Driver/Src/stm32g4xx_hal_cortex.o
 .debug_line    0x0000000000006cb7      0xafb ./Drivers/STM32G4xx_HAL_Driver/Src/stm32g4xx_hal_gpio.o
 .debug_line    0x00000000000077b2      0xc6f ./Drivers/STM32G4xx_HAL_Driver/Src/stm32g4xx_hal_pwr_ex.o
 .debug_line    0x0000000000008421     0x3ef1 ./Drivers/STM32G4xx_HAL_Driver/Src/stm32g4xx_hal_tim.o
 .debug_line    0x000000000000c312     0x2088 ./Drivers/STM32G4xx_HAL_Driver/Src/stm32g4xx_hal_tim_ex.o
 .debug_line    0x000000000000e39a      0x955 ./Drivers/STM32G4xx_HAL_Driver/Src/stm32g4xx_ll_exti.o
 .debug_line    0x000000000000ecef      0x9f5 ./Drivers/STM32G4xx_HAL_Driver/Src/stm32g4xx_ll_gpio.o
 .debug_line    0x000000000000f6e4      0x863 ./Drivers/STM32G4xx_HAL_Driver/Src/stm32g4xx_ll_lpuart.o
 .debug_line    0x000000000000ff47     0x11bc ./Drivers/STM32G4xx_HAL_Driver/Src/stm32g4xx_ll_rcc.o
 .debug_line    0x0000000000011103      0x981 ./Drivers/STM32G4xx_HAL_Driver/Src/stm32g4xx_ll_spi.o
 .debug_line    0x0000000000011a84      0xc83 ./Drivers/STM32G4xx_HAL_Driver/Src/stm32g4xx_ll_utils.o

.debug_str      0x0000000000000000    0xd56d7
 .debug_str     0x0000000000000000    0xcdc93 ./Core/Src/LoRa.o
                                      0xceb50 (size before relaxing)
 .debug_str     0x00000000000cdc93      0x8b4 ./Core/Src/gpio.o
                                      0xcee48 (size before relaxing)
 .debug_str     0x00000000000ce547      0x312 ./Core/Src/main.o
                                      0xcecb5 (size before relaxing)
 .debug_str     0x00000000000ce859       0xf8 ./Core/Src/spi.o
                                      0xce7b0 (size before relaxing)
 .debug_str     0x00000000000ce951       0x4d ./Core/Src/stm32g4xx_hal_msp.o
                                      0xce5e5 (size before relaxing)
 .debug_str     0x00000000000ce99e      0x172 ./Core/Src/stm32g4xx_it.o
                                      0xce5cb (size before relaxing)
 .debug_str     0x00000000000ceb10       0x77 ./Core/Src/system_stm32g4xx.o
                                      0xbf101 (size before relaxing)
 .debug_str     0x00000000000ceb87      0x74b ./Core/Src/tim.o
                                      0xcee81 (size before relaxing)
 .debug_str     0x00000000000cf2d2      0x18d ./Core/Src/usart.o
                                      0xce852 (size before relaxing)
 .debug_str     0x00000000000cf45f       0x36 ./Core/Startup/startup_stm32g491retx.o
                                         0x6c (size before relaxing)
 .debug_str     0x00000000000cf495      0x5c2 ./Drivers/STM32G4xx_HAL_Driver/Src/stm32g4xx_hal.o
                                      0xbfd0c (size before relaxing)
 .debug_str     0x00000000000cfa57      0x2b7 ./Drivers/STM32G4xx_HAL_Driver/Src/stm32g4xx_hal_cortex.o
                                      0xbf990 (size before relaxing)
 .debug_str     0x00000000000cfd0e      0x122 ./Drivers/STM32G4xx_HAL_Driver/Src/stm32g4xx_hal_gpio.o
                                      0xbf28c (size before relaxing)
 .debug_str     0x00000000000cfe30      0x465 ./Drivers/STM32G4xx_HAL_Driver/Src/stm32g4xx_hal_pwr_ex.o
                                      0xbf5ef (size before relaxing)
 .debug_str     0x00000000000d0295      0xed0 ./Drivers/STM32G4xx_HAL_Driver/Src/stm32g4xx_hal_tim.o
                                      0xc05ff (size before relaxing)
 .debug_str     0x00000000000d1165      0x900 ./Drivers/STM32G4xx_HAL_Driver/Src/stm32g4xx_hal_tim_ex.o
                                      0xc0273 (size before relaxing)
 .debug_str     0x00000000000d1a65      0x42b ./Drivers/STM32G4xx_HAL_Driver/Src/stm32g4xx_ll_exti.o
                                      0xbfab6 (size before relaxing)
 .debug_str     0x00000000000d1e90      0x62a ./Drivers/STM32G4xx_HAL_Driver/Src/stm32g4xx_ll_gpio.o
                                      0xc0a3c (size before relaxing)
 .debug_str     0x00000000000d24ba      0x7d0 ./Drivers/STM32G4xx_HAL_Driver/Src/stm32g4xx_ll_lpuart.o
                                      0xc508b (size before relaxing)
 .debug_str     0x00000000000d2c8a      0xb18 ./Drivers/STM32G4xx_HAL_Driver/Src/stm32g4xx_ll_rcc.o
                                      0xc34ba (size before relaxing)
 .debug_str     0x00000000000d37a2      0xff1 ./Drivers/STM32G4xx_HAL_Driver/Src/stm32g4xx_ll_spi.o
                                      0xc5670 (size before relaxing)
 .debug_str     0x00000000000d4793      0xf44 ./Drivers/STM32G4xx_HAL_Driver/Src/stm32g4xx_ll_utils.o
                                      0xc6197 (size before relaxing)

.comment        0x0000000000000000       0x50
 .comment       0x0000000000000000       0x50 ./Core/Src/LoRa.o
                                         0x51 (size before relaxing)
 .comment       0x0000000000000050       0x51 ./Core/Src/gpio.o
 .comment       0x0000000000000050       0x51 ./Core/Src/main.o
 .comment       0x0000000000000050       0x51 ./Core/Src/spi.o
 .comment       0x0000000000000050       0x51 ./Core/Src/stm32g4xx_hal_msp.o
 .comment       0x0000000000000050       0x51 ./Core/Src/stm32g4xx_it.o
 .comment       0x0000000000000050       0x51 ./Core/Src/system_stm32g4xx.o
 .comment       0x0000000000000050       0x51 ./Core/Src/tim.o
 .comment       0x0000000000000050       0x51 ./Core/Src/usart.o
 .comment       0x0000000000000050       0x51 ./Drivers/STM32G4xx_HAL_Driver/Src/stm32g4xx_hal.o
 .comment       0x0000000000000050       0x51 ./Drivers/STM32G4xx_HAL_Driver/Src/stm32g4xx_hal_cortex.o
 .comment       0x0000000000000050       0x51 ./Drivers/STM32G4xx_HAL_Driver/Src/stm32g4xx_hal_gpio.o
 .comment       0x0000000000000050       0x51 ./Drivers/STM32G4xx_HAL_Driver/Src/stm32g4xx_hal_pwr_ex.o
 .comment       0x0000000000000050       0x51 ./Drivers/STM32G4xx_HAL_Driver/Src/stm32g4xx_hal_tim.o
 .comment       0x0000000000000050       0x51 ./Drivers/STM32G4xx_HAL_Driver/Src/stm32g4xx_hal_tim_ex.o
 .comment       0x0000000000000050       0x51 ./Drivers/STM32G4xx_HAL_Driver/Src/stm32g4xx_ll_exti.o
 .comment       0x0000000000000050       0x51 ./Drivers/STM32G4xx_HAL_Driver/Src/stm32g4xx_ll_gpio.o
 .comment       0x0000000000000050       0x51 ./Drivers/STM32G4xx_HAL_Driver/Src/stm32g4xx_ll_lpuart.o
 .comment       0x0000000000000050       0x51 ./Drivers/STM32G4xx_HAL_Driver/Src/stm32g4xx_ll_rcc.o
 .comment       0x0000000000000050       0x51 ./Drivers/STM32G4xx_HAL_Driver/Src/stm32g4xx_ll_spi.o
 .comment       0x0000000000000050       0x51 ./Drivers/STM32G4xx_HAL_Driver/Src/stm32g4xx_ll_utils.o

.debug_frame    0x0000000000000000     0x4e34
 .debug_frame   0x0000000000000000      0x2fc ./Core/Src/LoRa.o
 .debug_frame   0x00000000000002fc      0x1bc ./Core/Src/gpio.o
 .debug_frame   0x00000000000004b8      0x280 ./Core/Src/main.o
 .debug_frame   0x0000000000000738      0x124 ./Core/Src/spi.o
 .debug_frame   0x000000000000085c       0x34 ./Core/Src/stm32g4xx_hal_msp.o
 .debug_frame   0x0000000000000890      0x18c ./Core/Src/stm32g4xx_it.o
 .debug_frame   0x0000000000000a1c       0x58 ./Core/Src/system_stm32g4xx.o
 .debug_frame   0x0000000000000a74       0xa8 ./Core/Src/tim.o
 .debug_frame   0x0000000000000b1c      0x19c ./Core/Src/usart.o
 .debug_frame   0x0000000000000cb8      0x500 ./Drivers/STM32G4xx_HAL_Driver/Src/stm32g4xx_hal.o
 .debug_frame   0x00000000000011b8      0x498 ./Drivers/STM32G4xx_HAL_Driver/Src/stm32g4xx_hal_cortex.o
 .debug_frame   0x0000000000001650      0x14c ./Drivers/STM32G4xx_HAL_Driver/Src/stm32g4xx_hal_gpio.o
 .debug_frame   0x000000000000179c      0x4fc ./Drivers/STM32G4xx_HAL_Driver/Src/stm32g4xx_hal_pwr_ex.o
 .debug_frame   0x0000000000001c98     0x121c ./Drivers/STM32G4xx_HAL_Driver/Src/stm32g4xx_hal_tim.o
 .debug_frame   0x0000000000002eb4      0xa68 ./Drivers/STM32G4xx_HAL_Driver/Src/stm32g4xx_hal_tim_ex.o
 .debug_frame   0x000000000000391c      0x2fc ./Drivers/STM32G4xx_HAL_Driver/Src/stm32g4xx_ll_exti.o
 .debug_frame   0x0000000000003c18      0x1c0 ./Drivers/STM32G4xx_HAL_Driver/Src/stm32g4xx_ll_gpio.o
 .debug_frame   0x0000000000003dd8      0x1a0 ./Drivers/STM32G4xx_HAL_Driver/Src/stm32g4xx_ll_lpuart.o
 .debug_frame   0x0000000000003f78      0x798 ./Drivers/STM32G4xx_HAL_Driver/Src/stm32g4xx_ll_rcc.o
 .debug_frame   0x0000000000004710      0x258 ./Drivers/STM32G4xx_HAL_Driver/Src/stm32g4xx_ll_spi.o
 .debug_frame   0x0000000000004968      0x420 ./Drivers/STM32G4xx_HAL_Driver/Src/stm32g4xx_ll_utils.o
 .debug_frame   0x0000000000004d88       0x2c d:/program files/stm32cubeide_1.12.1/stm32cubeide/plugins/com.st.stm32cube.ide.mcu.externaltools.gnu-tools-for-stm32.10.3-2021.10.win32_1.0.200.202301161003/tools/bin/../lib/gcc/arm-none-eabi/10.3.1/../../../../arm-none-eabi/lib/thumb/v7e-m+fp/hard\libc_nano.a(lib_a-init.o)
 .debug_frame   0x0000000000004db4       0x20 d:/program files/stm32cubeide_1.12.1/stm32cubeide/plugins/com.st.stm32cube.ide.mcu.externaltools.gnu-tools-for-stm32.10.3-2021.10.win32_1.0.200.202301161003/tools/bin/../lib/gcc/arm-none-eabi/10.3.1/../../../../arm-none-eabi/lib/thumb/v7e-m+fp/hard\libc_nano.a(lib_a-memset.o)
 .debug_frame   0x0000000000004dd4       0x2c d:/program files/stm32cubeide_1.12.1/stm32cubeide/plugins/com.st.stm32cube.ide.mcu.externaltools.gnu-tools-for-stm32.10.3-2021.10.win32_1.0.200.202301161003/tools/bin/../lib/gcc/arm-none-eabi/10.3.1/thumb/v7e-m+fp/hard\libgcc.a(_aeabi_uldivmod.o)
 .debug_frame   0x0000000000004e00       0x34 d:/program files/stm32cubeide_1.12.1/stm32cubeide/plugins/com.st.stm32cube.ide.mcu.externaltools.gnu-tools-for-stm32.10.3-2021.10.win32_1.0.200.202301161003/tools/bin/../lib/gcc/arm-none-eabi/10.3.1/thumb/v7e-m+fp/hard\libgcc.a(_udivmoddi4.o)
