Archive member included to satisfy reference by file (symbol)

d:/program files/stm32cubeide_1.12.1/stm32cubeide/plugins/com.st.stm32cube.ide.mcu.externaltools.gnu-tools-for-stm32.10.3-2021.10.win32_1.0.200.202301161003/tools/bin/../lib/gcc/arm-none-eabi/10.3.1/../../../../arm-none-eabi/lib/thumb/v7e-m+fp/hard\libc_nano.a(lib_a-errno.o)
                              ./Core/Src/syscalls.o (__errno)
d:/program files/stm32cubeide_1.12.1/stm32cubeide/plugins/com.st.stm32cube.ide.mcu.externaltools.gnu-tools-for-stm32.10.3-2021.10.win32_1.0.200.202301161003/tools/bin/../lib/gcc/arm-none-eabi/10.3.1/../../../../arm-none-eabi/lib/thumb/v7e-m+fp/hard\libc_nano.a(lib_a-exit.o)
                              d:/program files/stm32cubeide_1.12.1/stm32cubeide/plugins/com.st.stm32cube.ide.mcu.externaltools.gnu-tools-for-stm32.10.3-2021.10.win32_1.0.200.202301161003/tools/bin/../lib/gcc/arm-none-eabi/10.3.1/../../../../arm-none-eabi/lib/thumb/v7e-m+fp/hard/crt0.o (exit)
d:/program files/stm32cubeide_1.12.1/stm32cubeide/plugins/com.st.stm32cube.ide.mcu.externaltools.gnu-tools-for-stm32.10.3-2021.10.win32_1.0.200.202301161003/tools/bin/../lib/gcc/arm-none-eabi/10.3.1/../../../../arm-none-eabi/lib/thumb/v7e-m+fp/hard\libc_nano.a(lib_a-impure.o)
                              d:/program files/stm32cubeide_1.12.1/stm32cubeide/plugins/com.st.stm32cube.ide.mcu.externaltools.gnu-tools-for-stm32.10.3-2021.10.win32_1.0.200.202301161003/tools/bin/../lib/gcc/arm-none-eabi/10.3.1/../../../../arm-none-eabi/lib/thumb/v7e-m+fp/hard\libc_nano.a(lib_a-exit.o) (_global_impure_ptr)
d:/program files/stm32cubeide_1.12.1/stm32cubeide/plugins/com.st.stm32cube.ide.mcu.externaltools.gnu-tools-for-stm32.10.3-2021.10.win32_1.0.200.202301161003/tools/bin/../lib/gcc/arm-none-eabi/10.3.1/../../../../arm-none-eabi/lib/thumb/v7e-m+fp/hard\libc_nano.a(lib_a-init.o)
                              d:/program files/stm32cubeide_1.12.1/stm32cubeide/plugins/com.st.stm32cube.ide.mcu.externaltools.gnu-tools-for-stm32.10.3-2021.10.win32_1.0.200.202301161003/tools/bin/../lib/gcc/arm-none-eabi/10.3.1/../../../../arm-none-eabi/lib/thumb/v7e-m+fp/hard/crt0.o (__libc_init_array)
d:/program files/stm32cubeide_1.12.1/stm32cubeide/plugins/com.st.stm32cube.ide.mcu.externaltools.gnu-tools-for-stm32.10.3-2021.10.win32_1.0.200.202301161003/tools/bin/../lib/gcc/arm-none-eabi/10.3.1/../../../../arm-none-eabi/lib/thumb/v7e-m+fp/hard\libc_nano.a(lib_a-memset.o)
                              d:/program files/stm32cubeide_1.12.1/stm32cubeide/plugins/com.st.stm32cube.ide.mcu.externaltools.gnu-tools-for-stm32.10.3-2021.10.win32_1.0.200.202301161003/tools/bin/../lib/gcc/arm-none-eabi/10.3.1/../../../../arm-none-eabi/lib/thumb/v7e-m+fp/hard/crt0.o (memset)
d:/program files/stm32cubeide_1.12.1/stm32cubeide/plugins/com.st.stm32cube.ide.mcu.externaltools.gnu-tools-for-stm32.10.3-2021.10.win32_1.0.200.202301161003/tools/bin/../lib/gcc/arm-none-eabi/10.3.1/../../../../arm-none-eabi/lib/thumb/v7e-m+fp/hard\libc_nano.a(lib_a-nano-vfprintf_float.o)
                              (_printf_float)
d:/program files/stm32cubeide_1.12.1/stm32cubeide/plugins/com.st.stm32cube.ide.mcu.externaltools.gnu-tools-for-stm32.10.3-2021.10.win32_1.0.200.202301161003/tools/bin/../lib/gcc/arm-none-eabi/10.3.1/../../../../arm-none-eabi/lib/thumb/v7e-m+fp/hard\libc_nano.a(lib_a-nano-vfprintf_i.o)
                              d:/program files/stm32cubeide_1.12.1/stm32cubeide/plugins/com.st.stm32cube.ide.mcu.externaltools.gnu-tools-for-stm32.10.3-2021.10.win32_1.0.200.202301161003/tools/bin/../lib/gcc/arm-none-eabi/10.3.1/../../../../arm-none-eabi/lib/thumb/v7e-m+fp/hard\libc_nano.a(lib_a-nano-vfprintf_float.o) (_printf_common)
d:/program files/stm32cubeide_1.12.1/stm32cubeide/plugins/com.st.stm32cube.ide.mcu.externaltools.gnu-tools-for-stm32.10.3-2021.10.win32_1.0.200.202301161003/tools/bin/../lib/gcc/arm-none-eabi/10.3.1/../../../../arm-none-eabi/lib/thumb/v7e-m+fp/hard\libc_nano.a(lib_a-printf.o)
                              ./Core/Src/stering.o (printf)
d:/program files/stm32cubeide_1.12.1/stm32cubeide/plugins/com.st.stm32cube.ide.mcu.externaltools.gnu-tools-for-stm32.10.3-2021.10.win32_1.0.200.202301161003/tools/bin/../lib/gcc/arm-none-eabi/10.3.1/../../../../arm-none-eabi/lib/thumb/v7e-m+fp/hard\libc_nano.a(lib_a-strlen.o)
                              d:/program files/stm32cubeide_1.12.1/stm32cubeide/plugins/com.st.stm32cube.ide.mcu.externaltools.gnu-tools-for-stm32.10.3-2021.10.win32_1.0.200.202301161003/tools/bin/../lib/gcc/arm-none-eabi/10.3.1/../../../../arm-none-eabi/lib/thumb/v7e-m+fp/hard\libc_nano.a(lib_a-nano-vfprintf_float.o) (strlen)
d:/program files/stm32cubeide_1.12.1/stm32cubeide/plugins/com.st.stm32cube.ide.mcu.externaltools.gnu-tools-for-stm32.10.3-2021.10.win32_1.0.200.202301161003/tools/bin/../lib/gcc/arm-none-eabi/10.3.1/../../../../arm-none-eabi/lib/thumb/v7e-m+fp/hard\libc_nano.a(lib_a-dtoa.o)
[...]
Memory Configuration

Name             Origin             Length             Attributes
RAM              0x0000000020000000 0x000000000001c000 xrw
FLASH            0x0000000008000000 0x0000000000080000 xr
*default*        0x0000000000000000 0xffffffffffffffff

Linker script and memory map

LOAD d:/program files/stm32cubeide_1.12.1/stm32cubeide/plugins/com.st.stm32cube.ide.mcu.externaltools.gnu-tools-for-stm32.10.3-2021.10.win32_1.0.200.202301161003/tools/bin/../lib/gcc/arm-none-eabi/10.3.1/thumb/v7e-m+fp/hard/crti.o
LOAD d:/program files/stm32cubeide_1.12.1/stm32cubeide/plugins/com.st.stm32cube.ide.mcu.externaltools.gnu-tools-for-stm32.10.3-2021.10.win32_1.0.200.202301161003/tools/bin/../lib/gcc/arm-none-eabi/10.3.1/thumb/v7e-m+fp/hard/crtbegin.o
LOAD d:/program files/stm32cubeide_1.12.1/stm32cubeide/plugins/com.st.stm32cube.ide.mcu.externaltools.gnu-tools-for-stm32.10.3-2021.10.win32_1.0.200.202301161003/tools/bin/../lib/gcc/arm-none-eabi/10.3.1/../../../../arm-none-eabi/lib/thumb/v7e-m+fp/hard/crt0.o
LOAD ./Core/Src/LoRa.o
LOAD ./Core/Src/gpio.o
LOAD ./Core/Src/main.o
LOAD ./Core/Src/print.o
LOAD ./Core/Src/spi.o
LOAD ./Core/Src/stering.o
LOAD ./Core/Src/stm32g4xx_it.o
LOAD ./Core/Src/syscalls.o
LOAD ./Core/Src/sysmem.o
LOAD ./Core/Src/system_stm32g4xx.o
LOAD ./Core/Src/tim.o
LOAD ./Core/Src/usart.o
LOAD ./Core/Startup/startup_stm32g491retx.o
LOAD ./Drivers/STM32G4xx_HAL_Driver/Src/stm32g4xx_ll_dma.o
LOAD ./Drivers/STM32G4xx_HAL_Driver/Src/stm32g4xx_ll_exti.o
LOAD ./Drivers/STM32G4xx_HAL_Driver/Src/stm32g4xx_ll_gpio.o
LOAD ./Drivers/STM32G4xx_HAL_Driver/Src/stm32g4xx_ll_lpuart.o
LOAD ./Drivers/STM32G4xx_HAL_Driver/Src/stm32g4xx_ll_pwr.o
LOAD ./Drivers/STM32G4xx_HAL_Driver/Src/stm32g4xx_ll_rcc.o
LOAD ./Drivers/STM32G4xx_HAL_Driver/Src/stm32g4xx_ll_spi.o
LOAD ./Drivers/STM32G4xx_HAL_Driver/Src/stm32g4xx_ll_tim.o
LOAD ./Drivers/STM32G4xx_HAL_Driver/Src/stm32g4xx_ll_utils.o
START GROUP
LOAD d:/program files/stm32cubeide_1.12.1/stm32cubeide/plugins/com.st.stm32cube.ide.mcu.externaltools.gnu-tools-for-stm32.10.3-2021.10.win32_1.0.200.202301161003/tools/bin/../lib/gcc/arm-none-eabi/10.3.1/../../../../arm-none-eabi/lib/thumb/v7e-m+fp/hard\libc_nano.a
LOAD d:/program files/stm32cubeide_1.12.1/stm32cubeide/plugins/com.st.stm32cube.ide.mcu.externaltools.gnu-tools-for-stm32.10.3-2021.10.win32_1.0.200.202301161003/tools/bin/../lib/gcc/arm-none-eabi/10.3.1/../../../../arm-none-eabi/lib/thumb/v7e-m+fp/hard\libm.a
END GROUP
START GROUP
LOAD d:/program files/stm32cubeide_1.12.1/stm32cubeide/plugins/com.st.stm32cube.ide.mcu.externaltools.gnu-tools-for-stm32.10.3-2021.10.win32_1.0.200.202301161003/tools/bin/../lib/gcc/arm-none-eabi/10.3.1/thumb/v7e-m+fp/hard\libgcc.a
LOAD d:/program files/stm32cubeide_1.12.1/stm32cubeide/plugins/com.st.stm32cube.ide.mcu.externaltools.gnu-tools-for-stm32.10.3-2021.10.win32_1.0.200.202301161003/tools/bin/../lib/gcc/arm-none-eabi/10.3.1/../../../../arm-none-eabi/lib/thumb/v7e-m+fp/hard\libc_nano.a
END GROUP
START GROUP
LOAD d:/program files/stm32cubeide_1.12.1/stm32cubeide/plugins/com.st.stm32cube.ide.mcu.externaltools.gnu-tools-for-stm32.10.3-2021.10.win32_1.0.200.202301161003/tools/bin/../lib/gcc/arm-none-eabi/10.3.1/thumb/v7e-m+fp/hard\libgcc.a
LOAD d:/program files/stm32cubeide_1.12.1/stm32cubeide/plugins/com.st.stm32cube.ide.mcu.externaltools.gnu-tools-for-stm32.10.3-2021.10.win32_1.0.200.202301161003/tools/bin/../lib/gcc/arm-none-eabi/10.3.1/../../../../arm-none-eabi/lib/thumb/v7e-m+fp/hard\libc_nano.a
LOAD d:/program files/stm32cubeide_1.12.1/stm32cubeide/plugins/com.st.stm32cube.ide.mcu.externaltools.gnu-tools-for-stm32.10.3-2021.10.win32_1.0.200.202301161003/tools/bin/../lib/gcc/arm-none-eabi/10.3.1/../../../../arm-none-eabi/lib/thumb/v7e-m+fp/hard\libnosys.a
END GROUP
START GROUP
LOAD d:/program files/stm32cubeide_1.12.1/stm32cubeide/plugins/com.st.stm32cube.ide.mcu.externaltools.gnu-tools-for-stm32.10.3-2021.10.win32_1.0.200.202301161003/tools/bin/../lib/gcc/arm-none-eabi/10.3.1/thumb/v7e-m+fp/hard\libgcc.a
LOAD d:/program files/stm32cubeide_1.12.1/stm32cubeide/plugins/com.st.stm32cube.ide.mcu.externaltools.gnu-tools-for-stm32.10.3-2021.10.win32_1.0.200.202301161003/tools/bin/../lib/gcc/arm-none-eabi/10.3.1/../../../../arm-none-eabi/lib/thumb/v7e-m+fp/hard\libc_nano.a
LOAD d:/program files/stm32cubeide_1.12.1/stm32cubeide/plugins/com.st.stm32cube.ide.mcu.externaltools.gnu-tools-for-stm32.10.3-2021.10.win32_1.0.200.202301161003/tools/bin/../lib/gcc/arm-none-eabi/10.3.1/../../../../arm-none-eabi/lib/thumb/v7e-m+fp/hard\libnosys.a
END GROUP
LOAD d:/program files/stm32cubeide_1.12.1/stm32cubeide/plugins/com.st.stm32cube.ide.mcu.externaltools.gnu-tools-for-stm32.10.3-2021.10.win32_1.0.200.202301161003/tools/bin/../lib/gcc/arm-none-eabi/10.3.1/thumb/v7e-m+fp/hard/crtend.o
LOAD d:/program files/stm32cubeide_1.12.1/stm32cubeide/plugins/com.st.stm32cube.ide.mcu.externaltools.gnu-tools-for-stm32.10.3-2021.10.win32_1.0.200.202301161003/tools/bin/../lib/gcc/arm-none-eabi/10.3.1/thumb/v7e-m+fp/hard/crtn.o
                0x000000002001c000                _estack = (ORIGIN (RAM) + LENGTH (RAM))
                0x0000000000000200                _Min_Heap_Size = 0x200
                0x0000000000000400                _Min_Stack_Size = 0x400

.isr_vector     0x0000000008000000      0x1d8
                0x0000000008000000                . = ALIGN (0x4)
 *(.isr_vector)
 .isr_vector    0x0000000008000000      0x1d8 ./Core/Startup/startup_stm32g491retx.o
                0x0000000008000000                g_pfnVectors
                0x00000000080001d8                . = ALIGN (0x4)

.text           0x00000000080001e0     0x6d58
                0x00000000080001e0                . = ALIGN (0x4)
 *(.text)
 .text          0x00000000080001e0       0x40 d:/program files/stm32cubeide_1.12.1/stm32cubeide/plugins/com.st.stm32cube.ide.mcu.externaltools.gnu-tools-for-stm32.10.3-2021.10.win32_1.0.200.202301161003/tools/bin/../lib/gcc/arm-none-eabi/10.3.1/thumb/v7e-m+fp/hard/crtbegin.o
 .text          0x0000000008000220       0x10 d:/program files/stm32cubeide_1.12.1/stm32cubeide/plugins/com.st.stm32cube.ide.mcu.externaltools.gnu-tools-for-stm32.10.3-2021.10.win32_1.0.200.202301161003/tools/bin/../lib/gcc/arm-none-eabi/10.3.1/../../../../arm-none-eabi/lib/thumb/v7e-m+fp/hard\libc_nano.a(lib_a-strlen.o)
                0x0000000008000220                strlen
 .text          0x0000000008000230       0xa0 d:/program files/stm32cubeide_1.12.1/stm32cubeide/plugins/com.st.stm32cube.ide.mcu.externaltools.gnu-tools-for-stm32.10.3-2021.10.win32_1.0.200.202301161003/tools/bin/../lib/gcc/arm-none-eabi/10.3.1/../../../../arm-none-eabi/lib/thumb/v7e-m+fp/hard\libc_nano.a(lib_a-memchr.o)
                0x0000000008000230                memchr
 .text          0x00000000080002d0      0x378 d:/program files/stm32cubeide_1.12.1/stm32cubeide/plugins/com.st.stm32cube.ide.mcu.externaltools.gnu-tools-for-stm32.10.3-2021.10.win32_1.0.200.202301161003/tools/bin/../lib/gcc/arm-none-eabi/10.3.1/thumb/v7e-m+fp/hard\libgcc.a(_arm_addsubdf3.o)
                0x00000000080002d0                __aeabi_drsub
                0x00000000080002d8                __aeabi_dsub
                0x00000000080002d8                __subdf3
                0x00000000080002dc                __aeabi_dadd
                0x00000000080002dc                __adddf3
                0x0000000008000554                __floatunsidf
                0x0000000008000554                __aeabi_ui2d
                0x0000000008000574                __floatsidf
                0x0000000008000574                __aeabi_i2d
                0x0000000008000598                __aeabi_f2d
                0x0000000008000598                __extendsfdf2
                0x00000000080005dc                __floatundidf
                0x00000000080005dc                __aeabi_ul2d
                0x00000000080005ec                __floatdidf
                0x00000000080005ec                __aeabi_l2d
 .text          0x0000000008000648      0x424 d:/program files/stm32cubeide_1.12.1/stm32cubeide/plugins/com.st.stm32cube.ide.mcu.externaltools.gnu-tools-for-stm32.10.3-2021.10.win32_1.0.200.202301161003/tools/bin/../lib/gcc/arm-none-eabi/10.3.1/thumb/v7e-m+fp/hard\libgcc.a(_arm_muldivdf3.o)
                0x0000000008000648                __aeabi_dmul
                0x0000000008000648                __muldf3
                0x000000000800089c                __divdf3
                0x000000000800089c                __aeabi_ddiv
 .text          0x0000000008000a6c      0x110 d:/program files/stm32cubeide_1.12.1/stm32cubeide/plugins/com.st.stm32cube.ide.mcu.externaltools.gnu-tools-for-stm32.10.3-2021.10.win32_1.0.200.202301161003/tools/bin/../lib/gcc/arm-none-eabi/10.3.1/thumb/v7e-m+fp/hard\libgcc.a(_arm_cmpdf2.o)
                0x0000000008000a6c                __gtdf2
                0x0000000008000a6c                __gedf2
                0x0000000008000a74                __ltdf2
                0x0000000008000a74                __ledf2
                0x0000000008000a7c                __nedf2
                0x0000000008000a7c                __eqdf2
                0x0000000008000a7c                __cmpdf2
                0x0000000008000af8                __aeabi_cdrcmple
                0x0000000008000b08                __aeabi_cdcmpeq
                0x0000000008000b08                __aeabi_cdcmple
                0x0000000008000b18                __aeabi_dcmpeq
                0x0000000008000b2c                __aeabi_dcmplt
                0x0000000008000b40                __aeabi_dcmple
                0x0000000008000b54                __aeabi_dcmpge
                0x0000000008000b68                __aeabi_dcmpgt
 .text          0x0000000008000b7c       0x2c d:/program files/stm32cubeide_1.12.1/stm32cubeide/plugins/com.st.stm32cube.ide.mcu.externaltools.gnu-tools-for-stm32.10.3-2021.10.win32_1.0.200.202301161003/tools/bin/../lib/gcc/arm-none-eabi/10.3.1/thumb/v7e-m+fp/hard\libgcc.a(_arm_unorddf2.o)
                0x0000000008000b7c                __unorddf2
                0x0000000008000b7c                __aeabi_dcmpun
 .text          0x0000000008000ba8       0x50 d:/program files/stm32cubeide_1.12.1/stm32cubeide/plugins/com.st.stm32cube.ide.mcu.externaltools.gnu-tools-for-stm32.10.3-2021.10.win32_1.0.200.202301161003/tools/bin/../lib/gcc/arm-none-eabi/10.3.1/thumb/v7e-m+fp/hard\libgcc.a(_arm_fixdfsi.o)
                0x0000000008000ba8                __aeabi_d2iz
                0x0000000008000ba8                __fixdfsi
 .text          0x0000000008000bf8       0x30 d:/program files/stm32cubeide_1.12.1/stm32cubeide/plugins/com.st.stm32cube.ide.mcu.externaltools.gnu-tools-for-stm32.10.3-2021.10.win32_1.0.200.202301161003/tools/bin/../lib/gcc/arm-none-eabi/10.3.1/thumb/v7e-m+fp/hard\libgcc.a(_aeabi_uldivmod.o)
                0x0000000008000bf8                __aeabi_uldivmod
 .text          0x0000000008000c28      0x2d0 d:/program files/stm32cubeide_1.12.1/stm32cubeide/plugins/com.st.stm32cube.ide.mcu.externaltools.gnu-tools-for-stm32.10.3-2021.10.win32_1.0.200.202301161003/tools/bin/../lib/gcc/arm-none-eabi/10.3.1/thumb/v7e-m+fp/hard\libgcc.a(_udivmoddi4.o)
                0x0000000008000c28                __udivmoddi4
 .text          0x0000000008000ef8        0x4 d:/program files/stm32cubeide_1.12.1/stm32cubeide/plugins/com.st.stm32cube.ide.mcu.externaltools.gnu-tools-for-stm32.10.3-2021.10.win32_1.0.200.202301161003/tools/bin/../lib/gcc/arm-none-eabi/10.3.1/thumb/v7e-m+fp/hard\libgcc.a(_dvmd_tls.o)
                0x0000000008000ef8                __aeabi_idiv0
                0x0000000008000ef8                __aeabi_ldiv0
 *(.text*)
 .text.LL_SPI_IsActiveFlag_TXE
                0x0000000008000efc       0x26 ./Core/Src/LoRa.o
 .text.LL_SPI_IsActiveFlag_BSY
                0x0000000008000f22       0x26 ./Core/Src/LoRa.o
 .text.LL_SPI_GetRxFIFOLevel
                0x0000000008000f48       0x1c ./Core/Src/LoRa.o
 .text.LL_SPI_GetTxFIFOLevel
                0x0000000008000f64       0x1c ./Core/Src/LoRa.o
 .text.LL_SPI_ReceiveData8
                0x0000000008000f80       0x1c ./Core/Src/LoRa.o
 .text.LL_SPI_TransmitData8
                0x0000000008000f9c       0x24 ./Core/Src/LoRa.o
 .text.LL_GPIO_IsInputPinSet
                0x0000000008000fc0       0x2a ./Core/Src/LoRa.o
 .text.LL_GPIO_SetOutputPin
                0x0000000008000fea       0x1c ./Core/Src/LoRa.o
 .text.LL_GPIO_ResetOutputPin
                0x0000000008001006       0x1c ./Core/Src/LoRa.o
 *fill*         0x0000000008001022        0x2 
 .text.spi_write_8
                0x0000000008001024       0x44 ./Core/Src/LoRa.o
 .text.spi_read_8
                0x0000000008001068       0x70 ./Core/Src/LoRa.o
 .text.lora_write
                0x00000000080010d8       0x4c ./Core/Src/LoRa.o
                0x00000000080010d8                lora_write
 .text.lora_read
                0x0000000008001124       0x48 ./Core/Src/LoRa.o
                0x0000000008001124                lora_read
 .text.lora_mode
                0x000000000800116c       0x3a ./Core/Src/LoRa.o
                0x000000000800116c                lora_mode
 .text.lora_set_bandwidth
                0x00000000080011a6       0x42 ./Core/Src/LoRa.o
                0x00000000080011a6                lora_set_bandwidth
 .text.lora_set_spreading_factor
                0x00000000080011e8       0x42 ./Core/Src/LoRa.o
                0x00000000080011e8                lora_set_spreading_factor
 .text.lora_set_crc
                0x000000000800122a       0x42 ./Core/Src/LoRa.o
                0x000000000800122a                lora_set_crc
 .text.lora_set_pa_boost
                0x000000000800126c       0x42 ./Core/Src/LoRa.o
                0x000000000800126c                lora_set_pa_boost
 .text.lora_set_max_output_power
                0x00000000080012ae       0x40 ./Core/Src/LoRa.o
                0x00000000080012ae                lora_set_max_output_power
 .text.lora_set_output_power
                0x00000000080012ee       0x38 ./Core/Src/LoRa.o
                0x00000000080012ee                lora_set_output_power
 .text.lora_set_lna_gain
                0x0000000008001326       0x40 ./Core/Src/LoRa.o
                0x0000000008001326                lora_set_lna_gain
 .text.lora_init_receive
                0x0000000008001366       0x1e ./Core/Src/LoRa.o
                0x0000000008001366                lora_init_receive
 .text.lora_recieve_8
                0x0000000008001384       0xa0 ./Core/Src/LoRa.o
                0x0000000008001384                lora_recieve_8
 .text.LoRa_Init
                0x0000000008001424       0x3a ./Core/Src/LoRa.o
                0x0000000008001424                LoRa_Init
 *fill*         0x000000000800145e        0x2 
 .text.__NVIC_GetPriorityGrouping
                0x0000000008001460       0x1c ./Core/Src/gpio.o
 .text.__NVIC_EnableIRQ
                0x000000000800147c       0x3c ./Core/Src/gpio.o
 .text.__NVIC_SetPriority
                0x00000000080014b8       0x54 ./Core/Src/gpio.o
 .text.NVIC_EncodePriority
                0x000000000800150c       0x66 ./Core/Src/gpio.o
 *fill*         0x0000000008001572        0x2 
 .text.LL_AHB2_GRP1_EnableClock
                0x0000000008001574       0x30 ./Core/Src/gpio.o
 .text.LL_SYSCFG_SetEXTISource
                0x00000000080015a4       0x70 ./Core/Src/gpio.o
 .text.LL_GPIO_SetPinMode
                0x0000000008001614       0x7a ./Core/Src/gpio.o
 .text.LL_GPIO_SetPinPull
                0x000000000800168e       0x7a ./Core/Src/gpio.o
 .text.LL_GPIO_SetOutputPin
                0x0000000008001708       0x1c ./Core/Src/gpio.o
 .text.LL_GPIO_ResetOutputPin
                0x0000000008001724       0x1c ./Core/Src/gpio.o
 .text.MX_GPIO_Init
                0x0000000008001740      0x208 ./Core/Src/gpio.o
                0x0000000008001740                MX_GPIO_Init
 .text.__NVIC_SetPriorityGrouping
                0x0000000008001948       0x48 ./Core/Src/main.o
 .text.LL_RCC_HSI_Enable
                0x0000000008001990       0x20 ./Core/Src/main.o
 .text.LL_RCC_HSI_IsReady
                0x00000000080019b0       0x28 ./Core/Src/main.o
 .text.LL_RCC_HSI_SetCalibTrimming
                0x00000000080019d8       0x2c ./Core/Src/main.o
 .text.LL_RCC_SetSysClkSource
                0x0000000008001a04       0x28 ./Core/Src/main.o
 .text.LL_RCC_GetSysClkSource
                0x0000000008001a2c       0x1c ./Core/Src/main.o
 .text.LL_RCC_SetAHBPrescaler
                0x0000000008001a48       0x28 ./Core/Src/main.o
 .text.LL_RCC_SetAPB1Prescaler
                0x0000000008001a70       0x28 ./Core/Src/main.o
 .text.LL_RCC_SetAPB2Prescaler
                0x0000000008001a98       0x28 ./Core/Src/main.o
 .text.LL_RCC_PLL_Enable
                0x0000000008001ac0       0x20 ./Core/Src/main.o
 .text.LL_RCC_PLL_IsReady
                0x0000000008001ae0       0x28 ./Core/Src/main.o
 .text.LL_RCC_PLL_ConfigDomain_SYS
                0x0000000008001b08       0x40 ./Core/Src/main.o
 .text.LL_RCC_PLL_EnableDomain_SYS
                0x0000000008001b48       0x20 ./Core/Src/main.o
 .text.LL_APB1_GRP1_EnableClock
                0x0000000008001b68       0x30 ./Core/Src/main.o
 .text.LL_APB1_GRP1_ForceReset
                0x0000000008001b98       0x24 ./Core/Src/main.o
 .text.LL_APB1_GRP1_ReleaseReset
                0x0000000008001bbc       0x28 ./Core/Src/main.o
 .text.LL_APB2_GRP1_EnableClock
                0x0000000008001be4       0x30 ./Core/Src/main.o
 .text.LL_FLASH_SetLatency
                0x0000000008001c14       0x28 ./Core/Src/main.o
 .text.LL_FLASH_GetLatency
                0x0000000008001c3c       0x1c ./Core/Src/main.o
 .text.LL_PWR_SetRegulVoltageScaling
                0x0000000008001c58       0x28 ./Core/Src/main.o
 .text.LL_PWR_DisableUCPDDeadBattery
                0x0000000008001c80       0x20 ./Core/Src/main.o
 .text.LL_TIM_EnableCounter
                0x0000000008001ca0       0x20 ./Core/Src/main.o
 .text.LL_TIM_CC_EnableChannel
                0x0000000008001cc0       0x22 ./Core/Src/main.o
 .text.main     0x0000000008001ce2       0x66 ./Core/Src/main.o
                0x0000000008001ce2                main
 .text.SystemClock_Config
                0x0000000008001d48       0xac ./Core/Src/main.o
                0x0000000008001d48                SystemClock_Config
 .text.LL_LPUART_IsActiveFlag_TXE_TXFNF
                0x0000000008001df4       0x26 ./Core/Src/print.o
 .text.LL_LPUART_TransmitData8
                0x0000000008001e1a       0x1e ./Core/Src/print.o
 .text.Transmit_uart
                0x0000000008001e38       0x4c ./Core/Src/print.o
                0x0000000008001e38                Transmit_uart
 .text.__io_putchar
                0x0000000008001e84       0x1c ./Core/Src/print.o
                0x0000000008001e84                __io_putchar
 .text.LL_AHB2_GRP1_EnableClock
                0x0000000008001ea0       0x30 ./Core/Src/spi.o
 .text.LL_APB1_GRP1_EnableClock
                0x0000000008001ed0       0x30 ./Core/Src/spi.o
 .text.LL_SPI_Enable
                0x0000000008001f00       0x20 ./Core/Src/spi.o
 .text.LL_SPI_Disable
                0x0000000008001f20       0x20 ./Core/Src/spi.o
 .text.LL_SPI_SetStandard
                0x0000000008001f40       0x26 ./Core/Src/spi.o
 .text.LL_SPI_DisableNSSPulseMgt
                0x0000000008001f66       0x20 ./Core/Src/spi.o
 *fill*         0x0000000008001f86        0x2 
 .text.MX_SPI3_Init
                0x0000000008001f88      0x104 ./Core/Src/spi.o
                0x0000000008001f88                MX_SPI3_Init
 .text.LL_TIM_OC_SetCompareCH1
                0x000000000800208c       0x1c ./Core/Src/stering.o
 .text.LL_TIM_OC_SetCompareCH2
                0x00000000080020a8       0x1c ./Core/Src/stering.o
 .text.LL_GPIO_SetOutputPin
                0x00000000080020c4       0x1c ./Core/Src/stering.o
 .text.LL_GPIO_ResetOutputPin
                0x00000000080020e0       0x1c ./Core/Src/stering.o
 .text.start    0x00000000080020fc       0x2c ./Core/Src/stering.o
                0x00000000080020fc                start
 .text.move_forward
                0x0000000008002128       0x38 ./Core/Src/stering.o
                0x0000000008002128                move_forward
 .text.move_revers
                0x0000000008002160       0x38 ./Core/Src/stering.o
                0x0000000008002160                move_revers
 .text.move_right
                0x0000000008002198       0x34 ./Core/Src/stering.o
                0x0000000008002198                move_right
 .text.move_left
                0x00000000080021cc       0x34 ./Core/Src/stering.o
                0x00000000080021cc                move_left
 .text.no_move  0x0000000008002200       0x20 ./Core/Src/stering.o
                0x0000000008002200                no_move
 .text.set_motor_speed
                0x0000000008002220       0xbc ./Core/Src/stering.o
                0x0000000008002220                set_motor_speed
 .text.set_motor_direction
                0x00000000080022dc       0x6e ./Core/Src/stering.o
                0x00000000080022dc                set_motor_direction
 *fill*         0x000000000800234a        0x2 
 .text.get_axis_position
                0x000000000800234c       0x54 ./Core/Src/stering.o
                0x000000000800234c                get_axis_position
 .text.loop     0x00000000080023a0       0xc4 ./Core/Src/stering.o
                0x00000000080023a0                loop
 .text.LL_EXTI_IsActiveFlag_0_31
                0x0000000008002464       0x2c ./Core/Src/stm32g4xx_it.o
 .text.LL_EXTI_ClearFlag_0_31
                0x0000000008002490       0x20 ./Core/Src/stm32g4xx_it.o
 .text.NMI_Handler
                0x00000000080024b0        0x6 ./Core/Src/stm32g4xx_it.o
                0x00000000080024b0                NMI_Handler
 .text.HardFault_Handler
                0x00000000080024b6        0x6 ./Core/Src/stm32g4xx_it.o
                0x00000000080024b6                HardFault_Handler
 .text.MemManage_Handler
                0x00000000080024bc        0x6 ./Core/Src/stm32g4xx_it.o
                0x00000000080024bc                MemManage_Handler
 .text.BusFault_Handler
                0x00000000080024c2        0x6 ./Core/Src/stm32g4xx_it.o
                0x00000000080024c2                BusFault_Handler
 .text.UsageFault_Handler
                0x00000000080024c8        0x6 ./Core/Src/stm32g4xx_it.o
                0x00000000080024c8                UsageFault_Handler
 .text.SVC_Handler
                0x00000000080024ce        0xe ./Core/Src/stm32g4xx_it.o
                0x00000000080024ce                SVC_Handler
 .text.DebugMon_Handler
                0x00000000080024dc        0xe ./Core/Src/stm32g4xx_it.o
                0x00000000080024dc                DebugMon_Handler
 .text.PendSV_Handler
                0x00000000080024ea        0xe ./Core/Src/stm32g4xx_it.o
                0x00000000080024ea                PendSV_Handler
 .text.SysTick_Handler
                0x00000000080024f8        0xe ./Core/Src/stm32g4xx_it.o
                0x00000000080024f8                SysTick_Handler
 .text.EXTI9_5_IRQHandler
                0x0000000008002506       0x1a ./Core/Src/stm32g4xx_it.o
                0x0000000008002506                EXTI9_5_IRQHandler
 .text.EXTI15_10_IRQHandler
                0x0000000008002520       0x1e ./Core/Src/stm32g4xx_it.o
                0x0000000008002520                EXTI15_10_IRQHandler
 .text._getpid  0x000000000800253e       0x10 ./Core/Src/syscalls.o
                0x000000000800253e                _getpid
 .text._kill    0x000000000800254e       0x20 ./Core/Src/syscalls.o
                0x000000000800254e                _kill
 .text._exit    0x000000000800256e       0x14 ./Core/Src/syscalls.o
                0x000000000800256e                _exit
 .text._read    0x0000000008002582       0x3a ./Core/Src/syscalls.o
                0x0000000008002582                _read
 .text._write   0x00000000080025bc       0x38 ./Core/Src/syscalls.o
                0x00000000080025bc                _write
 .text._close   0x00000000080025f4       0x18 ./Core/Src/syscalls.o
                0x00000000080025f4                _close
 .text._fstat   0x000000000800260c       0x20 ./Core/Src/syscalls.o
                0x000000000800260c                _fstat
 .text._isatty  0x000000000800262c       0x16 ./Core/Src/syscalls.o
                0x000000000800262c                _isatty
 .text._lseek   0x0000000008002642       0x1a ./Core/Src/syscalls.o
                0x0000000008002642                _lseek
 .text._sbrk    0x000000000800265c       0x6c ./Core/Src/sysmem.o
                0x000000000800265c                _sbrk
 .text.SystemInit
                0x00000000080026c8       0x24 ./Core/Src/system_stm32g4xx.o
                0x00000000080026c8                SystemInit
 .text.LL_AHB2_GRP1_EnableClock
                0x00000000080026ec       0x30 ./Core/Src/tim.o
 .text.LL_APB1_GRP1_EnableClock
                0x000000000800271c       0x30 ./Core/Src/tim.o
 .text.LL_TIM_EnableARRPreload
                0x000000000800274c       0x20 ./Core/Src/tim.o
 .text.LL_TIM_OC_DisableFast
                0x000000000800276c       0xb0 ./Core/Src/tim.o
 .text.LL_TIM_OC_EnablePreload
                0x000000000800281c       0xac ./Core/Src/tim.o
 .text.LL_TIM_SetClockSource
                0x00000000080028c8       0x2a ./Core/Src/tim.o
 .text.LL_TIM_SetTriggerOutput
                0x00000000080028f2       0x2a ./Core/Src/tim.o
 .text.LL_TIM_DisableMasterSlaveMode
                0x000000000800291c       0x20 ./Core/Src/tim.o
 .text.MX_TIM2_Init
                0x000000000800293c      0x12e ./Core/Src/tim.o
                0x000000000800293c                MX_TIM2_Init
 .text.LL_LPUART_Enable
                0x0000000008002a6a       0x20 ./Core/Src/usart.o
 .text.LL_LPUART_DisableFIFO
                0x0000000008002a8a       0x20 ./Core/Src/usart.o
 .text.LL_LPUART_SetTXFIFOThreshold
                0x0000000008002aaa       0x4e ./Core/Src/usart.o
 .text.LL_LPUART_SetRXFIFOThreshold
                0x0000000008002af8       0x4e ./Core/Src/usart.o
 .text.LL_LPUART_IsActiveFlag_TEACK
                0x0000000008002b46       0x28 ./Core/Src/usart.o
 .text.LL_LPUART_IsActiveFlag_REACK
                0x0000000008002b6e       0x28 ./Core/Src/usart.o
 *fill*         0x0000000008002b96        0x2 
 .text.LL_RCC_SetLPUARTClockSource
                0x0000000008002b98       0x2c ./Core/Src/usart.o
 .text.LL_AHB2_GRP1_EnableClock
                0x0000000008002bc4       0x30 ./Core/Src/usart.o
 .text.LL_APB1_GRP2_EnableClock
                0x0000000008002bf4       0x30 ./Core/Src/usart.o
 .text.MX_LPUART1_UART_Init
                0x0000000008002c24       0xf4 ./Core/Src/usart.o
                0x0000000008002c24                MX_LPUART1_UART_Init
 .text.Reset_Handler
                0x0000000008002d18       0x50 ./Core/Startup/startup_stm32g491retx.o
                0x0000000008002d18                Reset_Handler
 .text.Default_Handler
                0x0000000008002d68        0x2 ./Core/Startup/startup_stm32g491retx.o
                0x0000000008002d68                RTC_Alarm_IRQHandler
                0x0000000008002d68                EXTI2_IRQHandler
                0x0000000008002d68                TIM8_TRG_COM_IRQHandler
                0x0000000008002d68                TIM8_CC_IRQHandler
                0x0000000008002d68                TIM1_CC_IRQHandler
                0x0000000008002d68                USB_HP_IRQHandler
                0x0000000008002d68                CORDIC_IRQHandler
                0x0000000008002d68                DMA2_Channel8_IRQHandler
                0x0000000008002d68                EXTI3_IRQHandler
                0x0000000008002d68                I2C3_ER_IRQHandler
                0x0000000008002d68                EXTI0_IRQHandler
                0x0000000008002d68                I2C2_EV_IRQHandler
                0x0000000008002d68                FPU_IRQHandler
                0x0000000008002d68                FDCAN1_IT1_IRQHandler
                0x0000000008002d68                TIM1_UP_TIM16_IRQHandler
                0x0000000008002d68                ADC1_2_IRQHandler
                0x0000000008002d68                SPI1_IRQHandler
                0x0000000008002d68                TIM6_DAC_IRQHandler
                0x0000000008002d68                TIM8_UP_IRQHandler
                0x0000000008002d68                DMA2_Channel2_IRQHandler
                0x0000000008002d68                DMA1_Channel4_IRQHandler
                0x0000000008002d68                TIM20_TRG_COM_IRQHandler
                0x0000000008002d68                USART3_IRQHandler
                0x0000000008002d68                DMA1_Channel7_IRQHandler
                0x0000000008002d68                UART5_IRQHandler
                0x0000000008002d68                ADC3_IRQHandler
                0x0000000008002d68                TIM4_IRQHandler
                0x0000000008002d68                DMA2_Channel1_IRQHandler
                0x0000000008002d68                QUADSPI_IRQHandler
                0x0000000008002d68                I2C1_EV_IRQHandler
                0x0000000008002d68                DMA1_Channel6_IRQHandler
                0x0000000008002d68                UART4_IRQHandler
                0x0000000008002d68                DMA2_Channel4_IRQHandler
                0x0000000008002d68                TIM3_IRQHandler
                0x0000000008002d68                RCC_IRQHandler
                0x0000000008002d68                TIM20_UP_IRQHandler
                0x0000000008002d68                DMA1_Channel1_IRQHandler
                0x0000000008002d68                Default_Handler
                0x0000000008002d68                DMA2_Channel7_IRQHandler
                0x0000000008002d68                RTC_TAMP_LSECSS_IRQHandler
                0x0000000008002d68                FMAC_IRQHandler
                0x0000000008002d68                DMA1_Channel8_IRQHandler
                0x0000000008002d68                TIM7_IRQHandler
                0x0000000008002d68                UCPD1_IRQHandler
                0x0000000008002d68                I2C3_EV_IRQHandler
                0x0000000008002d68                RTC_WKUP_IRQHandler
                0x0000000008002d68                PVD_PVM_IRQHandler
                0x0000000008002d68                SPI2_IRQHandler
                0x0000000008002d68                DMA2_Channel5_IRQHandler
                0x0000000008002d68                CRS_IRQHandler
                0x0000000008002d68                DMA1_Channel5_IRQHandler
                0x0000000008002d68                USB_LP_IRQHandler
                0x0000000008002d68                EXTI4_IRQHandler
                0x0000000008002d68                RNG_IRQHandler
                0x0000000008002d68                TIM1_TRG_COM_TIM17_IRQHandler
                0x0000000008002d68                FDCAN2_IT1_IRQHandler
                0x0000000008002d68                DMA1_Channel3_IRQHandler
                0x0000000008002d68                WWDG_IRQHandler
                0x0000000008002d68                FDCAN2_IT0_IRQHandler
                0x0000000008002d68                LPUART1_IRQHandler
                0x0000000008002d68                DMA2_Channel6_IRQHandler
                0x0000000008002d68                FDCAN1_IT0_IRQHandler
                0x0000000008002d68                TIM2_IRQHandler
                0x0000000008002d68                COMP1_2_3_IRQHandler
                0x0000000008002d68                EXTI1_IRQHandler
                0x0000000008002d68                USART2_IRQHandler
                0x0000000008002d68                TIM20_BRK_IRQHandler
                0x0000000008002d68                I2C2_ER_IRQHandler
                0x0000000008002d68                DMA1_Channel2_IRQHandler
                0x0000000008002d68                TIM8_BRK_IRQHandler
                0x0000000008002d68                FLASH_IRQHandler
                0x0000000008002d68                TIM20_CC_IRQHandler
                0x0000000008002d68                USART1_IRQHandler
                0x0000000008002d68                SPI3_IRQHandler
                0x0000000008002d68                I2C1_ER_IRQHandler
                0x0000000008002d68                LPTIM1_IRQHandler
                0x0000000008002d68                DMAMUX_OVR_IRQHandler
                0x0000000008002d68                USBWakeUp_IRQHandler
                0x0000000008002d68                SAI1_IRQHandler
                0x0000000008002d68                DMA2_Channel3_IRQHandler
                0x0000000008002d68                COMP4_IRQHandler
                0x0000000008002d68                TIM1_BRK_TIM15_IRQHandler
 *fill*         0x0000000008002d6a        0x2 
 .text.LL_EXTI_EnableIT_0_31
                0x0000000008002d6c       0x24 ./Drivers/STM32G4xx_HAL_Driver/Src/stm32g4xx_ll_exti.o
 .text.LL_EXTI_EnableIT_32_63
                0x0000000008002d90       0x24 ./Drivers/STM32G4xx_HAL_Driver/Src/stm32g4xx_ll_exti.o
 .text.LL_EXTI_DisableIT_0_31
                0x0000000008002db4       0x28 ./Drivers/STM32G4xx_HAL_Driver/Src/stm32g4xx_ll_exti.o
 .text.LL_EXTI_DisableIT_32_63
                0x0000000008002ddc       0x28 ./Drivers/STM32G4xx_HAL_Driver/Src/stm32g4xx_ll_exti.o
 .text.LL_EXTI_EnableEvent_0_31
                0x0000000008002e04       0x24 ./Drivers/STM32G4xx_HAL_Driver/Src/stm32g4xx_ll_exti.o
 .text.LL_EXTI_EnableEvent_32_63
                0x0000000008002e28       0x24 ./Drivers/STM32G4xx_HAL_Driver/Src/stm32g4xx_ll_exti.o
 .text.LL_EXTI_DisableEvent_0_31
                0x0000000008002e4c       0x28 ./Drivers/STM32G4xx_HAL_Driver/Src/stm32g4xx_ll_exti.o
 .text.LL_EXTI_DisableEvent_32_63
                0x0000000008002e74       0x28 ./Drivers/STM32G4xx_HAL_Driver/Src/stm32g4xx_ll_exti.o
 .text.LL_EXTI_EnableRisingTrig_0_31
                0x0000000008002e9c       0x24 ./Drivers/STM32G4xx_HAL_Driver/Src/stm32g4xx_ll_exti.o
 .text.LL_EXTI_EnableRisingTrig_32_63
                0x0000000008002ec0       0x24 ./Drivers/STM32G4xx_HAL_Driver/Src/stm32g4xx_ll_exti.o
 .text.LL_EXTI_DisableRisingTrig_0_31
                0x0000000008002ee4       0x28 ./Drivers/STM32G4xx_HAL_Driver/Src/stm32g4xx_ll_exti.o
 .text.LL_EXTI_DisableRisingTrig_32_63
                0x0000000008002f0c       0x28 ./Drivers/STM32G4xx_HAL_Driver/Src/stm32g4xx_ll_exti.o
 .text.LL_EXTI_EnableFallingTrig_0_31
                0x0000000008002f34       0x24 ./Drivers/STM32G4xx_HAL_Driver/Src/stm32g4xx_ll_exti.o
 .text.LL_EXTI_EnableFallingTrig_32_63
                0x0000000008002f58       0x24 ./Drivers/STM32G4xx_HAL_Driver/Src/stm32g4xx_ll_exti.o
 .text.LL_EXTI_DisableFallingTrig_0_31
                0x0000000008002f7c       0x28 ./Drivers/STM32G4xx_HAL_Driver/Src/stm32g4xx_ll_exti.o
 .text.LL_EXTI_DisableFallingTrig_32_63
                0x0000000008002fa4       0x28 ./Drivers/STM32G4xx_HAL_Driver/Src/stm32g4xx_ll_exti.o
 .text.LL_EXTI_Init
                0x0000000008002fcc      0x1f2 ./Drivers/STM32G4xx_HAL_Driver/Src/stm32g4xx_ll_exti.o
                0x0000000008002fcc                LL_EXTI_Init
 .text.LL_GPIO_SetPinMode
                0x00000000080031be       0x7a ./Drivers/STM32G4xx_HAL_Driver/Src/stm32g4xx_ll_gpio.o
 .text.LL_GPIO_SetPinOutputType
                0x0000000008003238       0x30 ./Drivers/STM32G4xx_HAL_Driver/Src/stm32g4xx_ll_gpio.o
 .text.LL_GPIO_SetPinSpeed
                0x0000000008003268       0x7a ./Drivers/STM32G4xx_HAL_Driver/Src/stm32g4xx_ll_gpio.o
 .text.LL_GPIO_SetPinPull
                0x00000000080032e2       0x7a ./Drivers/STM32G4xx_HAL_Driver/Src/stm32g4xx_ll_gpio.o
 .text.LL_GPIO_SetAFPin_0_7
                0x000000000800335c       0x7a ./Drivers/STM32G4xx_HAL_Driver/Src/stm32g4xx_ll_gpio.o
 .text.LL_GPIO_SetAFPin_8_15
                0x00000000080033d6       0x7e ./Drivers/STM32G4xx_HAL_Driver/Src/stm32g4xx_ll_gpio.o
 .text.LL_GPIO_Init
                0x0000000008003454       0xdc ./Drivers/STM32G4xx_HAL_Driver/Src/stm32g4xx_ll_gpio.o
                0x0000000008003454                LL_GPIO_Init
 .text.LL_LPUART_IsEnabled
                0x0000000008003530       0x26 ./Drivers/STM32G4xx_HAL_Driver/Src/stm32g4xx_ll_lpuart.o
 .text.LL_LPUART_SetPrescaler
                0x0000000008003556       0x28 ./Drivers/STM32G4xx_HAL_Driver/Src/stm32g4xx_ll_lpuart.o
 .text.LL_LPUART_SetStopBitsLength
                0x000000000800357e       0x26 ./Drivers/STM32G4xx_HAL_Driver/Src/stm32g4xx_ll_lpuart.o
 .text.LL_LPUART_SetHWFlowCtrl
                0x00000000080035a4       0x26 ./Drivers/STM32G4xx_HAL_Driver/Src/stm32g4xx_ll_lpuart.o
 *fill*         0x00000000080035ca        0x2 
 .text.LL_LPUART_SetBaudRate
                0x00000000080035cc       0x98 ./Drivers/STM32G4xx_HAL_Driver/Src/stm32g4xx_ll_lpuart.o
 .text.LL_LPUART_Init
                0x0000000008003664       0x98 ./Drivers/STM32G4xx_HAL_Driver/Src/stm32g4xx_ll_lpuart.o
                0x0000000008003664                LL_LPUART_Init
 .text.LL_RCC_HSI_IsReady
                0x00000000080036fc       0x28 ./Drivers/STM32G4xx_HAL_Driver/Src/stm32g4xx_ll_rcc.o
 .text.LL_RCC_LSE_IsReady
                0x0000000008003724       0x28 ./Drivers/STM32G4xx_HAL_Driver/Src/stm32g4xx_ll_rcc.o
 .text.LL_RCC_GetSysClkSource
                0x000000000800374c       0x1c ./Drivers/STM32G4xx_HAL_Driver/Src/stm32g4xx_ll_rcc.o
 .text.LL_RCC_GetAHBPrescaler
                0x0000000008003768       0x1c ./Drivers/STM32G4xx_HAL_Driver/Src/stm32g4xx_ll_rcc.o
 .text.LL_RCC_GetAPB1Prescaler
                0x0000000008003784       0x1c ./Drivers/STM32G4xx_HAL_Driver/Src/stm32g4xx_ll_rcc.o
 .text.LL_RCC_GetLPUARTClockSource
                0x00000000080037a0       0x24 ./Drivers/STM32G4xx_HAL_Driver/Src/stm32g4xx_ll_rcc.o
 .text.LL_RCC_PLL_GetMainSource
                0x00000000080037c4       0x1c ./Drivers/STM32G4xx_HAL_Driver/Src/stm32g4xx_ll_rcc.o
 .text.LL_RCC_PLL_GetN
                0x00000000080037e0       0x1c ./Drivers/STM32G4xx_HAL_Driver/Src/stm32g4xx_ll_rcc.o
 .text.LL_RCC_PLL_GetR
                0x00000000080037fc       0x1c ./Drivers/STM32G4xx_HAL_Driver/Src/stm32g4xx_ll_rcc.o
 .text.LL_RCC_PLL_GetDivider
                0x0000000008003818       0x1c ./Drivers/STM32G4xx_HAL_Driver/Src/stm32g4xx_ll_rcc.o
 .text.LL_RCC_GetLPUARTClockFreq
                0x0000000008003834       0x84 ./Drivers/STM32G4xx_HAL_Driver/Src/stm32g4xx_ll_rcc.o
                0x0000000008003834                LL_RCC_GetLPUARTClockFreq
 .text.RCC_GetSystemClockFreq
                0x00000000080038b8       0x4c ./Drivers/STM32G4xx_HAL_Driver/Src/stm32g4xx_ll_rcc.o
 .text.RCC_GetHCLKClockFreq
                0x0000000008003904       0x30 ./Drivers/STM32G4xx_HAL_Driver/Src/stm32g4xx_ll_rcc.o
 .text.RCC_GetPCLK1ClockFreq
                0x0000000008003934       0x2c ./Drivers/STM32G4xx_HAL_Driver/Src/stm32g4xx_ll_rcc.o
 .text.RCC_PLL_GetFreqDomain_SYS
                0x0000000008003960       0x68 ./Drivers/STM32G4xx_HAL_Driver/Src/stm32g4xx_ll_rcc.o
 .text.LL_SPI_IsEnabled
                0x00000000080039c8       0x26 ./Drivers/STM32G4xx_HAL_Driver/Src/stm32g4xx_ll_spi.o
 .text.LL_SPI_SetRxFIFOThreshold
                0x00000000080039ee       0x26 ./Drivers/STM32G4xx_HAL_Driver/Src/stm32g4xx_ll_spi.o
 .text.LL_SPI_SetCRCPolynomial
                0x0000000008003a14       0x20 ./Drivers/STM32G4xx_HAL_Driver/Src/stm32g4xx_ll_spi.o
 .text.LL_SPI_Init
                0x0000000008003a34       0xbc ./Drivers/STM32G4xx_HAL_Driver/Src/stm32g4xx_ll_spi.o
                0x0000000008003a34                LL_SPI_Init
 .text.LL_TIM_SetPrescaler
                0x0000000008003af0       0x1c ./Drivers/STM32G4xx_HAL_Driver/Src/stm32g4xx_ll_tim.o
 .text.LL_TIM_SetAutoReload
                0x0000000008003b0c       0x1c ./Drivers/STM32G4xx_HAL_Driver/Src/stm32g4xx_ll_tim.o
 .text.LL_TIM_SetRepetitionCounter
                0x0000000008003b28       0x1c ./Drivers/STM32G4xx_HAL_Driver/Src/stm32g4xx_ll_tim.o
 .text.LL_TIM_OC_SetCompareCH1
                0x0000000008003b44       0x1c ./Drivers/STM32G4xx_HAL_Driver/Src/stm32g4xx_ll_tim.o
 .text.LL_TIM_OC_SetCompareCH2
                0x0000000008003b60       0x1c ./Drivers/STM32G4xx_HAL_Driver/Src/stm32g4xx_ll_tim.o
 .text.LL_TIM_OC_SetCompareCH3
                0x0000000008003b7c       0x1c ./Drivers/STM32G4xx_HAL_Driver/Src/stm32g4xx_ll_tim.o
 .text.LL_TIM_OC_SetCompareCH4
                0x0000000008003b98       0x1c ./Drivers/STM32G4xx_HAL_Driver/Src/stm32g4xx_ll_tim.o
 .text.LL_TIM_OC_SetCompareCH5
                0x0000000008003bb4       0x20 ./Drivers/STM32G4xx_HAL_Driver/Src/stm32g4xx_ll_tim.o
 .text.LL_TIM_OC_SetCompareCH6
                0x0000000008003bd4       0x1c ./Drivers/STM32G4xx_HAL_Driver/Src/stm32g4xx_ll_tim.o
 .text.LL_TIM_GenerateEvent_UPDATE
                0x0000000008003bf0       0x20 ./Drivers/STM32G4xx_HAL_Driver/Src/stm32g4xx_ll_tim.o
 .text.LL_TIM_Init
                0x0000000008003c10      0x130 ./Drivers/STM32G4xx_HAL_Driver/Src/stm32g4xx_ll_tim.o
                0x0000000008003c10                LL_TIM_Init
 .text.LL_TIM_OC_Init
                0x0000000008003d40       0xbe ./Drivers/STM32G4xx_HAL_Driver/Src/stm32g4xx_ll_tim.o
                0x0000000008003d40                LL_TIM_OC_Init
 *fill*         0x0000000008003dfe        0x2 
 .text.OC1Config
                0x0000000008003e00      0x10c ./Drivers/STM32G4xx_HAL_Driver/Src/stm32g4xx_ll_tim.o
 .text.OC2Config
                0x0000000008003f0c      0x114 ./Drivers/STM32G4xx_HAL_Driver/Src/stm32g4xx_ll_tim.o
 .text.OC3Config
                0x0000000008004020      0x114 ./Drivers/STM32G4xx_HAL_Driver/Src/stm32g4xx_ll_tim.o
 .text.OC4Config
                0x0000000008004134      0x114 ./Drivers/STM32G4xx_HAL_Driver/Src/stm32g4xx_ll_tim.o
 .text.OC5Config
                0x0000000008004248       0xd4 ./Drivers/STM32G4xx_HAL_Driver/Src/stm32g4xx_ll_tim.o
 .text.OC6Config
                0x000000000800431c       0xd4 ./Drivers/STM32G4xx_HAL_Driver/Src/stm32g4xx_ll_tim.o
 .text.LL_InitTick
                0x00000000080043f0       0x34 ./Drivers/STM32G4xx_HAL_Driver/Src/stm32g4xx_ll_utils.o
 .text.LL_Init1msTick
                0x0000000008004424       0x1a ./Drivers/STM32G4xx_HAL_Driver/Src/stm32g4xx_ll_utils.o
                0x0000000008004424                LL_Init1msTick
 *fill*         0x000000000800443e        0x2 
 .text.LL_SetSystemCoreClock
                0x0000000008004440       0x20 ./Drivers/STM32G4xx_HAL_Driver/Src/stm32g4xx_ll_utils.o
                0x0000000008004440                LL_SetSystemCoreClock
 .text.__errno  0x0000000008004460        0xc d:/program files/stm32cubeide_1.12.1/stm32cubeide/plugins/com.st.stm32cube.ide.mcu.externaltools.gnu-tools-for-stm32.10.3-2021.10.win32_1.0.200.202301161003/tools/bin/../lib/gcc/arm-none-eabi/10.3.1/../../../../arm-none-eabi/lib/thumb/v7e-m+fp/hard\libc_nano.a(lib_a-errno.o)
                0x0000000008004460                __errno
 .text.__libc_init_array
                0x000000000800446c       0x48 d:/program files/stm32cubeide_1.12.1/stm32cubeide/plugins/com.st.stm32cube.ide.mcu.externaltools.gnu-tools-for-stm32.10.3-2021.10.win32_1.0.200.202301161003/tools/bin/../lib/gcc/arm-none-eabi/10.3.1/../../../../arm-none-eabi/lib/thumb/v7e-m+fp/hard\libc_nano.a(lib_a-init.o)
                0x000000000800446c                __libc_init_array
 .text.memset   0x00000000080044b4       0x10 d:/program files/stm32cubeide_1.12.1/stm32cubeide/plugins/com.st.stm32cube.ide.mcu.externaltools.gnu-tools-for-stm32.10.3-2021.10.win32_1.0.200.202301161003/tools/bin/../lib/gcc/arm-none-eabi/10.3.1/../../../../arm-none-eabi/lib/thumb/v7e-m+fp/hard\libc_nano.a(lib_a-memset.o)
                0x00000000080044b4                memset
 .text.__cvt    0x00000000080044c4       0xc4 d:/program files/stm32cubeide_1.12.1/stm32cubeide/plugins/com.st.stm32cube.ide.mcu.externaltools.gnu-tools-for-stm32.10.3-2021.10.win32_1.0.200.202301161003/tools/bin/../lib/gcc/arm-none-eabi/10.3.1/../../../../arm-none-eabi/lib/thumb/v7e-m+fp/hard\libc_nano.a(lib_a-nano-vfprintf_float.o)
                0x00000000080044c4                __cvt
 .text.__exponent
                0x0000000008004588       0x7c d:/program files/stm32cubeide_1.12.1/stm32cubeide/plugins/com.st.stm32cube.ide.mcu.externaltools.gnu-tools-for-stm32.10.3-2021.10.win32_1.0.200.202301161003/tools/bin/../lib/gcc/arm-none-eabi/10.3.1/../../../../arm-none-eabi/lib/thumb/v7e-m+fp/hard\libc_nano.a(lib_a-nano-vfprintf_float.o)
                0x0000000008004588                __exponent
 .text._printf_float
                0x0000000008004604      0x46c d:/program files/stm32cubeide_1.12.1/stm32cubeide/plugins/com.st.stm32cube.ide.mcu.externaltools.gnu-tools-for-stm32.10.3-2021.10.win32_1.0.200.202301161003/tools/bin/../lib/gcc/arm-none-eabi/10.3.1/../../../../arm-none-eabi/lib/thumb/v7e-m+fp/hard\libc_nano.a(lib_a-nano-vfprintf_float.o)
                0x0000000008004604                _printf_float
 .text._printf_common
                0x0000000008004a70       0xda d:/program files/stm32cubeide_1.12.1/stm32cubeide/plugins/com.st.stm32cube.ide.mcu.externaltools.gnu-tools-for-stm32.10.3-2021.10.win32_1.0.200.202301161003/tools/bin/../lib/gcc/arm-none-eabi/10.3.1/../../../../arm-none-eabi/lib/thumb/v7e-m+fp/hard\libc_nano.a(lib_a-nano-vfprintf_i.o)
                0x0000000008004a70                _printf_common
 *fill*         0x0000000008004b4a        0x2 
 .text._printf_i
                0x0000000008004b4c      0x24c d:/program files/stm32cubeide_1.12.1/stm32cubeide/plugins/com.st.stm32cube.ide.mcu.externaltools.gnu-tools-for-stm32.10.3-2021.10.win32_1.0.200.202301161003/tools/bin/../lib/gcc/arm-none-eabi/10.3.1/../../../../arm-none-eabi/lib/thumb/v7e-m+fp/hard\libc_nano.a(lib_a-nano-vfprintf_i.o)
                0x0000000008004b4c                _printf_i
 .text.printf   0x0000000008004d98       0x30 d:/program files/stm32cubeide_1.12.1/stm32cubeide/plugins/com.st.stm32cube.ide.mcu.externaltools.gnu-tools-for-stm32.10.3-2021.10.win32_1.0.200.202301161003/tools/bin/../lib/gcc/arm-none-eabi/10.3.1/../../../../arm-none-eabi/lib/thumb/v7e-m+fp/hard\libc_nano.a(lib_a-printf.o)
                0x0000000008004d98                iprintf
                0x0000000008004d98                printf
 .text.quorem   0x0000000008004dc8      0x116 d:/program files/stm32cubeide_1.12.1/stm32cubeide/plugins/com.st.stm32cube.ide.mcu.externaltools.gnu-tools-for-stm32.10.3-2021.10.win32_1.0.200.202301161003/tools/bin/../lib/gcc/arm-none-eabi/10.3.1/../../../../arm-none-eabi/lib/thumb/v7e-m+fp/hard\libc_nano.a(lib_a-dtoa.o)
 *fill*         0x0000000008004ede        0x2 
 .text._dtoa_r  0x0000000008004ee0      0xbdc d:/program files/stm32cubeide_1.12.1/stm32cubeide/plugins/com.st.stm32cube.ide.mcu.externaltools.gnu-tools-for-stm32.10.3-2021.10.win32_1.0.200.202301161003/tools/bin/../lib/gcc/arm-none-eabi/10.3.1/../../../../arm-none-eabi/lib/thumb/v7e-m+fp/hard\libc_nano.a(lib_a-dtoa.o)
                0x0000000008004ee0                _dtoa_r
 .text.std      0x0000000008005abc       0x48 d:/program files/stm32cubeide_1.12.1/stm32cubeide/plugins/com.st.stm32cube.ide.mcu.externaltools.gnu-tools-for-stm32.10.3-2021.10.win32_1.0.200.202301161003/tools/bin/../lib/gcc/arm-none-eabi/10.3.1/../../../../arm-none-eabi/lib/thumb/v7e-m+fp/hard\libc_nano.a(lib_a-findfp.o)
 .text._cleanup_r
                0x0000000008005b04        0xc d:/program files/stm32cubeide_1.12.1/stm32cubeide/plugins/com.st.stm32cube.ide.mcu.externaltools.gnu-tools-for-stm32.10.3-2021.10.win32_1.0.200.202301161003/tools/bin/../lib/gcc/arm-none-eabi/10.3.1/../../../../arm-none-eabi/lib/thumb/v7e-m+fp/hard\libc_nano.a(lib_a-findfp.o)
                0x0000000008005b04                _cleanup_r
 .text.__sfmoreglue
                0x0000000008005b10       0x2c d:/program files/stm32cubeide_1.12.1/stm32cubeide/plugins/com.st.stm32cube.ide.mcu.externaltools.gnu-tools-for-stm32.10.3-2021.10.win32_1.0.200.202301161003/tools/bin/../lib/gcc/arm-none-eabi/10.3.1/../../../../arm-none-eabi/lib/thumb/v7e-m+fp/hard\libc_nano.a(lib_a-findfp.o)
                0x0000000008005b10                __sfmoreglue
 .text.__sfp_lock_acquire
                0x0000000008005b3c        0xc d:/program files/stm32cubeide_1.12.1/stm32cubeide/plugins/com.st.stm32cube.ide.mcu.externaltools.gnu-tools-for-stm32.10.3-2021.10.win32_1.0.200.202301161003/tools/bin/../lib/gcc/arm-none-eabi/10.3.1/../../../../arm-none-eabi/lib/thumb/v7e-m+fp/hard\libc_nano.a(lib_a-findfp.o)
                0x0000000008005b3c                __sfp_lock_acquire
 .text.__sfp_lock_release
                0x0000000008005b48        0xc d:/program files/stm32cubeide_1.12.1/stm32cubeide/plugins/com.st.stm32cube.ide.mcu.externaltools.gnu-tools-for-stm32.10.3-2021.10.win32_1.0.200.202301161003/tools/bin/../lib/gcc/arm-none-eabi/10.3.1/../../../../arm-none-eabi/lib/thumb/v7e-m+fp/hard\libc_nano.a(lib_a-findfp.o)
                0x0000000008005b48                __sfp_lock_release
 .text.__sinit_lock_acquire
                0x0000000008005b54        0xc d:/program files/stm32cubeide_1.12.1/stm32cubeide/plugins/com.st.stm32cube.ide.mcu.externaltools.gnu-tools-for-stm32.10.3-2021.10.win32_1.0.200.202301161003/tools/bin/../lib/gcc/arm-none-eabi/10.3.1/../../../../arm-none-eabi/lib/thumb/v7e-m+fp/hard\libc_nano.a(lib_a-findfp.o)
                0x0000000008005b54                __sinit_lock_acquire
 .text.__sinit_lock_release
                0x0000000008005b60        0xc d:/program files/stm32cubeide_1.12.1/stm32cubeide/plugins/com.st.stm32cube.ide.mcu.externaltools.gnu-tools-for-stm32.10.3-2021.10.win32_1.0.200.202301161003/tools/bin/../lib/gcc/arm-none-eabi/10.3.1/../../../../arm-none-eabi/lib/thumb/v7e-m+fp/hard\libc_nano.a(lib_a-findfp.o)
                0x0000000008005b60                __sinit_lock_release
 .text.__sinit  0x0000000008005b6c       0x70 d:/program files/stm32cubeide_1.12.1/stm32cubeide/plugins/com.st.stm32cube.ide.mcu.externaltools.gnu-tools-for-stm32.10.3-2021.10.win32_1.0.200.202301161003/tools/bin/../lib/gcc/arm-none-eabi/10.3.1/../../../../arm-none-eabi/lib/thumb/v7e-m+fp/hard\libc_nano.a(lib_a-findfp.o)
                0x0000000008005b6c                __sinit
 .text.__sfp    0x0000000008005bdc       0x8c d:/program files/stm32cubeide_1.12.1/stm32cubeide/plugins/com.st.stm32cube.ide.mcu.externaltools.gnu-tools-for-stm32.10.3-2021.10.win32_1.0.200.202301161003/tools/bin/../lib/gcc/arm-none-eabi/10.3.1/../../../../arm-none-eabi/lib/thumb/v7e-m+fp/hard\libc_nano.a(lib_a-findfp.o)
                0x0000000008005bdc                __sfp
 .text._fwalk_reent
                0x0000000008005c68       0x3e d:/program files/stm32cubeide_1.12.1/stm32cubeide/plugins/com.st.stm32cube.ide.mcu.externaltools.gnu-tools-for-stm32.10.3-2021.10.win32_1.0.200.202301161003/tools/bin/../lib/gcc/arm-none-eabi/10.3.1/../../../../arm-none-eabi/lib/thumb/v7e-m+fp/hard\libc_nano.a(lib_a-fwalk.o)
                0x0000000008005c68                _fwalk_reent
 *fill*         0x0000000008005ca6        0x2 
 .text._localeconv_r
                0x0000000008005ca8        0x8 d:/program files/stm32cubeide_1.12.1/stm32cubeide/plugins/com.st.stm32cube.ide.mcu.externaltools.gnu-tools-for-stm32.10.3-2021.10.win32_1.0.200.202301161003/tools/bin/../lib/gcc/arm-none-eabi/10.3.1/../../../../arm-none-eabi/lib/thumb/v7e-m+fp/hard\libc_nano.a(lib_a-localeconv.o)
                0x0000000008005ca8                _localeconv_r
 .text.__retarget_lock_init_recursive
                0x0000000008005cb0        0x2 d:/program files/stm32cubeide_1.12.1/stm32cubeide/plugins/com.st.stm32cube.ide.mcu.externaltools.gnu-tools-for-stm32.10.3-2021.10.win32_1.0.200.202301161003/tools/bin/../lib/gcc/arm-none-eabi/10.3.1/../../../../arm-none-eabi/lib/thumb/v7e-m+fp/hard\libc_nano.a(lib_a-lock.o)
                0x0000000008005cb0                __retarget_lock_init_recursive
 .text.__retarget_lock_acquire_recursive
                0x0000000008005cb2        0x2 d:/program files/stm32cubeide_1.12.1/stm32cubeide/plugins/com.st.stm32cube.ide.mcu.externaltools.gnu-tools-for-stm32.10.3-2021.10.win32_1.0.200.202301161003/tools/bin/../lib/gcc/arm-none-eabi/10.3.1/../../../../arm-none-eabi/lib/thumb/v7e-m+fp/hard\libc_nano.a(lib_a-lock.o)
                0x0000000008005cb2                __retarget_lock_acquire_recursive
 .text.__retarget_lock_release_recursive
                0x0000000008005cb4        0x2 d:/program files/stm32cubeide_1.12.1/stm32cubeide/plugins/com.st.stm32cube.ide.mcu.externaltools.gnu-tools-for-stm32.10.3-2021.10.win32_1.0.200.202301161003/tools/bin/../lib/gcc/arm-none-eabi/10.3.1/../../../../arm-none-eabi/lib/thumb/v7e-m+fp/hard\libc_nano.a(lib_a-lock.o)
                0x0000000008005cb4                __retarget_lock_release_recursive
 *fill*         0x0000000008005cb6        0x2 
 .text.malloc   0x0000000008005cb8       0x10 d:/program files/stm32cubeide_1.12.1/stm32cubeide/plugins/com.st.stm32cube.ide.mcu.externaltools.gnu-tools-for-stm32.10.3-2021.10.win32_1.0.200.202301161003/tools/bin/../lib/gcc/arm-none-eabi/10.3.1/../../../../arm-none-eabi/lib/thumb/v7e-m+fp/hard\libc_nano.a(lib_a-malloc.o)
                0x0000000008005cb8                malloc
 .text.memcpy   0x0000000008005cc8       0x1c d:/program files/stm32cubeide_1.12.1/stm32cubeide/plugins/com.st.stm32cube.ide.mcu.externaltools.gnu-tools-for-stm32.10.3-2021.10.win32_1.0.200.202301161003/tools/bin/../lib/gcc/arm-none-eabi/10.3.1/../../../../arm-none-eabi/lib/thumb/v7e-m+fp/hard\libc_nano.a(lib_a-memcpy-stub.o)
                0x0000000008005cc8                memcpy
 .text._Balloc  0x0000000008005ce4       0x80 d:/program files/stm32cubeide_1.12.1/stm32cubeide/plugins/com.st.stm32cube.ide.mcu.externaltools.gnu-tools-for-stm32.10.3-2021.10.win32_1.0.200.202301161003/tools/bin/../lib/gcc/arm-none-eabi/10.3.1/../../../../arm-none-eabi/lib/thumb/v7e-m+fp/hard\libc_nano.a(lib_a-mprec.o)
                0x0000000008005ce4                _Balloc
 .text._Bfree   0x0000000008005d64       0x44 d:/program files/stm32cubeide_1.12.1/stm32cubeide/plugins/com.st.stm32cube.ide.mcu.externaltools.gnu-tools-for-stm32.10.3-2021.10.win32_1.0.200.202301161003/tools/bin/../lib/gcc/arm-none-eabi/10.3.1/../../../../arm-none-eabi/lib/thumb/v7e-m+fp/hard\libc_nano.a(lib_a-mprec.o)
                0x0000000008005d64                _Bfree
 .text.__multadd
                0x0000000008005da8       0x8c d:/program files/stm32cubeide_1.12.1/stm32cubeide/plugins/com.st.stm32cube.ide.mcu.externaltools.gnu-tools-for-stm32.10.3-2021.10.win32_1.0.200.202301161003/tools/bin/../lib/gcc/arm-none-eabi/10.3.1/../../../../arm-none-eabi/lib/thumb/v7e-m+fp/hard\libc_nano.a(lib_a-mprec.o)
                0x0000000008005da8                __multadd
 .text.__hi0bits
                0x0000000008005e34       0x40 d:/program files/stm32cubeide_1.12.1/stm32cubeide/plugins/com.st.stm32cube.ide.mcu.externaltools.gnu-tools-for-stm32.10.3-2021.10.win32_1.0.200.202301161003/tools/bin/../lib/gcc/arm-none-eabi/10.3.1/../../../../arm-none-eabi/lib/thumb/v7e-m+fp/hard\libc_nano.a(lib_a-mprec.o)
                0x0000000008005e34                __hi0bits
 .text.__lo0bits
                0x0000000008005e74       0x5e d:/program files/stm32cubeide_1.12.1/stm32cubeide/plugins/com.st.stm32cube.ide.mcu.externaltools.gnu-tools-for-stm32.10.3-2021.10.win32_1.0.200.202301161003/tools/bin/../lib/gcc/arm-none-eabi/10.3.1/../../../../arm-none-eabi/lib/thumb/v7e-m+fp/hard\libc_nano.a(lib_a-mprec.o)
                0x0000000008005e74                __lo0bits
 *fill*         0x0000000008005ed2        0x2 
 .text.__i2b    0x0000000008005ed4       0x2c d:/program files/stm32cubeide_1.12.1/stm32cubeide/plugins/com.st.stm32cube.ide.mcu.externaltools.gnu-tools-for-stm32.10.3-2021.10.win32_1.0.200.202301161003/tools/bin/../lib/gcc/arm-none-eabi/10.3.1/../../../../arm-none-eabi/lib/thumb/v7e-m+fp/hard\libc_nano.a(lib_a-mprec.o)
                0x0000000008005ed4                __i2b
 .text.__multiply
                0x0000000008005f00      0x154 d:/program files/stm32cubeide_1.12.1/stm32cubeide/plugins/com.st.stm32cube.ide.mcu.externaltools.gnu-tools-for-stm32.10.3-2021.10.win32_1.0.200.202301161003/tools/bin/../lib/gcc/arm-none-eabi/10.3.1/../../../../arm-none-eabi/lib/thumb/v7e-m+fp/hard\libc_nano.a(lib_a-mprec.o)
                0x0000000008005f00                __multiply
 .text.__pow5mult
                0x0000000008006054       0xb4 d:/program files/stm32cubeide_1.12.1/stm32cubeide/plugins/com.st.stm32cube.ide.mcu.externaltools.gnu-tools-for-stm32.10.3-2021.10.win32_1.0.200.202301161003/tools/bin/../lib/gcc/arm-none-eabi/10.3.1/../../../../arm-none-eabi/lib/thumb/v7e-m+fp/hard\libc_nano.a(lib_a-mprec.o)
                0x0000000008006054                __pow5mult
 .text.__lshift
                0x0000000008006108       0xe0 d:/program files/stm32cubeide_1.12.1/stm32cubeide/plugins/com.st.stm32cube.ide.mcu.externaltools.gnu-tools-for-stm32.10.3-2021.10.win32_1.0.200.202301161003/tools/bin/../lib/gcc/arm-none-eabi/10.3.1/../../../../arm-none-eabi/lib/thumb/v7e-m+fp/hard\libc_nano.a(lib_a-mprec.o)
                0x0000000008006108                __lshift
 .text.__mcmp   0x00000000080061e8       0x38 d:/program files/stm32cubeide_1.12.1/stm32cubeide/plugins/com.st.stm32cube.ide.mcu.externaltools.gnu-tools-for-stm32.10.3-2021.10.win32_1.0.200.202301161003/tools/bin/../lib/gcc/arm-none-eabi/10.3.1/../../../../arm-none-eabi/lib/thumb/v7e-m+fp/hard\libc_nano.a(lib_a-mprec.o)
                0x00000000080061e8                __mcmp
 .text.__mdiff  0x0000000008006220      0x114 d:/program files/stm32cubeide_1.12.1/stm32cubeide/plugins/com.st.stm32cube.ide.mcu.externaltools.gnu-tools-for-stm32.10.3-2021.10.win32_1.0.200.202301161003/tools/bin/../lib/gcc/arm-none-eabi/10.3.1/../../../../arm-none-eabi/lib/thumb/v7e-m+fp/hard\libc_nano.a(lib_a-mprec.o)
                0x0000000008006220                __mdiff
 .text.__d2b    0x0000000008006334       0xb8 d:/program files/stm32cubeide_1.12.1/stm32cubeide/plugins/com.st.stm32cube.ide.mcu.externaltools.gnu-tools-for-stm32.10.3-2021.10.win32_1.0.200.202301161003/tools/bin/../lib/gcc/arm-none-eabi/10.3.1/../../../../arm-none-eabi/lib/thumb/v7e-m+fp/hard\libc_nano.a(lib_a-mprec.o)
                0x0000000008006334                __d2b
 .text._calloc_r
                0x00000000080063ec       0x2c d:/program files/stm32cubeide_1.12.1/stm32cubeide/plugins/com.st.stm32cube.ide.mcu.externaltools.gnu-tools-for-stm32.10.3-2021.10.win32_1.0.200.202301161003/tools/bin/../lib/gcc/arm-none-eabi/10.3.1/../../../../arm-none-eabi/lib/thumb/v7e-m+fp/hard\libc_nano.a(lib_a-nano-callocr.o)
                0x00000000080063ec                _calloc_r
 .text._free_r  0x0000000008006418       0x98 d:/program files/stm32cubeide_1.12.1/stm32cubeide/plugins/com.st.stm32cube.ide.mcu.externaltools.gnu-tools-for-stm32.10.3-2021.10.win32_1.0.200.202301161003/tools/bin/../lib/gcc/arm-none-eabi/10.3.1/../../../../arm-none-eabi/lib/thumb/v7e-m+fp/hard\libc_nano.a(lib_a-nano-freer.o)
                0x0000000008006418                _free_r
 .text.sbrk_aligned
                0x00000000080064b0       0x40 d:/program files/stm32cubeide_1.12.1/stm32cubeide/plugins/com.st.stm32cube.ide.mcu.externaltools.gnu-tools-for-stm32.10.3-2021.10.win32_1.0.200.202301161003/tools/bin/../lib/gcc/arm-none-eabi/10.3.1/../../../../arm-none-eabi/lib/thumb/v7e-m+fp/hard\libc_nano.a(lib_a-nano-mallocr.o)
 .text._malloc_r
                0x00000000080064f0       0xe8 d:/program files/stm32cubeide_1.12.1/stm32cubeide/plugins/com.st.stm32cube.ide.mcu.externaltools.gnu-tools-for-stm32.10.3-2021.10.win32_1.0.200.202301161003/tools/bin/../lib/gcc/arm-none-eabi/10.3.1/../../../../arm-none-eabi/lib/thumb/v7e-m+fp/hard\libc_nano.a(lib_a-nano-mallocr.o)
                0x00000000080064f0                _malloc_r
 .text.__sfputc_r
                0x00000000080065d8       0x2e d:/program files/stm32cubeide_1.12.1/stm32cubeide/plugins/com.st.stm32cube.ide.mcu.externaltools.gnu-tools-for-stm32.10.3-2021.10.win32_1.0.200.202301161003/tools/bin/../lib/gcc/arm-none-eabi/10.3.1/../../../../arm-none-eabi/lib/thumb/v7e-m+fp/hard\libc_nano.a(lib_a-nano-vfprintf.o)
 .text.__sfputs_r
                0x0000000008006606       0x24 d:/program files/stm32cubeide_1.12.1/stm32cubeide/plugins/com.st.stm32cube.ide.mcu.externaltools.gnu-tools-for-stm32.10.3-2021.10.win32_1.0.200.202301161003/tools/bin/../lib/gcc/arm-none-eabi/10.3.1/../../../../arm-none-eabi/lib/thumb/v7e-m+fp/hard\libc_nano.a(lib_a-nano-vfprintf.o)
                0x0000000008006606                __sfputs_r
 *fill*         0x000000000800662a        0x2 
 .text._vfprintf_r
                0x000000000800662c      0x260 d:/program files/stm32cubeide_1.12.1/stm32cubeide/plugins/com.st.stm32cube.ide.mcu.externaltools.gnu-tools-for-stm32.10.3-2021.10.win32_1.0.200.202301161003/tools/bin/../lib/gcc/arm-none-eabi/10.3.1/../../../../arm-none-eabi/lib/thumb/v7e-m+fp/hard\libc_nano.a(lib_a-nano-vfprintf.o)
                0x000000000800662c                _vfprintf_r
                0x000000000800662c                _vfiprintf_r
 .text._sbrk_r  0x000000000800688c       0x20 d:/program files/stm32cubeide_1.12.1/stm32cubeide/plugins/com.st.stm32cube.ide.mcu.externaltools.gnu-tools-for-stm32.10.3-2021.10.win32_1.0.200.202301161003/tools/bin/../lib/gcc/arm-none-eabi/10.3.1/../../../../arm-none-eabi/lib/thumb/v7e-m+fp/hard\libc_nano.a(lib_a-sbrkr.o)
                0x000000000800688c                _sbrk_r
 .text.__sread  0x00000000080068ac       0x22 d:/program files/stm32cubeide_1.12.1/stm32cubeide/plugins/com.st.stm32cube.ide.mcu.externaltools.gnu-tools-for-stm32.10.3-2021.10.win32_1.0.200.202301161003/tools/bin/../lib/gcc/arm-none-eabi/10.3.1/../../../../arm-none-eabi/lib/thumb/v7e-m+fp/hard\libc_nano.a(lib_a-stdio.o)
                0x00000000080068ac                __sread
 .text.__swrite
                0x00000000080068ce       0x38 d:/program files/stm32cubeide_1.12.1/stm32cubeide/plugins/com.st.stm32cube.ide.mcu.externaltools.gnu-tools-for-stm32.10.3-2021.10.win32_1.0.200.202301161003/tools/bin/../lib/gcc/arm-none-eabi/10.3.1/../../../../arm-none-eabi/lib/thumb/v7e-m+fp/hard\libc_nano.a(lib_a-stdio.o)
                0x00000000080068ce                __swrite
 .text.__sseek  0x0000000008006906       0x24 d:/program files/stm32cubeide_1.12.1/stm32cubeide/plugins/com.st.stm32cube.ide.mcu.externaltools.gnu-tools-for-stm32.10.3-2021.10.win32_1.0.200.202301161003/tools/bin/../lib/gcc/arm-none-eabi/10.3.1/../../../../arm-none-eabi/lib/thumb/v7e-m+fp/hard\libc_nano.a(lib_a-stdio.o)
                0x0000000008006906                __sseek
 .text.__sclose
                0x000000000800692a        0x8 d:/program files/stm32cubeide_1.12.1/stm32cubeide/plugins/com.st.stm32cube.ide.mcu.externaltools.gnu-tools-for-stm32.10.3-2021.10.win32_1.0.200.202301161003/tools/bin/../lib/gcc/arm-none-eabi/10.3.1/../../../../arm-none-eabi/lib/thumb/v7e-m+fp/hard\libc_nano.a(lib_a-stdio.o)
                0x000000000800692a                __sclose
 *fill*         0x0000000008006932        0x2 
 .text.__swbuf_r
                0x0000000008006934       0xa4 d:/program files/stm32cubeide_1.12.1/stm32cubeide/plugins/com.st.stm32cube.ide.mcu.externaltools.gnu-tools-for-stm32.10.3-2021.10.win32_1.0.200.202301161003/tools/bin/../lib/gcc/arm-none-eabi/10.3.1/../../../../arm-none-eabi/lib/thumb/v7e-m+fp/hard\libc_nano.a(lib_a-wbuf.o)
                0x0000000008006934                __swbuf_r
 .text._write_r
                0x00000000080069d8       0x24 d:/program files/stm32cubeide_1.12.1/stm32cubeide/plugins/com.st.stm32cube.ide.mcu.externaltools.gnu-tools-for-stm32.10.3-2021.10.win32_1.0.200.202301161003/tools/bin/../lib/gcc/arm-none-eabi/10.3.1/../../../../arm-none-eabi/lib/thumb/v7e-m+fp/hard\libc_nano.a(lib_a-writer.o)
                0x00000000080069d8                _write_r
 .text.__swsetup_r
                0x00000000080069fc       0xdc d:/program files/stm32cubeide_1.12.1/stm32cubeide/plugins/com.st.stm32cube.ide.mcu.externaltools.gnu-tools-for-stm32.10.3-2021.10.win32_1.0.200.202301161003/tools/bin/../lib/gcc/arm-none-eabi/10.3.1/../../../../arm-none-eabi/lib/thumb/v7e-m+fp/hard\libc_nano.a(lib_a-wsetup.o)
                0x00000000080069fc                __swsetup_r
 .text.__assert_func
                0x0000000008006ad8       0x3c d:/program files/stm32cubeide_1.12.1/stm32cubeide/plugins/com.st.stm32cube.ide.mcu.externaltools.gnu-tools-for-stm32.10.3-2021.10.win32_1.0.200.202301161003/tools/bin/../lib/gcc/arm-none-eabi/10.3.1/../../../../arm-none-eabi/lib/thumb/v7e-m+fp/hard\libc_nano.a(lib_a-assert.o)
                0x0000000008006ad8                __assert_func
 .text._close_r
                0x0000000008006b14       0x20 d:/program files/stm32cubeide_1.12.1/stm32cubeide/plugins/com.st.stm32cube.ide.mcu.externaltools.gnu-tools-for-stm32.10.3-2021.10.win32_1.0.200.202301161003/tools/bin/../lib/gcc/arm-none-eabi/10.3.1/../../../../arm-none-eabi/lib/thumb/v7e-m+fp/hard\libc_nano.a(lib_a-closer.o)
                0x0000000008006b14                _close_r
 .text.__sflush_r
                0x0000000008006b34      0x10c d:/program files/stm32cubeide_1.12.1/stm32cubeide/plugins/com.st.stm32cube.ide.mcu.externaltools.gnu-tools-for-stm32.10.3-2021.10.win32_1.0.200.202301161003/tools/bin/../lib/gcc/arm-none-eabi/10.3.1/../../../../arm-none-eabi/lib/thumb/v7e-m+fp/hard\libc_nano.a(lib_a-fflush.o)
                0x0000000008006b34                __sflush_r
 .text._fflush_r
                0x0000000008006c40       0x78 d:/program files/stm32cubeide_1.12.1/stm32cubeide/plugins/com.st.stm32cube.ide.mcu.externaltools.gnu-tools-for-stm32.10.3-2021.10.win32_1.0.200.202301161003/tools/bin/../lib/gcc/arm-none-eabi/10.3.1/../../../../arm-none-eabi/lib/thumb/v7e-m+fp/hard\libc_nano.a(lib_a-fflush.o)
                0x0000000008006c40                _fflush_r
 .text.fprintf  0x0000000008006cb8       0x24 d:/program files/stm32cubeide_1.12.1/stm32cubeide/plugins/com.st.stm32cube.ide.mcu.externaltools.gnu-tools-for-stm32.10.3-2021.10.win32_1.0.200.202301161003/tools/bin/../lib/gcc/arm-none-eabi/10.3.1/../../../../arm-none-eabi/lib/thumb/v7e-m+fp/hard\libc_nano.a(lib_a-fprintf.o)
                0x0000000008006cb8                fiprintf
                0x0000000008006cb8                fprintf
 .text._lseek_r
                0x0000000008006cdc       0x24 d:/program files/stm32cubeide_1.12.1/stm32cubeide/plugins/com.st.stm32cube.ide.mcu.externaltools.gnu-tools-for-stm32.10.3-2021.10.win32_1.0.200.202301161003/tools/bin/../lib/gcc/arm-none-eabi/10.3.1/../../../../arm-none-eabi/lib/thumb/v7e-m+fp/hard\libc_nano.a(lib_a-lseekr.o)
                0x0000000008006cdc                _lseek_r
 .text.__swhatbuf_r
                0x0000000008006d00       0x4a d:/program files/stm32cubeide_1.12.1/stm32cubeide/plugins/com.st.stm32cube.ide.mcu.externaltools.gnu-tools-for-stm32.10.3-2021.10.win32_1.0.200.202301161003/tools/bin/../lib/gcc/arm-none-eabi/10.3.1/../../../../arm-none-eabi/lib/thumb/v7e-m+fp/hard\libc_nano.a(lib_a-makebuf.o)
                0x0000000008006d00                __swhatbuf_r
 *fill*         0x0000000008006d4a        0x2 
 .text.__smakebuf_r
                0x0000000008006d4c       0x80 d:/program files/stm32cubeide_1.12.1/stm32cubeide/plugins/com.st.stm32cube.ide.mcu.externaltools.gnu-tools-for-stm32.10.3-2021.10.win32_1.0.200.202301161003/tools/bin/../lib/gcc/arm-none-eabi/10.3.1/../../../../arm-none-eabi/lib/thumb/v7e-m+fp/hard\libc_nano.a(lib_a-makebuf.o)
                0x0000000008006d4c                __smakebuf_r
 .text.__ascii_mbtowc
                0x0000000008006dcc       0x24 d:/program files/stm32cubeide_1.12.1/stm32cubeide/plugins/com.st.stm32cube.ide.mcu.externaltools.gnu-tools-for-stm32.10.3-2021.10.win32_1.0.200.202301161003/tools/bin/../lib/gcc/arm-none-eabi/10.3.1/../../../../arm-none-eabi/lib/thumb/v7e-m+fp/hard\libc_nano.a(lib_a-mbtowc_r.o)
                0x0000000008006dcc                __ascii_mbtowc
 .text.__malloc_lock
                0x0000000008006df0        0xc d:/program files/stm32cubeide_1.12.1/stm32cubeide/plugins/com.st.stm32cube.ide.mcu.externaltools.gnu-tools-for-stm32.10.3-2021.10.win32_1.0.200.202301161003/tools/bin/../lib/gcc/arm-none-eabi/10.3.1/../../../../arm-none-eabi/lib/thumb/v7e-m+fp/hard\libc_nano.a(lib_a-mlock.o)
                0x0000000008006df0                __malloc_lock
 .text.__malloc_unlock
                0x0000000008006dfc        0xc d:/program files/stm32cubeide_1.12.1/stm32cubeide/plugins/com.st.stm32cube.ide.mcu.externaltools.gnu-tools-for-stm32.10.3-2021.10.win32_1.0.200.202301161003/tools/bin/../lib/gcc/arm-none-eabi/10.3.1/../../../../arm-none-eabi/lib/thumb/v7e-m+fp/hard\libc_nano.a(lib_a-mlock.o)
                0x0000000008006dfc                __malloc_unlock
 .text._read_r  0x0000000008006e08       0x24 d:/program files/stm32cubeide_1.12.1/stm32cubeide/plugins/com.st.stm32cube.ide.mcu.externaltools.gnu-tools-for-stm32.10.3-2021.10.win32_1.0.200.202301161003/tools/bin/../lib/gcc/arm-none-eabi/10.3.1/../../../../arm-none-eabi/lib/thumb/v7e-m+fp/hard\libc_nano.a(lib_a-readr.o)
                0x0000000008006e08                _read_r
 .text.__ascii_wctomb
                0x0000000008006e2c       0x1a d:/program files/stm32cubeide_1.12.1/stm32cubeide/plugins/com.st.stm32cube.ide.mcu.externaltools.gnu-tools-for-stm32.10.3-2021.10.win32_1.0.200.202301161003/tools/bin/../lib/gcc/arm-none-eabi/10.3.1/../../../../arm-none-eabi/lib/thumb/v7e-m+fp/hard\libc_nano.a(lib_a-wctomb_r.o)
                0x0000000008006e2c                __ascii_wctomb
 .text.abort    0x0000000008006e46        0xe d:/program files/stm32cubeide_1.12.1/stm32cubeide/plugins/com.st.stm32cube.ide.mcu.externaltools.gnu-tools-for-stm32.10.3-2021.10.win32_1.0.200.202301161003/tools/bin/../lib/gcc/arm-none-eabi/10.3.1/../../../../arm-none-eabi/lib/thumb/v7e-m+fp/hard\libc_nano.a(lib_a-abort.o)
                0x0000000008006e46                abort
 .text._fstat_r
                0x0000000008006e54       0x24 d:/program files/stm32cubeide_1.12.1/stm32cubeide/plugins/com.st.stm32cube.ide.mcu.externaltools.gnu-tools-for-stm32.10.3-2021.10.win32_1.0.200.202301161003/tools/bin/../lib/gcc/arm-none-eabi/10.3.1/../../../../arm-none-eabi/lib/thumb/v7e-m+fp/hard\libc_nano.a(lib_a-fstatr.o)
                0x0000000008006e54                _fstat_r
 .text._isatty_r
                0x0000000008006e78       0x20 d:/program files/stm32cubeide_1.12.1/stm32cubeide/plugins/com.st.stm32cube.ide.mcu.externaltools.gnu-tools-for-stm32.10.3-2021.10.win32_1.0.200.202301161003/tools/bin/../lib/gcc/arm-none-eabi/10.3.1/../../../../arm-none-eabi/lib/thumb/v7e-m+fp/hard\libc_nano.a(lib_a-isattyr.o)
                0x0000000008006e78                _isatty_r
 .text._raise_r
                0x0000000008006e98       0x50 d:/program files/stm32cubeide_1.12.1/stm32cubeide/plugins/com.st.stm32cube.ide.mcu.externaltools.gnu-tools-for-stm32.10.3-2021.10.win32_1.0.200.202301161003/tools/bin/../lib/gcc/arm-none-eabi/10.3.1/../../../../arm-none-eabi/lib/thumb/v7e-m+fp/hard\libc_nano.a(lib_a-signal.o)
                0x0000000008006e98                _raise_r
 .text.raise    0x0000000008006ee8       0x10 d:/program files/stm32cubeide_1.12.1/stm32cubeide/plugins/com.st.stm32cube.ide.mcu.externaltools.gnu-tools-for-stm32.10.3-2021.10.win32_1.0.200.202301161003/tools/bin/../lib/gcc/arm-none-eabi/10.3.1/../../../../arm-none-eabi/lib/thumb/v7e-m+fp/hard\libc_nano.a(lib_a-signal.o)
                0x0000000008006ee8                raise
 .text._kill_r  0x0000000008006ef8       0x24 d:/program files/stm32cubeide_1.12.1/stm32cubeide/plugins/com.st.stm32cube.ide.mcu.externaltools.gnu-tools-for-stm32.10.3-2021.10.win32_1.0.200.202301161003/tools/bin/../lib/gcc/arm-none-eabi/10.3.1/../../../../arm-none-eabi/lib/thumb/v7e-m+fp/hard\libc_nano.a(lib_a-signalr.o)
                0x0000000008006ef8                _kill_r
 .text._getpid_r
                0x0000000008006f1c        0x4 d:/program files/stm32cubeide_1.12.1/stm32cubeide/plugins/com.st.stm32cube.ide.mcu.externaltools.gnu-tools-for-stm32.10.3-2021.10.win32_1.0.200.202301161003/tools/bin/../lib/gcc/arm-none-eabi/10.3.1/../../../../arm-none-eabi/lib/thumb/v7e-m+fp/hard\libc_nano.a(lib_a-signalr.o)
                0x0000000008006f1c                _getpid_r
 *(.glue_7)
 .glue_7        0x0000000008006f20        0x0 linker stubs
 *(.glue_7t)
 .glue_7t       0x0000000008006f20        0x0 linker stubs
 *(.eh_frame)
 .eh_frame      0x0000000008006f20        0x0 d:/program files/stm32cubeide_1.12.1/stm32cubeide/plugins/com.st.stm32cube.ide.mcu.externaltools.gnu-tools-for-stm32.10.3-2021.10.win32_1.0.200.202301161003/tools/bin/../lib/gcc/arm-none-eabi/10.3.1/thumb/v7e-m+fp/hard/crtbegin.o
 *(.init)
 .init          0x0000000008006f20        0x4 d:/program files/stm32cubeide_1.12.1/stm32cubeide/plugins/com.st.stm32cube.ide.mcu.externaltools.gnu-tools-for-stm32.10.3-2021.10.win32_1.0.200.202301161003/tools/bin/../lib/gcc/arm-none-eabi/10.3.1/thumb/v7e-m+fp/hard/crti.o
                0x0000000008006f20                _init
 .init          0x0000000008006f24        0x8 d:/program files/stm32cubeide_1.12.1/stm32cubeide/plugins/com.st.stm32cube.ide.mcu.externaltools.gnu-tools-for-stm32.10.3-2021.10.win32_1.0.200.202301161003/tools/bin/../lib/gcc/arm-none-eabi/10.3.1/thumb/v7e-m+fp/hard/crtn.o
 *(.fini)
 .fini          0x0000000008006f2c        0x4 d:/program files/stm32cubeide_1.12.1/stm32cubeide/plugins/com.st.stm32cube.ide.mcu.externaltools.gnu-tools-for-stm32.10.3-2021.10.win32_1.0.200.202301161003/tools/bin/../lib/gcc/arm-none-eabi/10.3.1/thumb/v7e-m+fp/hard/crti.o
                0x0000000008006f2c                _fini
 .fini          0x0000000008006f30        0x8 d:/program files/stm32cubeide_1.12.1/stm32cubeide/plugins/com.st.stm32cube.ide.mcu.externaltools.gnu-tools-for-stm32.10.3-2021.10.win32_1.0.200.202301161003/tools/bin/../lib/gcc/arm-none-eabi/10.3.1/thumb/v7e-m+fp/hard/crtn.o
                0x0000000008006f38                . = ALIGN (0x4)
                0x0000000008006f38                _etext = .

.vfp11_veneer   0x0000000008006f38        0x0
 .vfp11_veneer  0x0000000008006f38        0x0 linker stubs

.v4_bx          0x0000000008006f38        0x0
 .v4_bx         0x0000000008006f38        0x0 linker stubs

.iplt           0x0000000008006f38        0x0
 .iplt          0x0000000008006f38        0x0 d:/program files/stm32cubeide_1.12.1/stm32cubeide/plugins/com.st.stm32cube.ide.mcu.externaltools.gnu-tools-for-stm32.10.3-2021.10.win32_1.0.200.202301161003/tools/bin/../lib/gcc/arm-none-eabi/10.3.1/thumb/v7e-m+fp/hard/crtbegin.o

.rodata         0x0000000008006f38      0x484
                0x0000000008006f38                . = ALIGN (0x4)
 *(.rodata)
 .rodata        0x0000000008006f38       0x63 ./Core/Src/stering.o
 *(.rodata*)
 *fill*         0x0000000008006f9b        0x1 
 .rodata.AHBPrescTable
                0x0000000008006f9c       0x10 ./Core/Src/system_stm32g4xx.o
                0x0000000008006f9c                AHBPrescTable
 .rodata.APBPrescTable
                0x0000000008006fac        0x8 ./Core/Src/system_stm32g4xx.o
                0x0000000008006fac                APBPrescTable
 .rodata.OFFSET_TAB_CCMRx
                0x0000000008006fb4        0xa ./Core/Src/tim.o
 *fill*         0x0000000008006fbe        0x2 
 .rodata.SHIFT_TAB_OCxx
                0x0000000008006fc0        0xa ./Core/Src/tim.o
 *fill*         0x0000000008006fca        0x2 
 .rodata.LPUART_PRESCALER_TAB
                0x0000000008006fcc       0x18 ./Drivers/STM32G4xx_HAL_Driver/Src/stm32g4xx_ll_lpuart.o
 .rodata._global_impure_ptr
                0x0000000008006fe4        0x4 d:/program files/stm32cubeide_1.12.1/stm32cubeide/plugins/com.st.stm32cube.ide.mcu.externaltools.gnu-tools-for-stm32.10.3-2021.10.win32_1.0.200.202301161003/tools/bin/../lib/gcc/arm-none-eabi/10.3.1/../../../../arm-none-eabi/lib/thumb/v7e-m+fp/hard\libc_nano.a(lib_a-impure.o)
                0x0000000008006fe4                _global_impure_ptr
 .rodata._printf_float.str1.1
                0x0000000008006fe8       0x12 d:/program files/stm32cubeide_1.12.1/stm32cubeide/plugins/com.st.stm32cube.ide.mcu.externaltools.gnu-tools-for-stm32.10.3-2021.10.win32_1.0.200.202301161003/tools/bin/../lib/gcc/arm-none-eabi/10.3.1/../../../../arm-none-eabi/lib/thumb/v7e-m+fp/hard\libc_nano.a(lib_a-nano-vfprintf_float.o)
 .rodata._printf_i.str1.1
                0x0000000008006ffa       0x22 d:/program files/stm32cubeide_1.12.1/stm32cubeide/plugins/com.st.stm32cube.ide.mcu.externaltools.gnu-tools-for-stm32.10.3-2021.10.win32_1.0.200.202301161003/tools/bin/../lib/gcc/arm-none-eabi/10.3.1/../../../../arm-none-eabi/lib/thumb/v7e-m+fp/hard\libc_nano.a(lib_a-nano-vfprintf_i.o)
 .rodata._dtoa_r.str1.1
                0x000000000800701c       0x90 d:/program files/stm32cubeide_1.12.1/stm32cubeide/plugins/com.st.stm32cube.ide.mcu.externaltools.gnu-tools-for-stm32.10.3-2021.10.win32_1.0.200.202301161003/tools/bin/../lib/gcc/arm-none-eabi/10.3.1/../../../../arm-none-eabi/lib/thumb/v7e-m+fp/hard\libc_nano.a(lib_a-dtoa.o)
                                         0x92 (size before relaxing)
 .rodata.__sf_fake_stderr
                0x00000000080070ac       0x20 d:/program files/stm32cubeide_1.12.1/stm32cubeide/plugins/com.st.stm32cube.ide.mcu.externaltools.gnu-tools-for-stm32.10.3-2021.10.win32_1.0.200.202301161003/tools/bin/../lib/gcc/arm-none-eabi/10.3.1/../../../../arm-none-eabi/lib/thumb/v7e-m+fp/hard\libc_nano.a(lib_a-findfp.o)
                0x00000000080070ac                __sf_fake_stderr
 .rodata.__sf_fake_stdin
                0x00000000080070cc       0x20 d:/program files/stm32cubeide_1.12.1/stm32cubeide/plugins/com.st.stm32cube.ide.mcu.externaltools.gnu-tools-for-stm32.10.3-2021.10.win32_1.0.200.202301161003/tools/bin/../lib/gcc/arm-none-eabi/10.3.1/../../../../arm-none-eabi/lib/thumb/v7e-m+fp/hard\libc_nano.a(lib_a-findfp.o)
                0x00000000080070cc                __sf_fake_stdin
 .rodata.__sf_fake_stdout
                0x00000000080070ec       0x20 d:/program files/stm32cubeide_1.12.1/stm32cubeide/plugins/com.st.stm32cube.ide.mcu.externaltools.gnu-tools-for-stm32.10.3-2021.10.win32_1.0.200.202301161003/tools/bin/../lib/gcc/arm-none-eabi/10.3.1/../../../../arm-none-eabi/lib/thumb/v7e-m+fp/hard\libc_nano.a(lib_a-findfp.o)
                0x00000000080070ec                __sf_fake_stdout
 .rodata._Balloc.str1.1
                0x000000000800710c       0x5c d:/program files/stm32cubeide_1.12.1/stm32cubeide/plugins/com.st.stm32cube.ide.mcu.externaltools.gnu-tools-for-stm32.10.3-2021.10.win32_1.0.200.202301161003/tools/bin/../lib/gcc/arm-none-eabi/10.3.1/../../../../arm-none-eabi/lib/thumb/v7e-m+fp/hard\libc_nano.a(lib_a-mprec.o)
                                         0x73 (size before relaxing)
 .rodata.__multadd.str1.1
                0x0000000008007168       0x11 d:/program files/stm32cubeide_1.12.1/stm32cubeide/plugins/com.st.stm32cube.ide.mcu.externaltools.gnu-tools-for-stm32.10.3-2021.10.win32_1.0.200.202301161003/tools/bin/../lib/gcc/arm-none-eabi/10.3.1/../../../../arm-none-eabi/lib/thumb/v7e-m+fp/hard\libc_nano.a(lib_a-mprec.o)
 .rodata.__mprec_bigtens
                0x0000000008007168       0x28 d:/program files/stm32cubeide_1.12.1/stm32cubeide/plugins/com.st.stm32cube.ide.mcu.externaltools.gnu-tools-for-stm32.10.3-2021.10.win32_1.0.200.202301161003/tools/bin/../lib/gcc/arm-none-eabi/10.3.1/../../../../arm-none-eabi/lib/thumb/v7e-m+fp/hard\libc_nano.a(lib_a-mprec.o)
                0x0000000008007168                __mprec_bigtens
 .rodata.__mprec_tens
                0x0000000008007190       0xc8 d:/program files/stm32cubeide_1.12.1/stm32cubeide/plugins/com.st.stm32cube.ide.mcu.externaltools.gnu-tools-for-stm32.10.3-2021.10.win32_1.0.200.202301161003/tools/bin/../lib/gcc/arm-none-eabi/10.3.1/../../../../arm-none-eabi/lib/thumb/v7e-m+fp/hard\libc_nano.a(lib_a-mprec.o)
                0x0000000008007190                __mprec_tens
 .rodata.p05.0  0x0000000008007258        0xc d:/program files/stm32cubeide_1.12.1/stm32cubeide/plugins/com.st.stm32cube.ide.mcu.externaltools.gnu-tools-for-stm32.10.3-2021.10.win32_1.0.200.202301161003/tools/bin/../lib/gcc/arm-none-eabi/10.3.1/../../../../arm-none-eabi/lib/thumb/v7e-m+fp/hard\libc_nano.a(lib_a-mprec.o)
 .rodata._vfprintf_r.str1.1
                0x0000000008007264       0x11 d:/program files/stm32cubeide_1.12.1/stm32cubeide/plugins/com.st.stm32cube.ide.mcu.externaltools.gnu-tools-for-stm32.10.3-2021.10.win32_1.0.200.202301161003/tools/bin/../lib/gcc/arm-none-eabi/10.3.1/../../../../arm-none-eabi/lib/thumb/v7e-m+fp/hard\libc_nano.a(lib_a-nano-vfprintf.o)
 .rodata.__assert_func.str1.1
                0x0000000008007275       0x3c d:/program files/stm32cubeide_1.12.1/stm32cubeide/plugins/com.st.stm32cube.ide.mcu.externaltools.gnu-tools-for-stm32.10.3-2021.10.win32_1.0.200.202301161003/tools/bin/../lib/gcc/arm-none-eabi/10.3.1/../../../../arm-none-eabi/lib/thumb/v7e-m+fp/hard\libc_nano.a(lib_a-assert.o)
                                         0x3d (size before relaxing)
 .rodata._setlocale_r.str1.1
                0x00000000080072b1        0x8 d:/program files/stm32cubeide_1.12.1/stm32cubeide/plugins/com.st.stm32cube.ide.mcu.externaltools.gnu-tools-for-stm32.10.3-2021.10.win32_1.0.200.202301161003/tools/bin/../lib/gcc/arm-none-eabi/10.3.1/../../../../arm-none-eabi/lib/thumb/v7e-m+fp/hard\libc_nano.a(lib_a-locale.o)
                                          0x9 (size before relaxing)
 .rodata.str1.1
                0x00000000080072b9        0x2 d:/program files/stm32cubeide_1.12.1/stm32cubeide/plugins/com.st.stm32cube.ide.mcu.externaltools.gnu-tools-for-stm32.10.3-2021.10.win32_1.0.200.202301161003/tools/bin/../lib/gcc/arm-none-eabi/10.3.1/../../../../arm-none-eabi/lib/thumb/v7e-m+fp/hard\libc_nano.a(lib_a-locale.o)
 .rodata._ctype_
                0x00000000080072bb      0x101 d:/program files/stm32cubeide_1.12.1/stm32cubeide/plugins/com.st.stm32cube.ide.mcu.externaltools.gnu-tools-for-stm32.10.3-2021.10.win32_1.0.200.202301161003/tools/bin/../lib/gcc/arm-none-eabi/10.3.1/../../../../arm-none-eabi/lib/thumb/v7e-m+fp/hard\libc_nano.a(lib_a-ctype_.o)
                0x00000000080072bb                _ctype_
                0x00000000080073bc                . = ALIGN (0x4)

.ARM.extab      0x00000000080073bc        0x0
                0x00000000080073bc                . = ALIGN (0x4)
 *(.ARM.extab* .gnu.linkonce.armextab.*)
                0x00000000080073bc                . = ALIGN (0x4)

.ARM            0x00000000080073bc        0x8
                0x00000000080073bc                . = ALIGN (0x4)
                0x00000000080073bc                __exidx_start = .
 *(.ARM.exidx*)
 .ARM.exidx     0x00000000080073bc        0x8 d:/program files/stm32cubeide_1.12.1/stm32cubeide/plugins/com.st.stm32cube.ide.mcu.externaltools.gnu-tools-for-stm32.10.3-2021.10.win32_1.0.200.202301161003/tools/bin/../lib/gcc/arm-none-eabi/10.3.1/thumb/v7e-m+fp/hard\libgcc.a(_udivmoddi4.o)
                0x00000000080073c4                __exidx_end = .
                0x00000000080073c4                . = ALIGN (0x4)

.rel.dyn        0x00000000080073c4        0x0
 .rel.iplt      0x00000000080073c4        0x0 d:/program files/stm32cubeide_1.12.1/stm32cubeide/plugins/com.st.stm32cube.ide.mcu.externaltools.gnu-tools-for-stm32.10.3-2021.10.win32_1.0.200.202301161003/tools/bin/../lib/gcc/arm-none-eabi/10.3.1/thumb/v7e-m+fp/hard/crtbegin.o

.preinit_array  0x00000000080073c4        0x0
                0x00000000080073c4                . = ALIGN (0x4)
                0x00000000080073c4                PROVIDE (__preinit_array_start = .)
 *(.preinit_array*)
                0x00000000080073c4                PROVIDE (__preinit_array_end = .)
                0x00000000080073c4                . = ALIGN (0x4)

.init_array     0x00000000080073c4        0x4
                0x00000000080073c4                . = ALIGN (0x4)
                0x00000000080073c4                PROVIDE (__init_array_start = .)
 *(SORT_BY_NAME(.init_array.*))
 *(.init_array*)
 .init_array    0x00000000080073c4        0x4 d:/program files/stm32cubeide_1.12.1/stm32cubeide/plugins/com.st.stm32cube.ide.mcu.externaltools.gnu-tools-for-stm32.10.3-2021.10.win32_1.0.200.202301161003/tools/bin/../lib/gcc/arm-none-eabi/10.3.1/thumb/v7e-m+fp/hard/crtbegin.o
                0x00000000080073c8                PROVIDE (__init_array_end = .)
                0x00000000080073c8                . = ALIGN (0x4)

.fini_array     0x00000000080073c8        0x4
                0x00000000080073c8                . = ALIGN (0x4)
                [!provide]                        PROVIDE (__fini_array_start = .)
 *(SORT_BY_NAME(.fini_array.*))
 *(.fini_array*)
 .fini_array    0x00000000080073c8        0x4 d:/program files/stm32cubeide_1.12.1/stm32cubeide/plugins/com.st.stm32cube.ide.mcu.externaltools.gnu-tools-for-stm32.10.3-2021.10.win32_1.0.200.202301161003/tools/bin/../lib/gcc/arm-none-eabi/10.3.1/thumb/v7e-m+fp/hard/crtbegin.o
                [!provide]                        PROVIDE (__fini_array_end = .)
                0x00000000080073cc                . = ALIGN (0x4)
                0x00000000080073cc                _sidata = LOADADDR (.data)

.data           0x0000000020000000      0x1d4 load address 0x00000000080073cc
                0x0000000020000000                . = ALIGN (0x4)
                0x0000000020000000                _sdata = .
 *(.data)
 *(.data*)
 .data.SystemCoreClock
                0x0000000020000000        0x4 ./Core/Src/system_stm32g4xx.o
                0x0000000020000000                SystemCoreClock
 .data._impure_ptr
                0x0000000020000004        0x4 d:/program files/stm32cubeide_1.12.1/stm32cubeide/plugins/com.st.stm32cube.ide.mcu.externaltools.gnu-tools-for-stm32.10.3-2021.10.win32_1.0.200.202301161003/tools/bin/../lib/gcc/arm-none-eabi/10.3.1/../../../../arm-none-eabi/lib/thumb/v7e-m+fp/hard\libc_nano.a(lib_a-impure.o)
                0x0000000020000004                _impure_ptr
 .data.impure_data
                0x0000000020000008       0x60 d:/program files/stm32cubeide_1.12.1/stm32cubeide/plugins/com.st.stm32cube.ide.mcu.externaltools.gnu-tools-for-stm32.10.3-2021.10.win32_1.0.200.202301161003/tools/bin/../lib/gcc/arm-none-eabi/10.3.1/../../../../arm-none-eabi/lib/thumb/v7e-m+fp/hard\libc_nano.a(lib_a-impure.o)
 .data.__global_locale
                0x0000000020000068      0x16c d:/program files/stm32cubeide_1.12.1/stm32cubeide/plugins/com.st.stm32cube.ide.mcu.externaltools.gnu-tools-for-stm32.10.3-2021.10.win32_1.0.200.202301161003/tools/bin/../lib/gcc/arm-none-eabi/10.3.1/../../../../arm-none-eabi/lib/thumb/v7e-m+fp/hard\libc_nano.a(lib_a-locale.o)
                0x0000000020000068                __global_locale
 *(.RamFunc)
 *(.RamFunc*)
                0x00000000200001d4                . = ALIGN (0x4)
                0x00000000200001d4                _edata = .

.igot.plt       0x00000000200001d4        0x0 load address 0x00000000080075a0
 .igot.plt      0x00000000200001d4        0x0 d:/program files/stm32cubeide_1.12.1/stm32cubeide/plugins/com.st.stm32cube.ide.mcu.externaltools.gnu-tools-for-stm32.10.3-2021.10.win32_1.0.200.202301161003/tools/bin/../lib/gcc/arm-none-eabi/10.3.1/thumb/v7e-m+fp/hard/crtbegin.o
                0x00000000200001d4                . = ALIGN (0x4)

.bss            0x00000000200001d4       0x3c load address 0x00000000080075a0
                0x00000000200001d4                _sbss = .
                0x00000000200001d4                __bss_start__ = _sbss
 *(.bss)
 .bss           0x00000000200001d4       0x1c d:/program files/stm32cubeide_1.12.1/stm32cubeide/plugins/com.st.stm32cube.ide.mcu.externaltools.gnu-tools-for-stm32.10.3-2021.10.win32_1.0.200.202301161003/tools/bin/../lib/gcc/arm-none-eabi/10.3.1/thumb/v7e-m+fp/hard/crtbegin.o
 *(.bss*)
 .bss.axis      0x00000000200001f0        0x4 ./Core/Src/stering.o
                0x00000000200001f0                axis
 .bss.state     0x00000000200001f4        0x3 ./Core/Src/stering.o
                0x00000000200001f4                state
 *fill*         0x00000000200001f7        0x1 
 .bss.duty_cycle
                0x00000000200001f8        0x2 ./Core/Src/stering.o
                0x00000000200001f8                duty_cycle
 *fill*         0x00000000200001fa        0x2 
 .bss.__sbrk_heap_end
                0x00000000200001fc        0x4 ./Core/Src/sysmem.o
 .bss.__lock___malloc_recursive_mutex
                0x0000000020000200        0x1 d:/program files/stm32cubeide_1.12.1/stm32cubeide/plugins/com.st.stm32cube.ide.mcu.externaltools.gnu-tools-for-stm32.10.3-2021.10.win32_1.0.200.202301161003/tools/bin/../lib/gcc/arm-none-eabi/10.3.1/../../../../arm-none-eabi/lib/thumb/v7e-m+fp/hard\libc_nano.a(lib_a-lock.o)
                0x0000000020000200                __lock___malloc_recursive_mutex
 .bss.__lock___sfp_recursive_mutex
                0x0000000020000201        0x1 d:/program files/stm32cubeide_1.12.1/stm32cubeide/plugins/com.st.stm32cube.ide.mcu.externaltools.gnu-tools-for-stm32.10.3-2021.10.win32_1.0.200.202301161003/tools/bin/../lib/gcc/arm-none-eabi/10.3.1/../../../../arm-none-eabi/lib/thumb/v7e-m+fp/hard\libc_nano.a(lib_a-lock.o)
                0x0000000020000201                __lock___sfp_recursive_mutex
 .bss.__lock___sinit_recursive_mutex
                0x0000000020000202        0x1 d:/program files/stm32cubeide_1.12.1/stm32cubeide/plugins/com.st.stm32cube.ide.mcu.externaltools.gnu-tools-for-stm32.10.3-2021.10.win32_1.0.200.202301161003/tools/bin/../lib/gcc/arm-none-eabi/10.3.1/../../../../arm-none-eabi/lib/thumb/v7e-m+fp/hard\libc_nano.a(lib_a-lock.o)
                0x0000000020000202                __lock___sinit_recursive_mutex
 *fill*         0x0000000020000203        0x1 
 .bss.__malloc_free_list
                0x0000000020000204        0x4 d:/program files/stm32cubeide_1.12.1/stm32cubeide/plugins/com.st.stm32cube.ide.mcu.externaltools.gnu-tools-for-stm32.10.3-2021.10.win32_1.0.200.202301161003/tools/bin/../lib/gcc/arm-none-eabi/10.3.1/../../../../arm-none-eabi/lib/thumb/v7e-m+fp/hard\libc_nano.a(lib_a-nano-mallocr.o)
                0x0000000020000204                __malloc_free_list
 .bss.__malloc_sbrk_start
                0x0000000020000208        0x4 d:/program files/stm32cubeide_1.12.1/stm32cubeide/plugins/com.st.stm32cube.ide.mcu.externaltools.gnu-tools-for-stm32.10.3-2021.10.win32_1.0.200.202301161003/tools/bin/../lib/gcc/arm-none-eabi/10.3.1/../../../../arm-none-eabi/lib/thumb/v7e-m+fp/hard\libc_nano.a(lib_a-nano-mallocr.o)
                0x0000000020000208                __malloc_sbrk_start
 .bss.errno     0x000000002000020c        0x4 d:/program files/stm32cubeide_1.12.1/stm32cubeide/plugins/com.st.stm32cube.ide.mcu.externaltools.gnu-tools-for-stm32.10.3-2021.10.win32_1.0.200.202301161003/tools/bin/../lib/gcc/arm-none-eabi/10.3.1/../../../../arm-none-eabi/lib/thumb/v7e-m+fp/hard\libc_nano.a(lib_a-reent.o)
                0x000000002000020c                errno
 *(COMMON)
                0x0000000020000210                . = ALIGN (0x4)
                0x0000000020000210                _ebss = .
                0x0000000020000210                __bss_end__ = _ebss

._user_heap_stack
                0x0000000020000210      0x600 load address 0x00000000080075a0
                0x0000000020000210                . = ALIGN (0x8)
                [!provide]                        PROVIDE (end = .)
                0x0000000020000210                PROVIDE (_end = .)
                0x0000000020000410                . = (. + _Min_Heap_Size)
 *fill*         0x0000000020000210      0x200 
                0x0000000020000810                . = (. + _Min_Stack_Size)
 *fill*         0x0000000020000410      0x400 
                0x0000000020000810                . = ALIGN (0x8)

/DISCARD/
 libc.a(*)
 libm.a(*)
 libgcc.a(*)

.ARM.attributes
                0x0000000000000000       0x30
 *(.ARM.attributes)
 .ARM.attributes
                0x0000000000000000       0x1e d:/program files/stm32cubeide_1.12.1/stm32cubeide/plugins/com.st.stm32cube.ide.mcu.externaltools.gnu-tools-for-stm32.10.3-2021.10.win32_1.0.200.202301161003/tools/bin/../lib/gcc/arm-none-eabi/10.3.1/thumb/v7e-m+fp/hard/crti.o
 .ARM.attributes
                0x000000000000001e       0x34 d:/program files/stm32cubeide_1.12.1/stm32cubeide/plugins/com.st.stm32cube.ide.mcu.externaltools.gnu-tools-for-stm32.10.3-2021.10.win32_1.0.200.202301161003/tools/bin/../lib/gcc/arm-none-eabi/10.3.1/thumb/v7e-m+fp/hard/crtbegin.o
 .ARM.attributes
                0x0000000000000052       0x34 ./Core/Src/LoRa.o
 .ARM.attributes
                0x0000000000000086       0x34 ./Core/Src/gpio.o
 .ARM.attributes
                0x00000000000000ba       0x34 ./Core/Src/main.o
 .ARM.attributes
                0x00000000000000ee       0x34 ./Core/Src/print.o
 .ARM.attributes
                0x0000000000000122       0x34 ./Core/Src/spi.o
 .ARM.attributes
                0x0000000000000156       0x34 ./Core/Src/stering.o
 .ARM.attributes
                0x000000000000018a       0x34 ./Core/Src/stm32g4xx_it.o
 .ARM.attributes
                0x00000000000001be       0x34 ./Core/Src/syscalls.o
 .ARM.attributes
                0x00000000000001f2       0x34 ./Core/Src/sysmem.o
 .ARM.attributes
                0x0000000000000226       0x34 ./Core/Src/system_stm32g4xx.o
 .ARM.attributes
                0x000000000000025a       0x34 ./Core/Src/tim.o
 .ARM.attributes
                0x000000000000028e       0x34 ./Core/Src/usart.o
 .ARM.attributes