../Drivers/STM32G4xx_HAL_Driver/Inc/stm32g4xx_ll_spi.h:916:26:LL_SPI_IsActiveFlag_TXE	16	static
../Drivers/STM32G4xx_HAL_Driver/Inc/stm32g4xx_ll_spi.h:967:26:LL_SPI_IsActiveFlag_BSY	16	static
../Drivers/STM32G4xx_HAL_Driver/Inc/stm32g4xx_ll_spi.h:993:26:LL_SPI_GetRxFIFOLevel	16	static
../Drivers/STM32G4xx_HAL_Driver/Inc/stm32g4xx_ll_spi.h:1008:26:LL_SPI_GetTxFIFOLevel	16	static
../Drivers/STM32G4xx_HAL_Driver/Inc/stm32g4xx_ll_spi.h:1333:25:LL_SPI_ReceiveData8	16	static
../Drivers/STM32G4xx_HAL_Driver/Inc/stm32g4xx_ll_spi.h:1356:22:LL_SPI_TransmitData8	24	static
../Drivers/STM32G4xx_HAL_Driver/Inc/stm32g4xx_ll_gpio.h:813:26:LL_GPIO_IsInputPinSet	16	static
../Drivers/STM32G4xx_HAL_Driver/Inc/stm32g4xx_ll_gpio.h:894:22:LL_GPIO_SetOutputPin	16	static
../Drivers/STM32G4xx_HAL_Driver/Inc/stm32g4xx_ll_gpio.h:923:22:LL_GPIO_ResetOutputPin	16	static
../Core/Src/LoRa.c:10:13:spi_write_8	16	static
../Core/Src/LoRa.c:21:16:spi_read_8	24	static
../Core/Src/LoRa.c:40:6:lora_write	24	static
../Core/Src/LoRa.c:51:9:lora_read	24	static
../Core/Src/LoRa.c:63:6:lora_mode	24	static
../Core/Src/LoRa.c:73:6:lora_set_bandwidth	24	static
../Core/Src/LoRa.c:82:6:lora_set_coding_rate	24	static
../Core/Src/LoRa.c:91:6:lora_set_spreading_factor	24	static
../Core/Src/LoRa.c:100:6:lora_set_crc	24	static
../Core/Src/LoRa.c:122:6:lora_set_pa_boost	24	static
../Core/Src/LoRa.c:144:6:lora_set_max_output_power	24	static
../Core/Src/LoRa.c:161:6:lora_set_output_power	24	static
../Core/Src/LoRa.c:178:6:lora_set_lna_gain	24	static
../Core/Src/LoRa.c:190:6:lora_init_transmit	8	static
../Core/Src/LoRa.c:197:6:lora_transmit_8	24	static
../Core/Src/LoRa.c:212:6:lora_init_receive	8	static
../Core/Src/LoRa.c:220:6:lora_recieve_8	24	static
../Core/Src/LoRa.c:245:6:lora_init	16	static
