../Drivers/STM32G4xx_HAL_Driver/Inc/stm32g4xx_ll_spi.h:916:26:LL_SPI_IsActiveFlag_TXE	16	static
../Drivers/STM32G4xx_HAL_Driver/Inc/stm32g4xx_ll_spi.h:967:26:LL_SPI_IsActiveFlag_BSY	16	static
../Drivers/STM32G4xx_HAL_Driver/Inc/stm32g4xx_ll_spi.h:993:26:LL_SPI_GetRxFIFOLevel	16	static
../Drivers/STM32G4xx_HAL_Driver/Inc/stm32g4xx_ll_spi.h:1008:26:LL_SPI_GetTxFIFOLevel	16	static
../Drivers/STM32G4xx_HAL_Driver/Inc/stm32g4xx_ll_spi.h:1333:25:LL_SPI_ReceiveData8	16	static
../Drivers/STM32G4xx_HAL_Driver/Inc/stm32g4xx_ll_spi.h:1356:22:LL_SPI_TransmitData8	24	static
../Drivers/STM32G4xx_HAL_Driver/Inc/stm32g4xx_ll_gpio.h:813:26:LL_GPIO_IsInputPinSet	16	static
../Drivers/STM32G4xx_HAL_Driver/Inc/stm32g4xx_ll_gpio.h:894:22:LL_GPIO_SetOutputPin	16	static
../Drivers/STM32G4xx_HAL_Driver/Inc/stm32g4xx_ll_gpio.h:923:22:LL_GPIO_ResetOutputPin	16	static
../Core/Src/LoRa.c:13:13:spi_write_8	16	static
../Core/Src/LoRa.c:24:16:spi_read_8	24	static
../Core/Src/LoRa.c:45:6:lora_write	24	static
../Core/Src/LoRa.c:56:9:lora_read	24	static
../Core/Src/LoRa.c:68:6:lora_mode	24	static
../Core/Src/LoRa.c:78:6:lora_set_bandwidth	24	static
../Core/Src/LoRa.c:87:6:lora_set_coding_rate	24	static
../Core/Src/LoRa.c:96:6:lora_set_spreading_factor	24	static
../Core/Src/LoRa.c:105:6:lora_set_crc	24	static
../Core/Src/LoRa.c:127:6:lora_set_pa_boost	24	static
../Core/Src/LoRa.c:148:6:lora_set_max_output_power	24	static
../Core/Src/LoRa.c:164:6:lora_set_output_power	24	static
../Core/Src/LoRa.c:181:6:lora_set_lna_gain	24	static
../Core/Src/LoRa.c:193:6:lora_get_rssi	24	static
../Core/Src/LoRa.c:201:6:lora_init_transmit	8	static
../Core/Src/LoRa.c:208:6:lora_transmit_8	24	static
../Core/Src/LoRa.c:224:6:lora_init_receive	8	static
../Core/Src/LoRa.c:233:6:lora_recieve_8	24	static
../Core/Src/LoRa.c:259:6:LoRa_Init	8	static
