../Drivers/CMSIS/Include/core_cm4.h:1648:22:__NVIC_SetPriorityGrouping	24	static
../Drivers/STM32G4xx_HAL_Driver/Inc/stm32g4xx_ll_rcc.h:1003:22:LL_RCC_HSI_Enable	4	static
../Drivers/STM32G4xx_HAL_Driver/Inc/stm32g4xx_ll_rcc.h:1023:26:LL_RCC_HSI_IsReady	4	static
../Drivers/STM32G4xx_HAL_Driver/Inc/stm32g4xx_ll_rcc.h:1049:22:LL_RCC_HSI_SetCalibTrimming	16	static
../Drivers/STM32G4xx_HAL_Driver/Inc/stm32g4xx_ll_rcc.h:1340:22:LL_RCC_SetSysClkSource	16	static
../Drivers/STM32G4xx_HAL_Driver/Inc/stm32g4xx_ll_rcc.h:1353:26:LL_RCC_GetSysClkSource	4	static
../Drivers/STM32G4xx_HAL_Driver/Inc/stm32g4xx_ll_rcc.h:1373:22:LL_RCC_SetAHBPrescaler	16	static
../Drivers/STM32G4xx_HAL_Driver/Inc/stm32g4xx_ll_rcc.h:1389:22:LL_RCC_SetAPB1Prescaler	16	static
../Drivers/STM32G4xx_HAL_Driver/Inc/stm32g4xx_ll_rcc.h:1405:22:LL_RCC_SetAPB2Prescaler	16	static
../Drivers/STM32G4xx_HAL_Driver/Inc/stm32g4xx_ll_rcc.h:2053:22:LL_RCC_PLL_Enable	4	static
../Drivers/STM32G4xx_HAL_Driver/Inc/stm32g4xx_ll_rcc.h:2074:26:LL_RCC_PLL_IsReady	4	static
../Drivers/STM32G4xx_HAL_Driver/Inc/stm32g4xx_ll_rcc.h:2117:22:LL_RCC_PLL_ConfigDomain_SYS	24	static
../Drivers/STM32G4xx_HAL_Driver/Inc/stm32g4xx_ll_rcc.h:2446:22:LL_RCC_PLL_EnableDomain_SYS	4	static
../Drivers/STM32G4xx_HAL_Driver/Inc/stm32g4xx_ll_bus.h:913:22:LL_APB1_GRP1_EnableClock	24	static
../Drivers/STM32G4xx_HAL_Driver/Inc/stm32g4xx_ll_bus.h:1139:22:LL_APB1_GRP1_ForceReset	16	static
../Drivers/STM32G4xx_HAL_Driver/Inc/stm32g4xx_ll_bus.h:1209:22:LL_APB1_GRP1_ReleaseReset	16	static
../Drivers/STM32G4xx_HAL_Driver/Inc/stm32g4xx_ll_bus.h:1427:22:LL_APB2_GRP1_EnableClock	24	static
../Drivers/STM32G4xx_HAL_Driver/Inc/stm32g4xx_ll_system.h:1289:22:LL_FLASH_SetLatency	16	static
../Drivers/STM32G4xx_HAL_Driver/Inc/stm32g4xx_ll_system.h:1317:26:LL_FLASH_GetLatency	4	static
../Drivers/STM32G4xx_HAL_Driver/Inc/stm32g4xx_ll_pwr.h:318:22:LL_PWR_SetRegulVoltageScaling	16	static
../Drivers/STM32G4xx_HAL_Driver/Inc/stm32g4xx_ll_pwr.h:496:22:LL_PWR_DisableUCPDDeadBattery	4	static
../Drivers/STM32G4xx_HAL_Driver/Inc/stm32g4xx_ll_tim.h:2023:22:LL_TIM_EnableCounter	16	static
../Drivers/STM32G4xx_HAL_Driver/Inc/stm32g4xx_ll_tim.h:2604:22:LL_TIM_CC_EnableChannel	16	static
../Core/Src/main.c:69:5:main	8	static
../Core/Src/main.c:136:6:SystemClock_Config	16	static
../Core/Src/main.c:187:6:Error_Handler	4	static,ignoring_inline_asm
