../Drivers/STM32G4xx_HAL_Driver/Inc/stm32g4xx_ll_lpuart.h:495:22:LL_LPUART_Enable	16	static
../Drivers/STM32G4xx_HAL_Driver/Inc/stm32g4xx_ll_lpuart.h:547:22:LL_LPUART_DisableFIFO	16	static
../Drivers/STM32G4xx_HAL_Driver/Inc/stm32g4xx_ll_lpuart.h:576:22:LL_LPUART_SetTXFIFOThreshold	40	static,ignoring_inline_asm
../Drivers/STM32G4xx_HAL_Driver/Inc/stm32g4xx_ll_lpuart.h:611:22:LL_LPUART_SetRXFIFOThreshold	40	static,ignoring_inline_asm
../Drivers/STM32G4xx_HAL_Driver/Inc/stm32g4xx_ll_lpuart.h:1760:26:LL_LPUART_IsActiveFlag_TEACK	16	static
../Drivers/STM32G4xx_HAL_Driver/Inc/stm32g4xx_ll_lpuart.h:1771:26:LL_LPUART_IsActiveFlag_REACK	16	static
../Drivers/STM32G4xx_HAL_Driver/Inc/stm32g4xx_ll_rcc.h:1559:22:LL_RCC_SetLPUARTClockSource	16	static
../Drivers/STM32G4xx_HAL_Driver/Inc/stm32g4xx_ll_bus.h:451:22:LL_AHB2_GRP1_EnableClock	24	static
../Drivers/STM32G4xx_HAL_Driver/Inc/stm32g4xx_ll_bus.h:935:22:LL_APB1_GRP2_EnableClock	24	static
../Core/Src/usart.c:29:6:MX_LPUART1_UART_Init	64	static
